Archive member included to satisfy reference by file (symbol)

e:/armgnu/10 2021.10/bin/../lib/gcc/arm-none-eabi/10.3.1/thumb/v7e-m/nofp\libgcc.a(_aeabi_uldivmod.o)
                              CMakeFiles/Screen_Demo.elf.dir/Drivers/STM32F4xx_HAL_Driver/Src/stm32f4xx_hal_rcc.c.obj (__aeabi_uldivmod)
e:/armgnu/10 2021.10/bin/../lib/gcc/arm-none-eabi/10.3.1/thumb/v7e-m/nofp\libgcc.a(_udivmoddi4.o)
                              e:/armgnu/10 2021.10/bin/../lib/gcc/arm-none-eabi/10.3.1/thumb/v7e-m/nofp\libgcc.a(_aeabi_uldivmod.o) (__udivmoddi4)
e:/armgnu/10 2021.10/bin/../lib/gcc/arm-none-eabi/10.3.1/thumb/v7e-m/nofp\libgcc.a(_dvmd_tls.o)
                              e:/armgnu/10 2021.10/bin/../lib/gcc/arm-none-eabi/10.3.1/thumb/v7e-m/nofp\libgcc.a(_aeabi_uldivmod.o) (__aeabi_ldiv0)
e:/armgnu/10 2021.10/bin/../lib/gcc/arm-none-eabi/10.3.1/../../../../arm-none-eabi/lib/thumb/v7e-m/nofp\libg.a(lib_a-errno.o)
                              CMakeFiles/Screen_Demo.elf.dir/Core/Src/syscalls.c.obj (__errno)
e:/armgnu/10 2021.10/bin/../lib/gcc/arm-none-eabi/10.3.1/../../../../arm-none-eabi/lib/thumb/v7e-m/nofp\libg.a(lib_a-exit.o)
                              e:/armgnu/10 2021.10/bin/../lib/gcc/arm-none-eabi/10.3.1/../../../../arm-none-eabi/lib/thumb/v7e-m/nofp/crt0.o (exit)
e:/armgnu/10 2021.10/bin/../lib/gcc/arm-none-eabi/10.3.1/../../../../arm-none-eabi/lib/thumb/v7e-m/nofp\libg.a(lib_a-impure.o)
                              e:/armgnu/10 2021.10/bin/../lib/gcc/arm-none-eabi/10.3.1/../../../../arm-none-eabi/lib/thumb/v7e-m/nofp\libg.a(lib_a-exit.o) (_global_impure_ptr)
e:/armgnu/10 2021.10/bin/../lib/gcc/arm-none-eabi/10.3.1/../../../../arm-none-eabi/lib/thumb/v7e-m/nofp\libg.a(lib_a-init.o)
                              e:/armgnu/10 2021.10/bin/../lib/gcc/arm-none-eabi/10.3.1/../../../../arm-none-eabi/lib/thumb/v7e-m/nofp/crt0.o (__libc_init_array)
e:/armgnu/10 2021.10/bin/../lib/gcc/arm-none-eabi/10.3.1/../../../../arm-none-eabi/lib/thumb/v7e-m/nofp\libg.a(lib_a-memcpy.o)
                              CMakeFiles/Screen_Demo.elf.dir/USB_DEVICE/App/usbd_cdc_if.c.obj (memcpy)
e:/armgnu/10 2021.10/bin/../lib/gcc/arm-none-eabi/10.3.1/../../../../arm-none-eabi/lib/thumb/v7e-m/nofp\libg.a(lib_a-memset.o)
                              e:/armgnu/10 2021.10/bin/../lib/gcc/arm-none-eabi/10.3.1/../../../../arm-none-eabi/lib/thumb/v7e-m/nofp/crt0.o (memset)
e:/armgnu/10 2021.10/bin/../lib/gcc/arm-none-eabi/10.3.1/../../../../arm-none-eabi/lib/thumb/v7e-m/nofp\libg.a(lib_a-strlen.o)
                              CMakeFiles/Screen_Demo.elf.dir/Core/Src/main.c.obj (strlen)
e:/armgnu/10 2021.10/bin/../lib/gcc/arm-none-eabi/10.3.1/../../../../arm-none-eabi/lib/thumb/v7e-m/nofp\libg.a(lib_a-__call_atexit.o)
                              e:/armgnu/10 2021.10/bin/../lib/gcc/arm-none-eabi/10.3.1/../../../../arm-none-eabi/lib/thumb/v7e-m/nofp\libg.a(lib_a-exit.o) (__call_exitprocs)
e:/armgnu/10 2021.10/bin/../lib/gcc/arm-none-eabi/10.3.1/../../../../arm-none-eabi/lib/thumb/v7e-m/nofp\libg.a(lib_a-atexit.o)
                              e:/armgnu/10 2021.10/bin/../lib/gcc/arm-none-eabi/10.3.1/../../../../arm-none-eabi/lib/thumb/v7e-m/nofp\libg.a(lib_a-__call_atexit.o) (atexit)
e:/armgnu/10 2021.10/bin/../lib/gcc/arm-none-eabi/10.3.1/../../../../arm-none-eabi/lib/thumb/v7e-m/nofp\libg.a(lib_a-fini.o)
                              e:/armgnu/10 2021.10/bin/../lib/gcc/arm-none-eabi/10.3.1/../../../../arm-none-eabi/lib/thumb/v7e-m/nofp\libg.a(lib_a-__call_atexit.o) (__libc_fini_array)
e:/armgnu/10 2021.10/bin/../lib/gcc/arm-none-eabi/10.3.1/../../../../arm-none-eabi/lib/thumb/v7e-m/nofp\libg.a(lib_a-lock.o)
                              e:/armgnu/10 2021.10/bin/../lib/gcc/arm-none-eabi/10.3.1/../../../../arm-none-eabi/lib/thumb/v7e-m/nofp\libg.a(lib_a-__call_atexit.o) (__retarget_lock_acquire_recursive)
e:/armgnu/10 2021.10/bin/../lib/gcc/arm-none-eabi/10.3.1/../../../../arm-none-eabi/lib/thumb/v7e-m/nofp\libg.a(lib_a-__atexit.o)
                              e:/armgnu/10 2021.10/bin/../lib/gcc/arm-none-eabi/10.3.1/../../../../arm-none-eabi/lib/thumb/v7e-m/nofp\libg.a(lib_a-atexit.o) (__register_exitproc)

Discarded input sections

 .text          0x00000000        0x0 e:/armgnu/10 2021.10/bin/../lib/gcc/arm-none-eabi/10.3.1/thumb/v7e-m/nofp/crti.o
 .data          0x00000000        0x0 e:/armgnu/10 2021.10/bin/../lib/gcc/arm-none-eabi/10.3.1/thumb/v7e-m/nofp/crti.o
 .bss           0x00000000        0x0 e:/armgnu/10 2021.10/bin/../lib/gcc/arm-none-eabi/10.3.1/thumb/v7e-m/nofp/crti.o
 .data          0x00000000        0x4 e:/armgnu/10 2021.10/bin/../lib/gcc/arm-none-eabi/10.3.1/thumb/v7e-m/nofp/crtbegin.o
 .rodata        0x00000000       0x24 e:/armgnu/10 2021.10/bin/../lib/gcc/arm-none-eabi/10.3.1/thumb/v7e-m/nofp/crtbegin.o
 .text          0x00000000       0x7c e:/armgnu/10 2021.10/bin/../lib/gcc/arm-none-eabi/10.3.1/../../../../arm-none-eabi/lib/thumb/v7e-m/nofp/crt0.o
[...]
Memory Configuration

Name             Origin             Length             Attributes
RAM              0x20000000         0x00020000         xrw
FLASH            0x08000000         0x00080000         xr
*default*        0x00000000         0xffffffff

Linker script and memory map

LOAD e:/armgnu/10 2021.10/bin/../lib/gcc/arm-none-eabi/10.3.1/thumb/v7e-m/nofp/crti.o
LOAD e:/armgnu/10 2021.10/bin/../lib/gcc/arm-none-eabi/10.3.1/thumb/v7e-m/nofp/crtbegin.o
LOAD e:/armgnu/10 2021.10/bin/../lib/gcc/arm-none-eabi/10.3.1/../../../../arm-none-eabi/lib/thumb/v7e-m/nofp/crt0.o
LOAD CMakeFiles/Screen_Demo.elf.dir/Core/Src/GFX_FUNCTIONS.c.obj
LOAD CMakeFiles/Screen_Demo.elf.dir/Core/Src/ST7735.c.obj
LOAD CMakeFiles/Screen_Demo.elf.dir/Core/Src/fonts.c.obj
LOAD CMakeFiles/Screen_Demo.elf.dir/Core/Src/gpio.c.obj
LOAD CMakeFiles/Screen_Demo.elf.dir/Core/Src/main.c.obj
LOAD CMakeFiles/Screen_Demo.elf.dir/Core/Src/spi.c.obj
LOAD CMakeFiles/Screen_Demo.elf.dir/Core/Src/stm32f4xx_hal_msp.c.obj
LOAD CMakeFiles/Screen_Demo.elf.dir/Core/Src/stm32f4xx_it.c.obj
LOAD CMakeFiles/Screen_Demo.elf.dir/Core/Src/syscalls.c.obj
LOAD CMakeFiles/Screen_Demo.elf.dir/Core/Src/sysmem.c.obj
LOAD CMakeFiles/Screen_Demo.elf.dir/Core/Src/system_stm32f4xx.c.obj
LOAD CMakeFiles/Screen_Demo.elf.dir/Core/Src/usart.c.obj
LOAD CMakeFiles/Screen_Demo.elf.dir/Core/Startup/startup_stm32f411ceux.s.obj
LOAD CMakeFiles/Screen_Demo.elf.dir/Drivers/STM32F4xx_HAL_Driver/Src/stm32f4xx_hal.c.obj
LOAD CMakeFiles/Screen_Demo.elf.dir/Drivers/STM32F4xx_HAL_Driver/Src/stm32f4xx_hal_cortex.c.obj
LOAD CMakeFiles/Screen_Demo.elf.dir/Drivers/STM32F4xx_HAL_Driver/Src/stm32f4xx_hal_dma.c.obj
LOAD CMakeFiles/Screen_Demo.elf.dir/Drivers/STM32F4xx_HAL_Driver/Src/stm32f4xx_hal_dma_ex.c.obj
LOAD CMakeFiles/Screen_Demo.elf.dir/Drivers/STM32F4xx_HAL_Driver/Src/stm32f4xx_hal_exti.c.obj
LOAD CMakeFiles/Screen_Demo.elf.dir/Drivers/STM32F4xx_HAL_Driver/Src/stm32f4xx_hal_flash.c.obj
LOAD CMakeFiles/Screen_Demo.elf.dir/Drivers/STM32F4xx_HAL_Driver/Src/stm32f4xx_hal_flash_ex.c.obj
LOAD CMakeFiles/Screen_Demo.elf.dir/Drivers/STM32F4xx_HAL_Driver/Src/stm32f4xx_hal_flash_ramfunc.c.obj
LOAD CMakeFiles/Screen_Demo.elf.dir/Drivers/STM32F4xx_HAL_Driver/Src/stm32f4xx_hal_gpio.c.obj
LOAD CMakeFiles/Screen_Demo.elf.dir/Drivers/STM32F4xx_HAL_Driver/Src/stm32f4xx_hal_pcd.c.obj
LOAD CMakeFiles/Screen_Demo.elf.dir/Drivers/STM32F4xx_HAL_Driver/Src/stm32f4xx_hal_pcd_ex.c.obj
LOAD CMakeFiles/Screen_Demo.elf.dir/Drivers/STM32F4xx_HAL_Driver/Src/stm32f4xx_hal_pwr.c.obj
LOAD CMakeFiles/Screen_Demo.elf.dir/Drivers/STM32F4xx_HAL_Driver/Src/stm32f4xx_hal_pwr_ex.c.obj
LOAD CMakeFiles/Screen_Demo.elf.dir/Drivers/STM32F4xx_HAL_Driver/Src/stm32f4xx_hal_rcc.c.obj
LOAD CMakeFiles/Screen_Demo.elf.dir/Drivers/STM32F4xx_HAL_Driver/Src/stm32f4xx_hal_rcc_ex.c.obj
LOAD CMakeFiles/Screen_Demo.elf.dir/Drivers/STM32F4xx_HAL_Driver/Src/stm32f4xx_hal_spi.c.obj
LOAD CMakeFiles/Screen_Demo.elf.dir/Drivers/STM32F4xx_HAL_Driver/Src/stm32f4xx_hal_tim.c.obj
LOAD CMakeFiles/Screen_Demo.elf.dir/Drivers/STM32F4xx_HAL_Driver/Src/stm32f4xx_hal_tim_ex.c.obj
LOAD CMakeFiles/Screen_Demo.elf.dir/Drivers/STM32F4xx_HAL_Driver/Src/stm32f4xx_hal_uart.c.obj
LOAD CMakeFiles/Screen_Demo.elf.dir/Drivers/STM32F4xx_HAL_Driver/Src/stm32f4xx_ll_usb.c.obj
LOAD CMakeFiles/Screen_Demo.elf.dir/Middlewares/ST/STM32_USB_Device_Library/Class/CDC/Src/usbd_cdc.c.obj
LOAD CMakeFiles/Screen_Demo.elf.dir/Middlewares/ST/STM32_USB_Device_Library/Core/Src/usbd_core.c.obj
LOAD CMakeFiles/Screen_Demo.elf.dir/Middlewares/ST/STM32_USB_Device_Library/Core/Src/usbd_ctlreq.c.obj
LOAD CMakeFiles/Screen_Demo.elf.dir/Middlewares/ST/STM32_USB_Device_Library/Core/Src/usbd_ioreq.c.obj
LOAD CMakeFiles/Screen_Demo.elf.dir/USB_DEVICE/App/usb_device.c.obj
LOAD CMakeFiles/Screen_Demo.elf.dir/USB_DEVICE/App/usbd_cdc_if.c.obj
LOAD CMakeFiles/Screen_Demo.elf.dir/USB_DEVICE/App/usbd_desc.c.obj
LOAD CMakeFiles/Screen_Demo.elf.dir/USB_DEVICE/Target/usbd_conf.c.obj
START GROUP
LOAD e:/armgnu/10 2021.10/bin/../lib/gcc/arm-none-eabi/10.3.1/thumb/v7e-m/nofp\libgcc.a
LOAD e:/armgnu/10 2021.10/bin/../lib/gcc/arm-none-eabi/10.3.1/../../../../arm-none-eabi/lib/thumb/v7e-m/nofp\libg.a
LOAD e:/armgnu/10 2021.10/bin/../lib/gcc/arm-none-eabi/10.3.1/../../../../arm-none-eabi/lib/thumb/v7e-m/nofp\libc.a
END GROUP
LOAD e:/armgnu/10 2021.10/bin/../lib/gcc/arm-none-eabi/10.3.1/thumb/v7e-m/nofp/crtend.o
LOAD e:/armgnu/10 2021.10/bin/../lib/gcc/arm-none-eabi/10.3.1/thumb/v7e-m/nofp/crtn.o
                0x20020000                _estack = (ORIGIN (RAM) + LENGTH (RAM))
                0x00000200                _Min_Heap_Size = 0x200
                0x00000400                _Min_Stack_Size = 0x400

.isr_vector     0x08000000      0x198
                0x08000000                . = ALIGN (0x4)
 *(.isr_vector)
 .isr_vector    0x08000000      0x198 CMakeFiles/Screen_Demo.elf.dir/Core/Startup/startup_stm32f411ceux.s.obj
                0x08000000                g_pfnVectors
                0x08000198                . = ALIGN (0x4)

.text           0x08000198     0x50f4
                0x08000198                . = ALIGN (0x4)
 *(.text)
 .text          0x08000198       0x40 e:/armgnu/10 2021.10/bin/../lib/gcc/arm-none-eabi/10.3.1/thumb/v7e-m/nofp/crtbegin.o
 .text          0x080001d8       0x30 e:/armgnu/10 2021.10/bin/../lib/gcc/arm-none-eabi/10.3.1/thumb/v7e-m/nofp\libgcc.a(_aeabi_uldivmod.o)
                0x080001d8                __aeabi_uldivmod
 .text          0x08000208      0x2d0 e:/armgnu/10 2021.10/bin/../lib/gcc/arm-none-eabi/10.3.1/thumb/v7e-m/nofp\libgcc.a(_udivmoddi4.o)
                0x08000208                __udivmoddi4
 .text          0x080004d8        0x4 e:/armgnu/10 2021.10/bin/../lib/gcc/arm-none-eabi/10.3.1/thumb/v7e-m/nofp\libgcc.a(_dvmd_tls.o)
                0x080004d8                __aeabi_idiv0
                0x080004d8                __aeabi_ldiv0
 .text          0x080004dc      0x134 e:/armgnu/10 2021.10/bin/../lib/gcc/arm-none-eabi/10.3.1/../../../../arm-none-eabi/lib/thumb/v7e-m/nofp\libg.a(lib_a-memcpy.o)
                0x080004dc                memcpy
 *(.text*)
 .text.fillRect
                0x08000610       0x1a CMakeFiles/Screen_Demo.elf.dir/Core/Src/GFX_FUNCTIONS.c.obj
                0x08000610                fillRect
 *fill*         0x0800062a        0x2 
 .text.fillScreen
                0x0800062c       0x28 CMakeFiles/Screen_Demo.elf.dir/Core/Src/GFX_FUNCTIONS.c.obj
                0x0800062c                fillScreen
 .text.ST7735_Select
                0x08000654       0x14 CMakeFiles/Screen_Demo.elf.dir/Core/Src/ST7735.c.obj
                0x08000654                ST7735_Select
 .text.ST7735_Unselect
                0x08000668       0x14 CMakeFiles/Screen_Demo.elf.dir/Core/Src/ST7735.c.obj
                0x08000668                ST7735_Unselect
 .text.ST7735_Reset
                0x0800067c       0x24 CMakeFiles/Screen_Demo.elf.dir/Core/Src/ST7735.c.obj
                0x0800067c                ST7735_Reset
 .text.ST7735_WriteCommand
                0x080006a0       0x34 CMakeFiles/Screen_Demo.elf.dir/Core/Src/ST7735.c.obj
                0x080006a0                ST7735_WriteCommand
 .text.ST7735_WriteData
                0x080006d4       0x34 CMakeFiles/Screen_Demo.elf.dir/Core/Src/ST7735.c.obj
                0x080006d4                ST7735_WriteData
 .text.DisplayInit
                0x08000708       0x4c CMakeFiles/Screen_Demo.elf.dir/Core/Src/ST7735.c.obj
                0x08000708                DisplayInit
 .text.ST7735_SetAddressWindow
                0x08000754       0x68 CMakeFiles/Screen_Demo.elf.dir/Core/Src/ST7735.c.obj
                0x08000754                ST7735_SetAddressWindow
 .text.ST7735_SetRotation
                0x080007bc       0xe0 CMakeFiles/Screen_Demo.elf.dir/Core/Src/ST7735.c.obj
                0x080007bc                ST7735_SetRotation
 .text.ST7735_Init
                0x0800089c       0x48 CMakeFiles/Screen_Demo.elf.dir/Core/Src/ST7735.c.obj
                0x0800089c                ST7735_Init
 .text.ST7735_FillRectangle
                0x080008e4       0xb0 CMakeFiles/Screen_Demo.elf.dir/Core/Src/ST7735.c.obj
                0x080008e4                ST7735_FillRectangle
 .text.ST7735_DrawImage
                0x08000994       0x64 CMakeFiles/Screen_Demo.elf.dir/Core/Src/ST7735.c.obj
                0x08000994                ST7735_DrawImage
 .text.MX_GPIO_Init
                0x080009f8       0xe0 CMakeFiles/Screen_Demo.elf.dir/Core/Src/gpio.c.obj
                0x080009f8                MX_GPIO_Init
 .text.Error_Handler
                0x08000ad8        0x4 CMakeFiles/Screen_Demo.elf.dir/Core/Src/main.c.obj
                0x08000ad8                Error_Handler
 .text.SystemClock_Config
                0x08000adc       0xa4 CMakeFiles/Screen_Demo.elf.dir/Core/Src/main.c.obj
                0x08000adc                SystemClock_Config
 .text.main     0x08000b80       0x50 CMakeFiles/Screen_Demo.elf.dir/Core/Src/main.c.obj
                0x08000b80                main
 .text.MX_SPI1_Init
                0x08000bd0       0x48 CMakeFiles/Screen_Demo.elf.dir/Core/Src/spi.c.obj
                0x08000bd0                MX_SPI1_Init
 .text.HAL_SPI_MspInit
                0x08000c18       0x70 CMakeFiles/Screen_Demo.elf.dir/Core/Src/spi.c.obj
                0x08000c18                HAL_SPI_MspInit
 .text.HAL_MspInit
                0x08000c88       0x38 CMakeFiles/Screen_Demo.elf.dir/Core/Src/stm32f4xx_hal_msp.c.obj
                0x08000c88                HAL_MspInit
 .text.NMI_Handler
                0x08000cc0        0x2 CMakeFiles/Screen_Demo.elf.dir/Core/Src/stm32f4xx_it.c.obj
                0x08000cc0                NMI_Handler
 .text.HardFault_Handler
                0x08000cc2        0x2 CMakeFiles/Screen_Demo.elf.dir/Core/Src/stm32f4xx_it.c.obj
                0x08000cc2                HardFault_Handler
 .text.MemManage_Handler
                0x08000cc4        0x2 CMakeFiles/Screen_Demo.elf.dir/Core/Src/stm32f4xx_it.c.obj
                0x08000cc4                MemManage_Handler
 .text.BusFault_Handler
                0x08000cc6        0x2 CMakeFiles/Screen_Demo.elf.dir/Core/Src/stm32f4xx_it.c.obj
                0x08000cc6                BusFault_Handler
 .text.UsageFault_Handler
                0x08000cc8        0x2 CMakeFiles/Screen_Demo.elf.dir/Core/Src/stm32f4xx_it.c.obj
                0x08000cc8                UsageFault_Handler
 .text.SVC_Handler
                0x08000cca        0x2 CMakeFiles/Screen_Demo.elf.dir/Core/Src/stm32f4xx_it.c.obj
                0x08000cca                SVC_Handler
 .text.DebugMon_Handler
                0x08000ccc        0x2 CMakeFiles/Screen_Demo.elf.dir/Core/Src/stm32f4xx_it.c.obj
                0x08000ccc                DebugMon_Handler
 .text.PendSV_Handler
                0x08000cce        0x2 CMakeFiles/Screen_Demo.elf.dir/Core/Src/stm32f4xx_it.c.obj
                0x08000cce                PendSV_Handler
 .text.SysTick_Handler
                0x08000cd0        0x8 CMakeFiles/Screen_Demo.elf.dir/Core/Src/stm32f4xx_it.c.obj
                0x08000cd0                SysTick_Handler
 .text.USART1_IRQHandler
                0x08000cd8       0x10 CMakeFiles/Screen_Demo.elf.dir/Core/Src/stm32f4xx_it.c.obj
                0x08000cd8                USART1_IRQHandler
 .text.OTG_FS_IRQHandler
                0x08000ce8       0x10 CMakeFiles/Screen_Demo.elf.dir/Core/Src/stm32f4xx_it.c.obj
                0x08000ce8                OTG_FS_IRQHandler
 .text.SystemInit
                0x08000cf8        0x2 CMakeFiles/Screen_Demo.elf.dir/Core/Src/system_stm32f4xx.c.obj
                0x08000cf8                SystemInit
 *fill*         0x08000cfa        0x2 
 .text.MX_USART1_UART_Init
                0x08000cfc       0x34 CMakeFiles/Screen_Demo.elf.dir/Core/Src/usart.c.obj
                0x08000cfc                MX_USART1_UART_Init
 .text.HAL_UART_MspInit
                0x08000d30       0x80 CMakeFiles/Screen_Demo.elf.dir/Core/Src/usart.c.obj
                0x08000d30                HAL_UART_MspInit
 .text.Reset_Handler
                0x08000db0       0x50 CMakeFiles/Screen_Demo.elf.dir/Core/Startup/startup_stm32f411ceux.s.obj
                0x08000db0                Reset_Handler
 .text.Default_Handler
                0x08000e00        0x2 CMakeFiles/Screen_Demo.elf.dir/Core/Startup/startup_stm32f411ceux.s.obj
                0x08000e00                RTC_Alarm_IRQHandler
                0x08000e00                EXTI2_IRQHandler
                0x08000e00                SPI4_IRQHandler
                0x08000e00                TIM1_CC_IRQHandler
                0x08000e00                DMA2_Stream5_IRQHandler
                0x08000e00                DMA1_Stream5_IRQHandler
                0x08000e00                PVD_IRQHandler
                0x08000e00                SDIO_IRQHandler
                0x08000e00                TAMP_STAMP_IRQHandler
                0x08000e00                EXTI3_IRQHandler
                0x08000e00                TIM1_UP_TIM10_IRQHandler
                0x08000e00                I2C3_ER_IRQHandler
                0x08000e00                EXTI0_IRQHandler
                0x08000e00                I2C2_EV_IRQHandler
                0x08000e00                DMA1_Stream2_IRQHandler
                0x08000e00                FPU_IRQHandler
                0x08000e00                DMA2_Stream2_IRQHandler
                0x08000e00                SPI1_IRQHandler
                0x08000e00                TIM1_BRK_TIM9_IRQHandler
                0x08000e00                DMA2_Stream3_IRQHandler
                0x08000e00                USART6_IRQHandler
                0x08000e00                DMA2_Stream0_IRQHandler
                0x08000e00                TIM4_IRQHandler
                0x08000e00                I2C1_EV_IRQHandler
                0x08000e00                DMA1_Stream6_IRQHandler
                0x08000e00                DMA1_Stream1_IRQHandler
                0x08000e00                TIM3_IRQHandler
                0x08000e00                RCC_IRQHandler
                0x08000e00                Default_Handler
                0x08000e00                EXTI15_10_IRQHandler
                0x08000e00                ADC_IRQHandler
                0x08000e00                DMA1_Stream7_IRQHandler
                0x08000e00                SPI5_IRQHandler
                0x08000e00                TIM5_IRQHandler
                0x08000e00                DMA2_Stream7_IRQHandler
                0x08000e00                I2C3_EV_IRQHandler
                0x08000e00                EXTI9_5_IRQHandler
                0x08000e00                RTC_WKUP_IRQHandler
                0x08000e00                SPI2_IRQHandler
                0x08000e00                DMA1_Stream0_IRQHandler
                0x08000e00                EXTI4_IRQHandler
                0x08000e00                WWDG_IRQHandler
                0x08000e00                TIM2_IRQHandler
                0x08000e00                OTG_FS_WKUP_IRQHandler
                0x08000e00                TIM1_TRG_COM_TIM11_IRQHandler
                0x08000e00                EXTI1_IRQHandler
                0x08000e00                USART2_IRQHandler
                0x08000e00                I2C2_ER_IRQHandler
                0x08000e00                DMA2_Stream1_IRQHandler
                0x08000e00                FLASH_IRQHandler
                0x08000e00                DMA2_Stream4_IRQHandler
                0x08000e00                SPI3_IRQHandler
                0x08000e00                DMA1_Stream4_IRQHandler
                0x08000e00                I2C1_ER_IRQHandler
                0x08000e00                DMA2_Stream6_IRQHandler
                0x08000e00                DMA1_Stream3_IRQHandler
 *fill*         0x08000e02        0x2 
 .text.HAL_InitTick
                0x08000e04       0x4c CMakeFiles/Screen_Demo.elf.dir/Drivers/STM32F4xx_HAL_Driver/Src/stm32f4xx_hal.c.obj
                0x08000e04                HAL_InitTick
 .text.HAL_Init
                0x08000e50       0x34 CMakeFiles/Screen_Demo.elf.dir/Drivers/STM32F4xx_HAL_Driver/Src/stm32f4xx_hal.c.obj
                0x08000e50                HAL_Init
 .text.HAL_IncTick
                0x08000e84       0x18 CMakeFiles/Screen_Demo.elf.dir/Drivers/STM32F4xx_HAL_Driver/Src/stm32f4xx_hal.c.obj
                0x08000e84                HAL_IncTick
 .text.HAL_GetTick
                0x08000e9c        0xc CMakeFiles/Screen_Demo.elf.dir/Drivers/STM32F4xx_HAL_Driver/Src/stm32f4xx_hal.c.obj
                0x08000e9c                HAL_GetTick
 .text.HAL_Delay
                0x08000ea8       0x28 CMakeFiles/Screen_Demo.elf.dir/Drivers/STM32F4xx_HAL_Driver/Src/stm32f4xx_hal.c.obj
                0x08000ea8                HAL_Delay
 .text.HAL_NVIC_SetPriorityGrouping
                0x08000ed0       0x24 CMakeFiles/Screen_Demo.elf.dir/Drivers/STM32F4xx_HAL_Driver/Src/stm32f4xx_hal_cortex.c.obj
                0x08000ed0                HAL_NVIC_SetPriorityGrouping
 .text.HAL_NVIC_SetPriority
                0x08000ef4       0x70 CMakeFiles/Screen_Demo.elf.dir/Drivers/STM32F4xx_HAL_Driver/Src/stm32f4xx_hal_cortex.c.obj
                0x08000ef4                HAL_NVIC_SetPriority
 .text.HAL_NVIC_EnableIRQ
                0x08000f64       0x1c CMakeFiles/Screen_Demo.elf.dir/Drivers/STM32F4xx_HAL_Driver/Src/stm32f4xx_hal_cortex.c.obj
                0x08000f64                HAL_NVIC_EnableIRQ
 .text.HAL_SYSTICK_Config
                0x08000f80       0x28 CMakeFiles/Screen_Demo.elf.dir/Drivers/STM32F4xx_HAL_Driver/Src/stm32f4xx_hal_cortex.c.obj
                0x08000f80                HAL_SYSTICK_Config
 .text.HAL_DMA_Abort
                0x08000fa8       0x94 CMakeFiles/Screen_Demo.elf.dir/Drivers/STM32F4xx_HAL_Driver/Src/stm32f4xx_hal_dma.c.obj
                0x08000fa8                HAL_DMA_Abort
 .text.HAL_DMA_Abort_IT
                0x0800103c       0x26 CMakeFiles/Screen_Demo.elf.dir/Drivers/STM32F4xx_HAL_Driver/Src/stm32f4xx_hal_dma.c.obj
                0x0800103c                HAL_DMA_Abort_IT
 *fill*         0x08001062        0x2 
 .text.HAL_GPIO_Init
                0x08001064      0x1c0 CMakeFiles/Screen_Demo.elf.dir/Drivers/STM32F4xx_HAL_Driver/Src/stm32f4xx_hal_gpio.c.obj
                0x08001064                HAL_GPIO_Init
 .text.HAL_GPIO_WritePin
                0x08001224        0xc CMakeFiles/Screen_Demo.elf.dir/Drivers/STM32F4xx_HAL_Driver/Src/stm32f4xx_hal_gpio.c.obj
                0x08001224                HAL_GPIO_WritePin
 .text.PCD_WriteEmptyTxFifo
                0x08001230       0xd0 CMakeFiles/Screen_Demo.elf.dir/Drivers/STM32F4xx_HAL_Driver/Src/stm32f4xx_hal_pcd.c.obj
 .text.HAL_PCD_Init
                0x08001300      0x12e CMakeFiles/Screen_Demo.elf.dir/Drivers/STM32F4xx_HAL_Driver/Src/stm32f4xx_hal_pcd.c.obj
                0x08001300                HAL_PCD_Init
 .text.HAL_PCD_Start
                0x0800142e       0x42 CMakeFiles/Screen_Demo.elf.dir/Drivers/STM32F4xx_HAL_Driver/Src/stm32f4xx_hal_pcd.c.obj
                0x0800142e                HAL_PCD_Start
 .text.PCD_EP_OutXfrComplete_int
                0x08001470      0x104 CMakeFiles/Screen_Demo.elf.dir/Drivers/STM32F4xx_HAL_Driver/Src/stm32f4xx_hal_pcd.c.obj
 .text.PCD_EP_OutSetupPacket_int
                0x08001574       0x50 CMakeFiles/Screen_Demo.elf.dir/Drivers/STM32F4xx_HAL_Driver/Src/stm32f4xx_hal_pcd.c.obj
 .text.HAL_PCD_SetAddress
                0x080015c4       0x28 CMakeFiles/Screen_Demo.elf.dir/Drivers/STM32F4xx_HAL_Driver/Src/stm32f4xx_hal_pcd.c.obj
                0x080015c4                HAL_PCD_SetAddress
 .text.HAL_PCD_EP_Open
                0x080015ec       0x8a CMakeFiles/Screen_Demo.elf.dir/Drivers/STM32F4xx_HAL_Driver/Src/stm32f4xx_hal_pcd.c.obj
                0x080015ec                HAL_PCD_EP_Open
 .text.HAL_PCD_EP_Close
                0x08001676       0x72 CMakeFiles/Screen_Demo.elf.dir/Drivers/STM32F4xx_HAL_Driver/Src/stm32f4xx_hal_pcd.c.obj
                0x08001676                HAL_PCD_EP_Close
 .text.HAL_PCD_EP_Receive
                0x080016e8       0x5e CMakeFiles/Screen_Demo.elf.dir/Drivers/STM32F4xx_HAL_Driver/Src/stm32f4xx_hal_pcd.c.obj
                0x080016e8                HAL_PCD_EP_Receive
 .text.HAL_PCD_EP_GetRxCount
                0x08001746       0x12 CMakeFiles/Screen_Demo.elf.dir/Drivers/STM32F4xx_HAL_Driver/Src/stm32f4xx_hal_pcd.c.obj
                0x08001746                HAL_PCD_EP_GetRxCount
 .text.HAL_PCD_EP_Transmit
                0x08001758       0x5e CMakeFiles/Screen_Demo.elf.dir/Drivers/STM32F4xx_HAL_Driver/Src/stm32f4xx_hal_pcd.c.obj
                0x08001758                HAL_PCD_EP_Transmit
 .text.HAL_PCD_EP_SetStall
                0x080017b6       0x88 CMakeFiles/Screen_Demo.elf.dir/Drivers/STM32F4xx_HAL_Driver/Src/stm32f4xx_hal_pcd.c.obj
                0x080017b6                HAL_PCD_EP_SetStall
 .text.HAL_PCD_EP_ClrStall
                0x0800183e       0x76 CMakeFiles/Screen_Demo.elf.dir/Drivers/STM32F4xx_HAL_Driver/Src/stm32f4xx_hal_pcd.c.obj
                0x0800183e                HAL_PCD_EP_ClrStall
 .text.HAL_PCD_EP_Abort
                0x080018b4       0x34 CMakeFiles/Screen_Demo.elf.dir/Drivers/STM32F4xx_HAL_Driver/Src/stm32f4xx_hal_pcd.c.obj
                0x080018b4                HAL_PCD_EP_Abort
 .text.HAL_PCD_IRQHandler
                0x080018e8      0x5c4 CMakeFiles/Screen_Demo.elf.dir/Drivers/STM32F4xx_HAL_Driver/Src/stm32f4xx_hal_pcd.c.obj
                0x080018e8                HAL_PCD_IRQHandler
 .text.HAL_PCDEx_SetTxFiFo
                0x08001eac       0x4a CMakeFiles/Screen_Demo.elf.dir/Drivers/STM32F4xx_HAL_Driver/Src/stm32f4xx_hal_pcd_ex.c.obj
                0x08001eac                HAL_PCDEx_SetTxFiFo
 .text.HAL_PCDEx_SetRxFiFo
                0x08001ef6        0x8 CMakeFiles/Screen_Demo.elf.dir/Drivers/STM32F4xx_HAL_Driver/Src/stm32f4xx_hal_pcd_ex.c.obj
                0x08001ef6                HAL_PCDEx_SetRxFiFo
 .text.HAL_PCDEx_LPM_Callback
                0x08001efe        0x2 CMakeFiles/Screen_Demo.elf.dir/Drivers/STM32F4xx_HAL_Driver/Src/stm32f4xx_hal_pcd_ex.c.obj
                0x08001efe                HAL_PCDEx_LPM_Callback
 .text.HAL_RCC_OscConfig
                0x08001f00      0x3f8 CMakeFiles/Screen_Demo.elf.dir/Drivers/STM32F4xx_HAL_Driver/Src/stm32f4xx_hal_rcc.c.obj
                0x08001f00                HAL_RCC_OscConfig
 .text.HAL_RCC_GetSysClockFreq
                0x080022f8       0xa4 CMakeFiles/Screen_Demo.elf.dir/Drivers/STM32F4xx_HAL_Driver/Src/stm32f4xx_hal_rcc.c.obj
                0x080022f8                HAL_RCC_GetSysClockFreq
 .text.HAL_RCC_ClockConfig
                0x0800239c      0x160 CMakeFiles/Screen_Demo.elf.dir/Drivers/STM32F4xx_HAL_Driver/Src/stm32f4xx_hal_rcc.c.obj
                0x0800239c                HAL_RCC_ClockConfig
 .text.HAL_RCC_GetHCLKFreq
                0x080024fc        0xc CMakeFiles/Screen_Demo.elf.dir/Drivers/STM32F4xx_HAL_Driver/Src/stm32f4xx_hal_rcc.c.obj
                0x080024fc                HAL_RCC_GetHCLKFreq
 .text.HAL_RCC_GetPCLK1Freq
                0x08002508       0x20 CMakeFiles/Screen_Demo.elf.dir/Drivers/STM32F4xx_HAL_Driver/Src/stm32f4xx_hal_rcc.c.obj
                0x08002508                HAL_RCC_GetPCLK1Freq
 .text.HAL_RCC_GetPCLK2Freq
                0x08002528       0x20 CMakeFiles/Screen_Demo.elf.dir/Drivers/STM32F4xx_HAL_Driver/Src/stm32f4xx_hal_rcc.c.obj
                0x08002528                HAL_RCC_GetPCLK2Freq
 .text.SPI_WaitFlagStateUntilTimeout
                0x08002548       0xd4 CMakeFiles/Screen_Demo.elf.dir/Drivers/STM32F4xx_HAL_Driver/Src/stm32f4xx_hal_spi.c.obj
 .text.SPI_EndRxTxTransaction
                0x0800261c       0x68 CMakeFiles/Screen_Demo.elf.dir/Drivers/STM32F4xx_HAL_Driver/Src/stm32f4xx_hal_spi.c.obj
 .text.HAL_SPI_Init
                0x08002684       0xbe CMakeFiles/Screen_Demo.elf.dir/Drivers/STM32F4xx_HAL_Driver/Src/stm32f4xx_hal_spi.c.obj
                0x08002684                HAL_SPI_Init
 .text.HAL_SPI_Transmit
                0x08002742      0x1b8 CMakeFiles/Screen_Demo.elf.dir/Drivers/STM32F4xx_HAL_Driver/Src/stm32f4xx_hal_spi.c.obj
                0x08002742                HAL_SPI_Transmit
 .text.UART_EndRxTransfer
                0x080028fa       0x5c CMakeFiles/Screen_Demo.elf.dir/Drivers/STM32F4xx_HAL_Driver/Src/stm32f4xx_hal_uart.c.obj
 .text.UART_Transmit_IT
                0x08002956       0x60 CMakeFiles/Screen_Demo.elf.dir/Drivers/STM32F4xx_HAL_Driver/Src/stm32f4xx_hal_uart.c.obj
 *fill*         0x080029b6        0x2 
 .text.UART_SetConfig
                0x080029b8      0x110 CMakeFiles/Screen_Demo.elf.dir/Drivers/STM32F4xx_HAL_Driver/Src/stm32f4xx_hal_uart.c.obj
 .text.HAL_UART_Init
                0x08002ac8       0x5e CMakeFiles/Screen_Demo.elf.dir/Drivers/STM32F4xx_HAL_Driver/Src/stm32f4xx_hal_uart.c.obj
                0x08002ac8                HAL_UART_Init
 .text.HAL_UART_TxCpltCallback
                0x08002b26        0x2 CMakeFiles/Screen_Demo.elf.dir/Drivers/STM32F4xx_HAL_Driver/Src/stm32f4xx_hal_uart.c.obj
                0x08002b26                HAL_UART_TxCpltCallback
 .text.UART_EndTransmit_IT
                0x08002b28       0x1a CMakeFiles/Screen_Demo.elf.dir/Drivers/STM32F4xx_HAL_Driver/Src/stm32f4xx_hal_uart.c.obj
 .text.HAL_UART_RxCpltCallback
                0x08002b42        0x2 CMakeFiles/Screen_Demo.elf.dir/Drivers/STM32F4xx_HAL_Driver/Src/stm32f4xx_hal_uart.c.obj
                0x08002b42                HAL_UART_RxCpltCallback
 .text.HAL_UART_ErrorCallback
                0x08002b44        0x2 CMakeFiles/Screen_Demo.elf.dir/Drivers/STM32F4xx_HAL_Driver/Src/stm32f4xx_hal_uart.c.obj
                0x08002b44                HAL_UART_ErrorCallback
 .text.UART_DMAAbortOnError
                0x08002b46       0x10 CMakeFiles/Screen_Demo.elf.dir/Drivers/STM32F4xx_HAL_Driver/Src/stm32f4xx_hal_uart.c.obj
 .text.HAL_UARTEx_RxEventCallback
                0x08002b56        0x2 CMakeFiles/Screen_Demo.elf.dir/Drivers/STM32F4xx_HAL_Driver/Src/stm32f4xx_hal_uart.c.obj
                0x08002b56                HAL_UARTEx_RxEventCallback
 .text.UART_Receive_IT
                0x08002b58       0xe2 CMakeFiles/Screen_Demo.elf.dir/Drivers/STM32F4xx_HAL_Driver/Src/stm32f4xx_hal_uart.c.obj
 *fill*         0x08002c3a        0x2 
 .text.HAL_UART_IRQHandler
                0x08002c3c      0x280 CMakeFiles/Screen_Demo.elf.dir/Drivers/STM32F4xx_HAL_Driver/Src/stm32f4xx_hal_uart.c.obj
                0x08002c3c                HAL_UART_IRQHandler
 .text.USB_CoreReset
                0x08002ebc       0x50 CMakeFiles/Screen_Demo.elf.dir/Drivers/STM32F4xx_HAL_Driver/Src/stm32f4xx_ll_usb.c.obj
 .text.USB_CoreInit
                0x08002f0c       0x8a CMakeFiles/Screen_Demo.elf.dir/Drivers/STM32F4xx_HAL_Driver/Src/stm32f4xx_ll_usb.c.obj
                0x08002f0c                USB_CoreInit
 *fill*         0x08002f96        0x2 
 .text.USB_SetTurnaroundTime
                0x08002f98       0xe4 CMakeFiles/Screen_Demo.elf.dir/Drivers/STM32F4xx_HAL_Driver/Src/stm32f4xx_ll_usb.c.obj
                0x08002f98                USB_SetTurnaroundTime
 .text.USB_EnableGlobalInt
                0x0800307c        0xc CMakeFiles/Screen_Demo.elf.dir/Drivers/STM32F4xx_HAL_Driver/Src/stm32f4xx_ll_usb.c.obj
                0x0800307c                USB_EnableGlobalInt
 .text.USB_DisableGlobalInt
                0x08003088        0xc CMakeFiles/Screen_Demo.elf.dir/Drivers/STM32F4xx_HAL_Driver/Src/stm32f4xx_ll_usb.c.obj
                0x08003088                USB_DisableGlobalInt
 .text.USB_FlushTxFifo
                0x08003094       0x50 CMakeFiles/Screen_Demo.elf.dir/Drivers/STM32F4xx_HAL_Driver/Src/stm32f4xx_ll_usb.c.obj
                0x08003094                USB_FlushTxFifo
 .text.USB_FlushRxFifo
                0x080030e4       0x4c CMakeFiles/Screen_Demo.elf.dir/Drivers/STM32F4xx_HAL_Driver/Src/stm32f4xx_ll_usb.c.obj
                0x080030e4                USB_FlushRxFifo
 .text.USB_SetDevSpeed
                0x08003130        0xe CMakeFiles/Screen_Demo.elf.dir/Drivers/STM32F4xx_HAL_Driver/Src/stm32f4xx_ll_usb.c.obj
                0x08003130                USB_SetDevSpeed
 *fill*         0x0800313e        0x2 
 .text.USB_DevInit
                0x08003140      0x190 CMakeFiles/Screen_Demo.elf.dir/Drivers/STM32F4xx_HAL_Driver/Src/stm32f4xx_ll_usb.c.obj
                0x08003140                USB_DevInit
 .text.USB_GetDevSpeed
                0x080032d0       0x22 CMakeFiles/Screen_Demo.elf.dir/Drivers/STM32F4xx_HAL_Driver/Src/stm32f4xx_ll_usb.c.obj
                0x080032d0                USB_GetDevSpeed
 .text.USB_ActivateEndpoint
                0x080032f2       0x9c CMakeFiles/Screen_Demo.elf.dir/Drivers/STM32F4xx_HAL_Driver/Src/stm32f4xx_ll_usb.c.obj
                0x080032f2                USB_ActivateEndpoint
 *fill*         0x0800338e        0x2 
 .text.USB_DeactivateEndpoint
                0x08003390       0xe0 CMakeFiles/Screen_Demo.elf.dir/Drivers/STM32F4xx_HAL_Driver/Src/stm32f4xx_ll_usb.c.obj
                0x08003390                USB_DeactivateEndpoint
 .text.USB_EP0StartXfer
                0x08003470      0x128 CMakeFiles/Screen_Demo.elf.dir/Drivers/STM32F4xx_HAL_Driver/Src/stm32f4xx_ll_usb.c.obj
                0x08003470                USB_EP0StartXfer
 .text.USB_EPStopXfer
                0x08003598       0xbc CMakeFiles/Screen_Demo.elf.dir/Drivers/STM32F4xx_HAL_Driver/Src/stm32f4xx_ll_usb.c.obj
                0x08003598                USB_EPStopXfer
 .text.USB_WritePacket
                0x08003654       0x2e CMakeFiles/Screen_Demo.elf.dir/Drivers/STM32F4xx_HAL_Driver/Src/stm32f4xx_ll_usb.c.obj
                0x08003654                USB_WritePacket
 *fill*         0x08003682        0x2 
 .text.USB_EPStartXfer
                0x08003684      0x234 CMakeFiles/Screen_Demo.elf.dir/Drivers/STM32F4xx_HAL_Driver/Src/stm32f4xx_ll_usb.c.obj
                0x08003684                USB_EPStartXfer
 .text.USB_ReadPacket
                0x080038b8       0x54 CMakeFiles/Screen_Demo.elf.dir/Drivers/STM32F4xx_HAL_Driver/Src/stm32f4xx_ll_usb.c.obj
                0x080038b8                USB_ReadPacket
 .text.USB_EPSetStall
                0x0800390c       0x5a CMakeFiles/Screen_Demo.elf.dir/Drivers/STM32F4xx_HAL_Driver/Src/stm32f4xx_ll_usb.c.obj
                0x0800390c                USB_EPSetStall
 .text.USB_EPClearStall
                0x08003966       0x5c CMakeFiles/Screen_Demo.elf.dir/Drivers/STM32F4xx_HAL_Driver/Src/stm32f4xx_ll_usb.c.obj
                0x08003966                USB_EPClearStall
 .text.USB_SetDevAddress
                0x080039c2       0x20 CMakeFiles/Screen_Demo.elf.dir/Drivers/STM32F4xx_HAL_Driver/Src/stm32f4xx_ll_usb.c.obj
                0x080039c2                USB_SetDevAddress
 .text.USB_DevConnect
                0x080039e2       0x1c CMakeFiles/Screen_Demo.elf.dir/Drivers/STM32F4xx_HAL_Driver/Src/stm32f4xx_ll_usb.c.obj
                0x080039e2                USB_DevConnect
 .text.USB_DevDisconnect
                0x080039fe       0x1c CMakeFiles/Screen_Demo.elf.dir/Drivers/STM32F4xx_HAL_Driver/Src/stm32f4xx_ll_usb.c.obj
                0x080039fe                USB_DevDisconnect
 .text.USB_ReadInterrupts
                0x08003a1a        0x8 CMakeFiles/Screen_Demo.elf.dir/Drivers/STM32F4xx_HAL_Driver/Src/stm32f4xx_ll_usb.c.obj
                0x08003a1a                USB_ReadInterrupts
 .text.USB_ReadDevAllOutEpInterrupt
                0x08003a22       0x10 CMakeFiles/Screen_Demo.elf.dir/Drivers/STM32F4xx_HAL_Driver/Src/stm32f4xx_ll_usb.c.obj
                0x08003a22                USB_ReadDevAllOutEpInterrupt
 .text.USB_ReadDevAllInEpInterrupt
                0x08003a32       0x10 CMakeFiles/Screen_Demo.elf.dir/Drivers/STM32F4xx_HAL_Driver/Src/stm32f4xx_ll_usb.c.obj
                0x08003a32                USB_ReadDevAllInEpInterrupt
 .text.USB_ReadDevOutEPInterrupt
                0x08003a42       0x12 CMakeFiles/Screen_Demo.elf.dir/Drivers/STM32F4xx_HAL_Driver/Src/stm32f4xx_ll_usb.c.obj
                0x08003a42                USB_ReadDevOutEPInterrupt
 .text.USB_ReadDevInEPInterrupt
                0x08003a54       0x26 CMakeFiles/Screen_Demo.elf.dir/Drivers/STM32F4xx_HAL_Driver/Src/stm32f4xx_ll_usb.c.obj
                0x08003a54                USB_ReadDevInEPInterrupt
 .text.USB_GetMode
                0x08003a7a        0x8 CMakeFiles/Screen_Demo.elf.dir/Drivers/STM32F4xx_HAL_Driver/Src/stm32f4xx_ll_usb.c.obj
                0x08003a7a                USB_GetMode
 .text.USB_SetCurrentMode
                0x08003a82       0x62 CMakeFiles/Screen_Demo.elf.dir/Drivers/STM32F4xx_HAL_Driver/Src/stm32f4xx_ll_usb.c.obj
                0x08003a82                USB_SetCurrentMode
 .text.USB_ActivateSetup
                0x08003ae4       0x20 CMakeFiles/Screen_Demo.elf.dir/Drivers/STM32F4xx_HAL_Driver/Src/stm32f4xx_ll_usb.c.obj
                0x08003ae4                USB_ActivateSetup
 .text.USB_EP0_OutStart
                0x08003b04       0x5c CMakeFiles/Screen_Demo.elf.dir/Drivers/STM32F4xx_HAL_Driver/Src/stm32f4xx_ll_usb.c.obj
                0x08003b04                USB_EP0_OutStart
 .text.USBD_CDC_EP0_RxReady
                0x08003b60       0x40 CMakeFiles/Screen_Demo.elf.dir/Middlewares/ST/STM32_USB_Device_Library/Class/CDC/Src/usbd_cdc.c.obj
 .text.USBD_CDC_GetDeviceQualifierDescriptor
                0x08003ba0        0xc CMakeFiles/Screen_Demo.elf.dir/Middlewares/ST/STM32_USB_Device_Library/Class/CDC/Src/usbd_cdc.c.obj
                0x08003ba0                USBD_CDC_GetDeviceQualifierDescriptor
 .text.USBD_CDC_GetOtherSpeedCfgDesc
                0x08003bac       0x48 CMakeFiles/Screen_Demo.elf.dir/Middlewares/ST/STM32_USB_Device_Library/Class/CDC/Src/usbd_cdc.c.obj
 .text.USBD_CDC_GetFSCfgDesc
                0x08003bf4       0x48 CMakeFiles/Screen_Demo.elf.dir/Middlewares/ST/STM32_USB_Device_Library/Class/CDC/Src/usbd_cdc.c.obj
 .text.USBD_CDC_GetHSCfgDesc
                0x08003c3c       0x48 CMakeFiles/Screen_Demo.elf.dir/Middlewares/ST/STM32_USB_Device_Library/Class/CDC/Src/usbd_cdc.c.obj
 .text.USBD_CDC_DataOut
                0x08003c84       0x38 CMakeFiles/Screen_Demo.elf.dir/Middlewares/ST/STM32_USB_Device_Library/Class/CDC/Src/usbd_cdc.c.obj
 .text.USBD_CDC_DataIn
                0x08003cbc       0x7c CMakeFiles/Screen_Demo.elf.dir/Middlewares/ST/STM32_USB_Device_Library/Class/CDC/Src/usbd_cdc.c.obj
 .text.USBD_CDC_Setup
                0x08003d38      0x11a CMakeFiles/Screen_Demo.elf.dir/Middlewares/ST/STM32_USB_Device_Library/Class/CDC/Src/usbd_cdc.c.obj
 .text.USBD_CDC_DeInit
                0x08003e52       0x64 CMakeFiles/Screen_Demo.elf.dir/Middlewares/ST/STM32_USB_Device_Library/Class/CDC/Src/usbd_cdc.c.obj
 .text.USBD_CDC_Init
                0x08003eb6       0xee CMakeFiles/Screen_Demo.elf.dir/Middlewares/ST/STM32_USB_Device_Library/Class/CDC/Src/usbd_cdc.c.obj
 .text.USBD_CDC_RegisterInterface
                0x08003fa4       0x16 CMakeFiles/Screen_Demo.elf.dir/Middlewares/ST/STM32_USB_Device_Library/Class/CDC/Src/usbd_cdc.c.obj
                0x08003fa4                USBD_CDC_RegisterInterface
 .text.USBD_CDC_SetTxBuffer
                0x08003fba       0x1c CMakeFiles/Screen_Demo.elf.dir/Middlewares/ST/STM32_USB_Device_Library/Class/CDC/Src/usbd_cdc.c.obj
                0x08003fba                USBD_CDC_SetTxBuffer
 .text.USBD_CDC_SetRxBuffer
                0x08003fd6       0x18 CMakeFiles/Screen_Demo.elf.dir/Middlewares/ST/STM32_USB_Device_Library/Class/CDC/Src/usbd_cdc.c.obj
                0x08003fd6                USBD_CDC_SetRxBuffer
 .text.USBD_CDC_ReceivePacket
                0x08003fee       0x38 CMakeFiles/Screen_Demo.elf.dir/Middlewares/ST/STM32_USB_Device_Library/Class/CDC/Src/usbd_cdc.c.obj
                0x08003fee                USBD_CDC_ReceivePacket
 .text.USBD_Init
                0x08004026       0x2e CMakeFiles/Screen_Demo.elf.dir/Middlewares/ST/STM32_USB_Device_Library/Core/Src/usbd_core.c.obj
                0x08004026                USBD_Init
 .text.USBD_RegisterClass
                0x08004054       0x34 CMakeFiles/Screen_Demo.elf.dir/Middlewares/ST/STM32_USB_Device_Library/Core/Src/usbd_core.c.obj
                0x08004054                USBD_RegisterClass
 .text.USBD_Start
                0x08004088        0x8 CMakeFiles/Screen_Demo.elf.dir/Middlewares/ST/STM32_USB_Device_Library/Core/Src/usbd_core.c.obj
                0x08004088                USBD_Start
 .text.USBD_SetClassConfig
                0x08004090       0x12 CMakeFiles/Screen_Demo.elf.dir/Middlewares/ST/STM32_USB_Device_Library/Core/Src/usbd_core.c.obj
                0x08004090                USBD_SetClassConfig
 .text.USBD_ClrClassConfig
                0x080040a2       0x12 CMakeFiles/Screen_Demo.elf.dir/Middlewares/ST/STM32_USB_Device_Library/Core/Src/usbd_core.c.obj
                0x080040a2                USBD_ClrClassConfig
 .text.USBD_LL_SetupStage
                0x080040b4       0x58 CMakeFiles/Screen_Demo.elf.dir/Middlewares/ST/STM32_USB_Device_Library/Core/Src/usbd_core.c.obj
                0x080040b4                USBD_LL_SetupStage
 .text.USBD_LL_Reset
                0x0800410c       0x64 CMakeFiles/Screen_Demo.elf.dir/Middlewares/ST/STM32_USB_Device_Library/Core/Src/usbd_core.c.obj
                0x0800410c                USBD_LL_Reset
 .text.USBD_LL_SetSpeed
                0x08004170        0x6 CMakeFiles/Screen_Demo.elf.dir/Middlewares/ST/STM32_USB_Device_Library/Core/Src/usbd_core.c.obj
                0x08004170                USBD_LL_SetSpeed
 .text.USBD_LL_Suspend
                0x08004176       0x14 CMakeFiles/Screen_Demo.elf.dir/Middlewares/ST/STM32_USB_Device_Library/Core/Src/usbd_core.c.obj
                0x08004176                USBD_LL_Suspend
 .text.USBD_LL_Resume
                0x0800418a       0x1a CMakeFiles/Screen_Demo.elf.dir/Middlewares/ST/STM32_USB_Device_Library/Core/Src/usbd_core.c.obj
                0x0800418a                USBD_LL_Resume
 .text.USBD_LL_SOF
                0x080041a4       0x22 CMakeFiles/Screen_Demo.elf.dir/Middlewares/ST/STM32_USB_Device_Library/Core/Src/usbd_core.c.obj
                0x080041a4                USBD_LL_SOF
 .text.USBD_LL_IsoINIncomplete
                0x080041c6       0x2e CMakeFiles/Screen_Demo.elf.dir/Middlewares/ST/STM32_USB_Device_Library/Core/Src/usbd_core.c.obj
                0x080041c6                USBD_LL_IsoINIncomplete
 .text.USBD_LL_IsoOUTIncomplete
                0x080041f4       0x2e CMakeFiles/Screen_Demo.elf.dir/Middlewares/ST/STM32_USB_Device_Library/Core/Src/usbd_core.c.obj
                0x080041f4                USBD_LL_IsoOUTIncomplete
 .text.USBD_LL_DevConnected
                0x08004222        0x4 CMakeFiles/Screen_Demo.elf.dir/Middlewares/ST/STM32_USB_Device_Library/Core/Src/usbd_core.c.obj
                0x08004222                USBD_LL_DevConnected
 .text.USBD_LL_DevDisconnected
                0x08004226       0x20 CMakeFiles/Screen_Demo.elf.dir/Middlewares/ST/STM32_USB_Device_Library/Core/Src/usbd_core.c.obj
                0x08004226                USBD_LL_DevDisconnected
 .text.USBD_CoreFindIF
                0x08004246        0x4 CMakeFiles/Screen_Demo.elf.dir/Middlewares/ST/STM32_USB_Device_Library/Core/Src/usbd_core.c.obj
                0x08004246                USBD_CoreFindIF
 .text.USBD_CoreFindEP
                0x0800424a        0x4 CMakeFiles/Screen_Demo.elf.dir/Middlewares/ST/STM32_USB_Device_Library/Core/Src/usbd_core.c.obj
                0x0800424a                USBD_CoreFindEP
 .text.USBD_LL_DataOutStage
                0x0800424e       0xc6 CMakeFiles/Screen_Demo.elf.dir/Middlewares/ST/STM32_USB_Device_Library/Core/Src/usbd_core.c.obj
                0x0800424e                USBD_LL_DataOutStage
 .text.USBD_LL_DataInStage
                0x08004314       0xd6 CMakeFiles/Screen_Demo.elf.dir/Middlewares/ST/STM32_USB_Device_Library/Core/Src/usbd_core.c.obj
                0x08004314                USBD_LL_DataInStage
 .text.USBD_GetNextDesc
                0x080043ea        0xe CMakeFiles/Screen_Demo.elf.dir/Middlewares/ST/STM32_USB_Device_Library/Core/Src/usbd_core.c.obj
                0x080043ea                USBD_GetNextDesc
 .text.USBD_GetEpDesc
                0x080043f8       0x3e CMakeFiles/Screen_Demo.elf.dir/Middlewares/ST/STM32_USB_Device_Library/Core/Src/usbd_core.c.obj
                0x080043f8                USBD_GetEpDesc
 .text.USBD_GetLen
                0x08004436       0x14 CMakeFiles/Screen_Demo.elf.dir/Middlewares/ST/STM32_USB_Device_Library/Core/Src/usbd_ctlreq.c.obj
 .text.USBD_ParseSetupRequest
                0x0800444a       0x28 CMakeFiles/Screen_Demo.elf.dir/Middlewares/ST/STM32_USB_Device_Library/Core/Src/usbd_ctlreq.c.obj
                0x0800444a                USBD_ParseSetupRequest
 .text.USBD_CtlError
                0x08004472       0x14 CMakeFiles/Screen_Demo.elf.dir/Middlewares/ST/STM32_USB_Device_Library/Core/Src/usbd_ctlreq.c.obj
                0x08004472                USBD_CtlError
 .text.USBD_GetDescriptor
                0x08004486      0x18a CMakeFiles/Screen_Demo.elf.dir/Middlewares/ST/STM32_USB_Device_Library/Core/Src/usbd_ctlreq.c.obj
 .text.USBD_SetAddress
                0x08004610       0x50 CMakeFiles/Screen_Demo.elf.dir/Middlewares/ST/STM32_USB_Device_Library/Core/Src/usbd_ctlreq.c.obj
 .text.USBD_SetConfig
                0x08004660       0xcc CMakeFiles/Screen_Demo.elf.dir/Middlewares/ST/STM32_USB_Device_Library/Core/Src/usbd_ctlreq.c.obj
 .text.USBD_GetConfig
                0x0800472c       0x40 CMakeFiles/Screen_Demo.elf.dir/Middlewares/ST/STM32_USB_Device_Library/Core/Src/usbd_ctlreq.c.obj
 .text.USBD_GetStatus
                0x0800476c       0x38 CMakeFiles/Screen_Demo.elf.dir/Middlewares/ST/STM32_USB_Device_Library/Core/Src/usbd_ctlreq.c.obj
 .text.USBD_SetFeature
                0x080047a4       0x2a CMakeFiles/Screen_Demo.elf.dir/Middlewares/ST/STM32_USB_Device_Library/Core/Src/usbd_ctlreq.c.obj
 .text.USBD_ClrFeature
                0x080047ce       0x26 CMakeFiles/Screen_Demo.elf.dir/Middlewares/ST/STM32_USB_Device_Library/Core/Src/usbd_ctlreq.c.obj
 .text.USBD_StdDevReq
                0x080047f4       0x76 CMakeFiles/Screen_Demo.elf.dir/Middlewares/ST/STM32_USB_Device_Library/Core/Src/usbd_ctlreq.c.obj
                0x080047f4                USBD_StdDevReq
 .text.USBD_StdItfReq
                0x0800486a       0x84 CMakeFiles/Screen_Demo.elf.dir/Middlewares/ST/STM32_USB_Device_Library/Core/Src/usbd_ctlreq.c.obj
                0x0800486a                USBD_StdItfReq
 .text.USBD_StdEPReq
                0x080048ee      0x230 CMakeFiles/Screen_Demo.elf.dir/Middlewares/ST/STM32_USB_Device_Library/Core/Src/usbd_ctlreq.c.obj
                0x080048ee                USBD_StdEPReq
 .text.USBD_GetString
                0x08004b1e       0x3a CMakeFiles/Screen_Demo.elf.dir/Middlewares/ST/STM32_USB_Device_Library/Core/Src/usbd_ctlreq.c.obj
                0x08004b1e                USBD_GetString
 .text.USBD_CtlSendData
                0x08004b58       0x1a CMakeFiles/Screen_Demo.elf.dir/Middlewares/ST/STM32_USB_Device_Library/Core/Src/usbd_ioreq.c.obj
                0x08004b58                USBD_CtlSendData
 .text.USBD_CtlContinueSendData
                0x08004b72       0x10 CMakeFiles/Screen_Demo.elf.dir/Middlewares/ST/STM32_USB_Device_Library/Core/Src/usbd_ioreq.c.obj
                0x08004b72                USBD_CtlContinueSendData
 .text.USBD_CtlPrepareRx
                0x08004b82       0x1e CMakeFiles/Screen_Demo.elf.dir/Middlewares/ST/STM32_USB_Device_Library/Core/Src/usbd_ioreq.c.obj
                0x08004b82                USBD_CtlPrepareRx
 .text.USBD_CtlContinueRx
                0x08004ba0       0x10 CMakeFiles/Screen_Demo.elf.dir/Middlewares/ST/STM32_USB_Device_Library/Core/Src/usbd_ioreq.c.obj
                0x08004ba0                USBD_CtlContinueRx
 .text.USBD_CtlSendStatus
                0x08004bb0       0x16 CMakeFiles/Screen_Demo.elf.dir/Middlewares/ST/STM32_USB_Device_Library/Core/Src/usbd_ioreq.c.obj
                0x08004bb0                USBD_CtlSendStatus
 .text.USBD_CtlReceiveStatus
                0x08004bc6       0x16 CMakeFiles/Screen_Demo.elf.dir/Middlewares/ST/STM32_USB_Device_Library/Core/Src/usbd_ioreq.c.obj
                0x08004bc6                USBD_CtlReceiveStatus
 .text.MX_USB_DEVICE_Init
                0x08004bdc       0x54 CMakeFiles/Screen_Demo.elf.dir/USB_DEVICE/App/usb_device.c.obj
                0x08004bdc                MX_USB_DEVICE_Init
 .text.CDC_DeInit_FS
                0x08004c30        0x4 CMakeFiles/Screen_Demo.elf.dir/USB_DEVICE/App/usbd_cdc_if.c.obj
 .text.CDC_Control_FS
                0x08004c34        0x4 CMakeFiles/Screen_Demo.elf.dir/USB_DEVICE/App/usbd_cdc_if.c.obj
 .text.CDC_TransmitCplt_FS
                0x08004c38        0x4 CMakeFiles/Screen_Demo.elf.dir/USB_DEVICE/App/usbd_cdc_if.c.obj
 .text.CDC_Receive_FS
                0x08004c3c       0x68 CMakeFiles/Screen_Demo.elf.dir/USB_DEVICE/App/usbd_cdc_if.c.obj
 .text.CDC_Init_FS
                0x08004ca4       0x28 CMakeFiles/Screen_Demo.elf.dir/USB_DEVICE/App/usbd_cdc_if.c.obj
 .text.USBD_FS_DeviceDescriptor
                0x08004ccc        0xc CMakeFiles/Screen_Demo.elf.dir/USB_DEVICE/App/usbd_desc.c.obj
                0x08004ccc                USBD_FS_DeviceDescriptor
 .text.USBD_FS_LangIDStrDescriptor
                0x08004cd8        0xc CMakeFiles/Screen_Demo.elf.dir/USB_DEVICE/App/usbd_desc.c.obj
                0x08004cd8                USBD_FS_LangIDStrDescriptor
 .text.IntToUnicode
                0x08004ce4       0x46 CMakeFiles/Screen_Demo.elf.dir/USB_DEVICE/App/usbd_desc.c.obj
 *fill*         0x08004d2a        0x2 
 .text.Get_SerialNum
                0x08004d2c       0x38 CMakeFiles/Screen_Demo.elf.dir/USB_DEVICE/App/usbd_desc.c.obj
 .text.USBD_FS_SerialStrDescriptor
                0x08004d64       0x14 CMakeFiles/Screen_Demo.elf.dir/USB_DEVICE/App/usbd_desc.c.obj
                0x08004d64                USBD_FS_SerialStrDescriptor
 .text.USBD_FS_ProductStrDescriptor
                0x08004d78       0x24 CMakeFiles/Screen_Demo.elf.dir/USB_DEVICE/App/usbd_desc.c.obj
                0x08004d78                USBD_FS_ProductStrDescriptor
 .text.USBD_FS_ManufacturerStrDescriptor
                0x08004d9c       0x1c CMakeFiles/Screen_Demo.elf.dir/USB_DEVICE/App/usbd_desc.c.obj
                0x08004d9c                USBD_FS_ManufacturerStrDescriptor
 .text.USBD_FS_ConfigStrDescriptor
                0x08004db8       0x24 CMakeFiles/Screen_Demo.elf.dir/USB_DEVICE/App/usbd_desc.c.obj
                0x08004db8                USBD_FS_ConfigStrDescriptor
 .text.USBD_FS_InterfaceStrDescriptor
                0x08004ddc       0x24 CMakeFiles/Screen_Demo.elf.dir/USB_DEVICE/App/usbd_desc.c.obj
                0x08004ddc                USBD_FS_InterfaceStrDescriptor
 .text.HAL_PCD_MspInit
                0x08004e00       0x84 CMakeFiles/Screen_Demo.elf.dir/USB_DEVICE/Target/usbd_conf.c.obj
                0x08004e00                HAL_PCD_MspInit
 .text.HAL_PCD_SetupStageCallback
                0x08004e84       0x10 CMakeFiles/Screen_Demo.elf.dir/USB_DEVICE/Target/usbd_conf.c.obj
                0x08004e84                HAL_PCD_SetupStageCallback
 .text.HAL_PCD_DataOutStageCallback
                0x08004e94       0x18 CMakeFiles/Screen_Demo.elf.dir/USB_DEVICE/Target/usbd_conf.c.obj
                0x08004e94                HAL_PCD_DataOutStageCallback
 .text.HAL_PCD_DataInStageCallback
                0x08004eac       0x16 CMakeFiles/Screen_Demo.elf.dir/USB_DEVICE/Target/usbd_conf.c.obj
                0x08004eac                HAL_PCD_DataInStageCallback
 .text.HAL_PCD_SOFCallback
                0x08004ec2        0xc CMakeFiles/Screen_Demo.elf.dir/USB_DEVICE/Target/usbd_conf.c.obj
                0x08004ec2                HAL_PCD_SOFCallback
 .text.HAL_PCD_ResetCallback
                0x08004ece       0x24 CMakeFiles/Screen_Demo.elf.dir/USB_DEVICE/Target/usbd_conf.c.obj
                0x08004ece                HAL_PCD_ResetCallback
 *fill*         0x08004ef2        0x2 
 .text.HAL_PCD_SuspendCallback
                0x08004ef4       0x30 CMakeFiles/Screen_Demo.elf.dir/USB_DEVICE/Target/usbd_conf.c.obj
                0x08004ef4                HAL_PCD_SuspendCallback
 .text.HAL_PCD_ResumeCallback
                0x08004f24        0xc CMakeFiles/Screen_Demo.elf.dir/USB_DEVICE/Target/usbd_conf.c.obj
                0x08004f24                HAL_PCD_ResumeCallback
 .text.HAL_PCD_ISOOUTIncompleteCallback
                0x08004f30        0xc CMakeFiles/Screen_Demo.elf.dir/USB_DEVICE/Target/usbd_conf.c.obj
                0x08004f30                HAL_PCD_ISOOUTIncompleteCallback
 .text.HAL_PCD_ISOINIncompleteCallback
                0x08004f3c        0xc CMakeFiles/Screen_Demo.elf.dir/USB_DEVICE/Target/usbd_conf.c.obj
                0x08004f3c                HAL_PCD_ISOINIncompleteCallback
 .text.HAL_PCD_ConnectCallback
                0x08004f48        0xc CMakeFiles/Screen_Demo.elf.dir/USB_DEVICE/Target/usbd_conf.c.obj
                0x08004f48                HAL_PCD_ConnectCallback
 .text.HAL_PCD_DisconnectCallback
                0x08004f54        0xc CMakeFiles/Screen_Demo.elf.dir/USB_DEVICE/Target/usbd_conf.c.obj
                0x08004f54                HAL_PCD_DisconnectCallback
 .text.USBD_LL_Init
                0x08004f60       0x68 CMakeFiles/Screen_Demo.elf.dir/USB_DEVICE/Target/usbd_conf.c.obj
                0x08004f60                USBD_LL_Init
 .text.USBD_LL_IsStallEP
                0x08004fc8       0x2e CMakeFiles/Screen_Demo.elf.dir/USB_DEVICE/Target/usbd_conf.c.obj
                0x08004fc8                USBD_LL_IsStallEP
 .text.USBD_LL_GetRxDataSize
                0x08004ff6        0xc CMakeFiles/Screen_Demo.elf.dir/USB_DEVICE/Target/usbd_conf.c.obj
                0x08004ff6                USBD_LL_GetRxDataSize
 *fill*         0x08005002        0x2 
 .text.USBD_static_malloc
                0x08005004        0x8 CMakeFiles/Screen_Demo.elf.dir/USB_DEVICE/Target/usbd_conf.c.obj
                0x08005004                USBD_static_malloc
 .text.USBD_static_free
                0x0800500c        0x2 CMakeFiles/Screen_Demo.elf.dir/USB_DEVICE/Target/usbd_conf.c.obj
                0x0800500c                USBD_static_free
 .text.USBD_Get_USB_Status
                0x0800500e       0x14 CMakeFiles/Screen_Demo.elf.dir/USB_DEVICE/Target/usbd_conf.c.obj
                0x0800500e                USBD_Get_USB_Status
 .text.USBD_LL_Start
                0x08005022       0x10 CMakeFiles/Screen_Demo.elf.dir/USB_DEVICE/Target/usbd_conf.c.obj
                0x08005022                USBD_LL_Start
 .text.USBD_LL_OpenEP
                0x08005032       0x16 CMakeFiles/Screen_Demo.elf.dir/USB_DEVICE/Target/usbd_conf.c.obj
                0x08005032                USBD_LL_OpenEP
 .text.USBD_LL_CloseEP
                0x08005048       0x10 CMakeFiles/Screen_Demo.elf.dir/USB_DEVICE/Target/usbd_conf.c.obj
                0x08005048                USBD_LL_CloseEP
 .text.USBD_LL_StallEP
                0x08005058       0x10 CMakeFiles/Screen_Demo.elf.dir/USB_DEVICE/Target/usbd_conf.c.obj
                0x08005058                USBD_LL_StallEP
 .text.USBD_LL_ClearStallEP
                0x08005068       0x10 CMakeFiles/Screen_Demo.elf.dir/USB_DEVICE/Target/usbd_conf.c.obj
                0x08005068                USBD_LL_ClearStallEP
 .text.USBD_LL_SetUSBAddress
                0x08005078       0x10 CMakeFiles/Screen_Demo.elf.dir/USB_DEVICE/Target/usbd_conf.c.obj
                0x08005078                USBD_LL_SetUSBAddress
 .text.USBD_LL_Transmit
                0x08005088       0x10 CMakeFiles/Screen_Demo.elf.dir/USB_DEVICE/Target/usbd_conf.c.obj
                0x08005088                USBD_LL_Transmit
 .text.USBD_LL_PrepareReceive
                0x08005098       0x10 CMakeFiles/Screen_Demo.elf.dir/USB_DEVICE/Target/usbd_conf.c.obj
                0x08005098                USBD_LL_PrepareReceive
 .text.__libc_init_array
                0x080050a8       0x48 e:/armgnu/10 2021.10/bin/../lib/gcc/arm-none-eabi/10.3.1/../../../../arm-none-eabi/lib/thumb/v7e-m/nofp\libg.a(lib_a-init.o)
                0x080050a8                __libc_init_array
 .text.memset   0x080050f0       0xa4 e:/armgnu/10 2021.10/bin/../lib/gcc/arm-none-eabi/10.3.1/../../../../arm-none-eabi/lib/thumb/v7e-m/nofp\libg.a(lib_a-memset.o)
                0x080050f0                memset
 .text.startup.register_fini
                0x08005194       0x14 e:/armgnu/10 2021.10/bin/../lib/gcc/arm-none-eabi/10.3.1/../../../../arm-none-eabi/lib/thumb/v7e-m/nofp\libg.a(lib_a-__call_atexit.o)
 .text.atexit   0x080051a8        0xc e:/armgnu/10 2021.10/bin/../lib/gcc/arm-none-eabi/10.3.1/../../../../arm-none-eabi/lib/thumb/v7e-m/nofp\libg.a(lib_a-atexit.o)
                0x080051a8                atexit
 .text.__libc_fini_array
                0x080051b4       0x2c e:/armgnu/10 2021.10/bin/../lib/gcc/arm-none-eabi/10.3.1/../../../../arm-none-eabi/lib/thumb/v7e-m/nofp\libg.a(lib_a-fini.o)
                0x080051b4                __libc_fini_array
 .text.__retarget_lock_acquire_recursive
                0x080051e0        0x4 e:/armgnu/10 2021.10/bin/../lib/gcc/arm-none-eabi/10.3.1/../../../../arm-none-eabi/lib/thumb/v7e-m/nofp\libg.a(lib_a-lock.o)
                0x080051e0                __retarget_lock_acquire_recursive
 .text.__retarget_lock_release_recursive
                0x080051e4        0x4 e:/armgnu/10 2021.10/bin/../lib/gcc/arm-none-eabi/10.3.1/../../../../arm-none-eabi/lib/thumb/v7e-m/nofp\libg.a(lib_a-lock.o)
                0x080051e4                __retarget_lock_release_recursive
 .text.__register_exitproc
                0x080051e8       0x8c e:/armgnu/10 2021.10/bin/../lib/gcc/arm-none-eabi/10.3.1/../../../../arm-none-eabi/lib/thumb/v7e-m/nofp\libg.a(lib_a-__atexit.o)
                0x080051e8                __register_exitproc
 *(.glue_7)
 .glue_7        0x08005274        0x0 linker stubs
 *(.glue_7t)
 .glue_7t       0x08005274        0x0 linker stubs
 *(.eh_frame)
 .eh_frame      0x08005274        0x0 e:/armgnu/10 2021.10/bin/../lib/gcc/arm-none-eabi/10.3.1/thumb/v7e-m/nofp/crtbegin.o
 *(.init)
 .init          0x08005274        0x4 e:/armgnu/10 2021.10/bin/../lib/gcc/arm-none-eabi/10.3.1/thumb/v7e-m/nofp/crti.o
                0x08005274                _init
 .init          0x08005278        0x8 e:/armgnu/10 2021.10/bin/../lib/gcc/arm-none-eabi/10.3.1/thumb/v7e-m/nofp/crtn.o
 *(.fini)
 .fini          0x08005280        0x4 e:/armgnu/10 2021.10/bin/../lib/gcc/arm-none-eabi/10.3.1/thumb/v7e-m/nofp/crti.o
                0x08005280                _fini
 .fini          0x08005284        0x8 e:/armgnu/10 2021.10/bin/../lib/gcc/arm-none-eabi/10.3.1/thumb/v7e-m/nofp/crtn.o
                0x0800528c                . = ALIGN (0x4)
                0x0800528c                _etext = .

.vfp11_veneer   0x0800528c        0x0
 .vfp11_veneer  0x0800528c        0x0 linker stubs

.v4_bx          0x0800528c        0x0
 .v4_bx         0x0800528c        0x0 linker stubs

.iplt           0x0800528c        0x0
 .iplt          0x0800528c        0x0 e:/armgnu/10 2021.10/bin/../lib/gcc/arm-none-eabi/10.3.1/thumb/v7e-m/nofp/crtbegin.o

.rodata         0x0800528c       0xd8
                0x0800528c                . = ALIGN (0x4)
 *(.rodata)
 *(.rodata*)
 .rodata.init_cmds1
                0x0800528c       0x38 CMakeFiles/Screen_Demo.elf.dir/Core/Src/ST7735.c.obj
                0x0800528c                init_cmds1
 .rodata.init_cmds2
                0x080052c4        0xd CMakeFiles/Screen_Demo.elf.dir/Core/Src/ST7735.c.obj
                0x080052c4                init_cmds2
 *fill*         0x080052d1        0x3 
 .rodata.init_cmds3
                0x080052d4       0x2b CMakeFiles/Screen_Demo.elf.dir/Core/Src/ST7735.c.obj
                0x080052d4                init_cmds3
 *fill*         0x080052ff        0x1 
 .rodata.AHBPrescTable
                0x08005300       0x10 CMakeFiles/Screen_Demo.elf.dir/Core/Src/system_stm32f4xx.c.obj
                0x08005300                AHBPrescTable
 .rodata.APBPrescTable
                0x08005310        0x8 CMakeFiles/Screen_Demo.elf.dir/Core/Src/system_stm32f4xx.c.obj
                0x08005310                APBPrescTable
 .rodata.USBD_FS_ProductStrDescriptor.str1.4
                0x08005318       0x16 CMakeFiles/Screen_Demo.elf.dir/USB_DEVICE/App/usbd_desc.c.obj
 *fill*         0x0800532e        0x2 
 .rodata.USBD_FS_ManufacturerStrDescriptor.str1.4
                0x08005330       0x13 CMakeFiles/Screen_Demo.elf.dir/USB_DEVICE/App/usbd_desc.c.obj
 *fill*         0x08005343        0x1 
 .rodata.USBD_FS_ConfigStrDescriptor.str1.4
                0x08005344        0xb CMakeFiles/Screen_Demo.elf.dir/USB_DEVICE/App/usbd_desc.c.obj
 *fill*         0x0800534f        0x1 
 .rodata.USBD_FS_InterfaceStrDescriptor.str1.4
                0x08005350        0xe CMakeFiles/Screen_Demo.elf.dir/USB_DEVICE/App/usbd_desc.c.obj
 *fill*         0x0800535e        0x2 
 .rodata._global_impure_ptr
                0x08005360        0x4 e:/armgnu/10 2021.10/bin/../lib/gcc/arm-none-eabi/10.3.1/../../../../arm-none-eabi/lib/thumb/v7e-m/nofp\libg.a(lib_a-impure.o)
                0x08005360                _global_impure_ptr
                0x08005364                . = ALIGN (0x4)

.ARM.extab      0x08005364        0x0
                0x08005364                . = ALIGN (0x4)
 *(.ARM.extab* .gnu.linkonce.armextab.*)
                0x08005364                . = ALIGN (0x4)

.ARM            0x08005364        0x8
                0x08005364                . = ALIGN (0x4)
                0x08005364                __exidx_start = .
 *(.ARM.exidx*)
 .ARM.exidx     0x08005364        0x8 e:/armgnu/10 2021.10/bin/../lib/gcc/arm-none-eabi/10.3.1/thumb/v7e-m/nofp\libgcc.a(_udivmoddi4.o)
                0x0800536c                __exidx_end = .
                0x0800536c                . = ALIGN (0x4)

.rel.dyn        0x0800536c        0x0
 .rel.iplt      0x0800536c        0x0 e:/armgnu/10 2021.10/bin/../lib/gcc/arm-none-eabi/10.3.1/thumb/v7e-m/nofp/crtbegin.o

.preinit_array  0x0800536c        0x0
                0x0800536c                . = ALIGN (0x4)
                0x0800536c                PROVIDE (__preinit_array_start = .)
 *(.preinit_array*)
                0x0800536c                PROVIDE (__preinit_array_end = .)
                0x0800536c                . = ALIGN (0x4)

.init_array     0x0800536c        0x8
                0x0800536c                . = ALIGN (0x4)
                0x0800536c                PROVIDE (__init_array_start = .)
 *(SORT_BY_NAME(.init_array.*))
 .init_array.00000
                0x0800536c        0x4 e:/armgnu/10 2021.10/bin/../lib/gcc/arm-none-eabi/10.3.1/../../../../arm-none-eabi/lib/thumb/v7e-m/nofp\libg.a(lib_a-__call_atexit.o)
 *(.init_array*)
 .init_array    0x08005370        0x4 e:/armgnu/10 2021.10/bin/../lib/gcc/arm-none-eabi/10.3.1/thumb/v7e-m/nofp/crtbegin.o
                0x08005374                PROVIDE (__init_array_end = .)
                0x08005374                . = ALIGN (0x4)

.fini_array     0x08005374        0x4
                0x08005374                . = ALIGN (0x4)
                0x08005374                PROVIDE (__fini_array_start = .)
 *(SORT_BY_NAME(.fini_array.*))
 *(.fini_array*)
 .fini_array    0x08005374        0x4 e:/armgnu/10 2021.10/bin/../lib/gcc/arm-none-eabi/10.3.1/thumb/v7e-m/nofp/crtbegin.o
                0x08005378                PROVIDE (__fini_array_end = .)
                0x08005378                . = ALIGN (0x4)
                0x08005378                _sidata = LOADADDR (.data)

.data           0x20000000      0x524 load address 0x08005378
                0x20000000                . = ALIGN (0x4)
                0x20000000                _sdata = .
 *(.data)
 *(.data*)
 .data.SystemCoreClock
                0x20000000        0x4 CMakeFiles/Screen_Demo.elf.dir/Core/Src/system_stm32f4xx.c.obj
                0x20000000                SystemCoreClock
 .data.uwTickFreq
                0x20000004        0x1 CMakeFiles/Screen_Demo.elf.dir/Drivers/STM32F4xx_HAL_Driver/Src/stm32f4xx_hal.c.obj
                0x20000004                uwTickFreq
 *fill*         0x20000005        0x3 
 .data.uwTickPrio
                0x20000008        0x4 CMakeFiles/Screen_Demo.elf.dir/Drivers/STM32F4xx_HAL_Driver/Src/stm32f4xx_hal.c.obj
                0x20000008                uwTickPrio
 .data.USBD_CDC
                0x2000000c       0x38 CMakeFiles/Screen_Demo.elf.dir/Middlewares/ST/STM32_USB_Device_Library/Class/CDC/Src/usbd_cdc.c.obj
                0x2000000c                USBD_CDC
 .data.USBD_CDC_CfgDesc
                0x20000044       0x43 CMakeFiles/Screen_Demo.elf.dir/Middlewares/ST/STM32_USB_Device_Library/Class/CDC/Src/usbd_cdc.c.obj
 *fill*         0x20000087        0x1 
 .data.USBD_CDC_DeviceQualifierDesc
                0x20000088        0xa CMakeFiles/Screen_Demo.elf.dir/Middlewares/ST/STM32_USB_Device_Library/Class/CDC/Src/usbd_cdc.c.obj
 *fill*         0x20000092        0x2 
 .data.USBD_Interface_fops_FS
                0x20000094       0x14 CMakeFiles/Screen_Demo.elf.dir/USB_DEVICE/App/usbd_cdc_if.c.obj
                0x20000094                USBD_Interface_fops_FS
 .data.FS_Desc  0x200000a8       0x1c CMakeFiles/Screen_Demo.elf.dir/USB_DEVICE/App/usbd_desc.c.obj
                0x200000a8                FS_Desc
 .data.USBD_FS_DeviceDesc
                0x200000c4       0x12 CMakeFiles/Screen_Demo.elf.dir/USB_DEVICE/App/usbd_desc.c.obj
                0x200000c4                USBD_FS_DeviceDesc
 *fill*         0x200000d6        0x2 
 .data.USBD_LangIDDesc
                0x200000d8        0x4 CMakeFiles/Screen_Demo.elf.dir/USB_DEVICE/App/usbd_desc.c.obj
                0x200000d8                USBD_LangIDDesc
 .data.USBD_StringSerial
                0x200000dc       0x1a CMakeFiles/Screen_Demo.elf.dir/USB_DEVICE/App/usbd_desc.c.obj
                0x200000dc                USBD_StringSerial
 *fill*         0x200000f6        0x2 
 .data.impure_data
                0x200000f8      0x428 e:/armgnu/10 2021.10/bin/../lib/gcc/arm-none-eabi/10.3.1/../../../../arm-none-eabi/lib/thumb/v7e-m/nofp\libg.a(lib_a-impure.o)
 .data.__atexit_recursive_mutex
                0x20000520        0x4 e:/armgnu/10 2021.10/bin/../lib/gcc/arm-none-eabi/10.3.1/../../../../arm-none-eabi/lib/thumb/v7e-m/nofp\libg.a(lib_a-__call_atexit.o)
                0x20000520                __atexit_recursive_mutex
 *(.RamFunc)
 *(.RamFunc*)
                0x20000524                . = ALIGN (0x4)
                0x20000524                _edata = .

.igot.plt       0x20000524        0x0 load address 0x0800589c
 .igot.plt      0x20000524        0x0 e:/armgnu/10 2021.10/bin/../lib/gcc/arm-none-eabi/10.3.1/thumb/v7e-m/nofp/crtbegin.o
                0x20000524                . = ALIGN (0x4)

.bss            0x20000524     0xbce0 load address 0x0800589c
                0x20000524                _sbss = .
                0x20000524                __bss_start__ = _sbss
 *(.bss)
 .bss           0x20000524       0x1c e:/armgnu/10 2021.10/bin/../lib/gcc/arm-none-eabi/10.3.1/thumb/v7e-m/nofp/crtbegin.o
 *(.bss*)
 .bss._colstart
                0x20000540        0x1 CMakeFiles/Screen_Demo.elf.dir/Core/Src/ST7735.c.obj
                0x20000540                _colstart
 *fill*         0x20000541        0x1 
 .bss._height   0x20000542        0x2 CMakeFiles/Screen_Demo.elf.dir/Core/Src/ST7735.c.obj
                0x20000542                _height
 .bss._rowstart
                0x20000544        0x1 CMakeFiles/Screen_Demo.elf.dir/Core/Src/ST7735.c.obj
                0x20000544                _rowstart
 *fill*         0x20000545        0x1 
 .bss._width    0x20000546        0x2 CMakeFiles/Screen_Demo.elf.dir/Core/Src/ST7735.c.obj
                0x20000546                _width
 .bss._xstart   0x20000548        0x1 CMakeFiles/Screen_Demo.elf.dir/Core/Src/ST7735.c.obj
                0x20000548                _xstart
 .bss._ystart   0x20000549        0x1 CMakeFiles/Screen_Demo.elf.dir/Core/Src/ST7735.c.obj
                0x20000549                _ystart
 .bss.rotation  0x2000054a        0x1 CMakeFiles/Screen_Demo.elf.dir/Core/Src/ST7735.c.obj
                0x2000054a                rotation
 *fill*         0x2000054b        0x1 
 .bss.hspi1     0x2000054c       0x58 CMakeFiles/Screen_Demo.elf.dir/Core/Src/spi.c.obj
                0x2000054c                hspi1
 .bss.huart1    0x200005a4       0x44 CMakeFiles/Screen_Demo.elf.dir/Core/Src/usart.c.obj
                0x200005a4                huart1
 .bss.uwTick    0x200005e8        0x4 CMakeFiles/Screen_Demo.elf.dir/Drivers/STM32F4xx_HAL_Driver/Src/stm32f4xx_hal.c.obj
                0x200005e8                uwTick
 .bss.cfgidx.0  0x200005ec        0x1 CMakeFiles/Screen_Demo.elf.dir/Middlewares/ST/STM32_USB_Device_Library/Core/Src/usbd_ctlreq.c.obj
 *fill*         0x200005ed        0x3 
 .bss.hUsbDeviceFS
                0x200005f0      0x2dc CMakeFiles/Screen_Demo.elf.dir/USB_DEVICE/App/usb_device.c.obj
                0x200005f0                hUsbDeviceFS
 .bss.Count     0x200008cc        0x4 CMakeFiles/Screen_Demo.elf.dir/USB_DEVICE/App/usbd_cdc_if.c.obj
                0x200008cc                Count
 .bss.UserRxBufferFS
                0x200008d0      0x800 CMakeFiles/Screen_Demo.elf.dir/USB_DEVICE/App/usbd_cdc_if.c.obj
                0x200008d0                UserRxBufferFS
 .bss.UserTxBufferFS
                0x200010d0      0x800 CMakeFiles/Screen_Demo.elf.dir/USB_DEVICE/App/usbd_cdc_if.c.obj
                0x200010d0                UserTxBufferFS
 .bss.data      0x200018d0     0xa000 CMakeFiles/Screen_Demo.elf.dir/USB_DEVICE/App/usbd_cdc_if.c.obj
                0x200018d0                data
 .bss.point     0x2000b8d0        0x4 CMakeFiles/Screen_Demo.elf.dir/USB_DEVICE/App/usbd_cdc_if.c.obj
                0x2000b8d0                point
 .bss.USBD_StrDesc
                0x2000b8d4      0x200 CMakeFiles/Screen_Demo.elf.dir/USB_DEVICE/App/usbd_desc.c.obj
                0x2000b8d4                USBD_StrDesc
 .bss.hpcd_USB_OTG_FS
                0x2000bad4      0x50c CMakeFiles/Screen_Demo.elf.dir/USB_DEVICE/Target/usbd_conf.c.obj
                0x2000bad4                hpcd_USB_OTG_FS
 .bss.mem.0     0x2000bfe0      0x220 CMakeFiles/Screen_Demo.elf.dir/USB_DEVICE/Target/usbd_conf.c.obj
 .bss.__lock___atexit_recursive_mutex
                0x2000c200        0x1 e:/armgnu/10 2021.10/bin/../lib/gcc/arm-none-eabi/10.3.1/../../../../arm-none-eabi/lib/thumb/v7e-m/nofp\libg.a(lib_a-lock.o)
                0x2000c200                __lock___atexit_recursive_mutex
 *(COMMON)
                0x2000c204                . = ALIGN (0x4)
 *fill*         0x2000c201        0x3 
                0x2000c204                _ebss = .
                0x2000c204                __bss_end__ = _ebss

._user_heap_stack
                0x2000c204      0x604 load address 0x0800589c
                0x2000c208                . = ALIGN (0x8)
 *fill*         0x2000c204        0x4 
                [!provide]                PROVIDE (end = .)
                0x2000c208                PROVIDE (_end = .)
                0x2000c408                . = (. + _Min_Heap_Size)
 *fill*         0x2000c208      0x200 
                0x2000c808                . = (. + _Min_Stack_Size)
 *fill*         0x2000c408      0x400 
                0x2000c808                . = ALIGN (0x8)

/DISCARD/
 libc.a(*)
 libm.a(*)
 libgcc.a(*)

.ARM.attributes
                0x00000000       0x2a
 *(.ARM.attributes)
 .ARM.attributes
                0x00000000       0x1e e:/armgnu/10 2021.10/bin/../lib/gcc/arm-none-eabi/10.3.1/thumb/v7e-m/nofp/crti.o
 .ARM.attributes
                0x0000001e       0x2e e:/armgnu/10 2021.10/bin/../lib/gcc/arm-none-eabi/10.3.1/thumb/v7e-m/nofp/crtbegin.o
 .ARM.attributes
                0x0000004c       0x2e CMakeFiles/Screen_Demo.elf.dir/Core/Src/GFX_FUNCTIONS.c.obj
 .ARM.attributes
                0x0000007a       0x2e CMakeFiles/Screen_Demo.elf.dir/Core/Src/ST7735.c.obj
 .ARM.attributes
                0x000000a8       0x2e CMakeFiles/Screen_Demo.elf.dir/Core/Src/gpio.c.obj
 .ARM.attributes
                0x000000d6       0x2e CMakeFiles/Screen_Demo.elf.dir/Core/Src/main.c.obj
 .ARM.attributes
                0x00000104       0x2e CMakeFiles/Screen_Demo.elf.dir/Core/Src/spi.c.obj
 .ARM.attributes
                0x00000132       0x2e CMakeFiles/Screen_Demo.elf.dir/Core/Src/stm32f4xx_hal_msp.c.obj
 .ARM.attributes
                0x00000160       0x2e CMakeFiles/Screen_Demo.elf.dir/Core/Src/stm32f4xx_it.c.obj
 .ARM.attributes
                0x0000018e       0x2e CMakeFiles/Screen_Demo.elf.dir/Core/Src/system_stm32f4xx.c.obj
 .ARM.attributes
                0x000001bc       0x2e CMakeFiles/Screen_Demo.elf.dir/Core/Src/usart.c.obj
 .ARM.attributes
                0x000001ea       0x21 CMakeFiles/Screen_Demo.elf.dir/Core/Startup/startup_stm32f411ceux.s.obj
 .ARM.attributes
                0x0000020b       0x2e CMakeFiles/Screen_Demo.elf.dir/Drivers/STM32F4xx_HAL_Driver/Src/stm32f4xx_hal.c.obj
 .ARM.attributes
                0x00000239       0x2e CMakeFiles/Screen_Demo.elf.dir/Drivers/STM32F4xx_HAL_Driver/Src/stm32f4xx_hal_cortex.c.obj
 .ARM.attributes
                0x00000267       0x2e CMakeFiles/Screen_Demo.elf.dir/Drivers/STM32F4xx_HAL_Driver/Src/stm32f4xx_hal_dma.c.obj
 .ARM.attributes
                0x00000295       0x2e CMakeFiles/Screen_Demo.elf.dir/Drivers/STM32F4xx_HAL_Driver/Src/stm32f4xx_hal_gpio.c.obj
 .ARM.attributes
                0x000002c3       0x2e CMakeFiles/Screen_Demo.elf.dir/Drivers/STM32F4xx_HAL_Driver/Src/stm32f4xx_hal_pcd.c.obj
 .ARM.attributes
                0x000002f1       0x2e CMakeFiles/Screen_Demo.elf.dir/Drivers/STM32F4xx_HAL_Driver/Src/stm32f4xx_hal_pcd_ex.c.obj
 .ARM.attributes
                0x0000031f       0x2e CMakeFiles/Screen_Demo.elf.dir/Drivers/STM32F4xx_HAL_Driver/Src/stm32f4xx_hal_rcc.c.obj
 .ARM.attributes
                0x0000034d       0x2e CMakeFiles/Screen_Demo.elf.dir/Drivers/STM32F4xx_HAL_Driver/Src/stm32f4xx_hal_spi.c.obj
 .ARM.attributes
                0x0000037b       0x2e CMakeFiles/Screen_Demo.elf.dir/Drivers/STM32F4xx_HAL_Driver/Src/stm32f4xx_hal_uart.c.obj
 .ARM.attributes
                0x000003a9       0x2e CMakeFiles/Screen_Demo.elf.dir/Drivers/STM32F4xx_HAL_Driver/Src/stm32f4xx_ll_usb.c.obj
 .ARM.attributes
                0x000003d7       0x2e CMakeFiles/Screen_Demo.elf.dir/Middlewares/ST/STM32_USB_Device_Library/Class/CDC/Src/usbd_cdc.c.obj
 .ARM.attributes
                0x00000405       0x2e CMakeFiles/Screen_Demo.elf.dir/Middlewares/ST/STM32_USB_Device_Library/Core/Src/usbd_core.c.obj
 .ARM.attributes
                0x00000433       0x2e CMakeFiles/Screen_Demo.elf.dir/Middlewares/ST/STM32_USB_Device_Library/Core/Src/usbd_ctlreq.c.obj
 .ARM.attributes
                0x00000461       0x2e CMakeFiles/Screen_Demo.elf.dir/Middlewares/ST/STM32_USB_Device_Library/Core/Src/usbd_ioreq.c.obj
 .ARM.attributes
                0x0000048f       0x2e CMakeFiles/Screen_Demo.elf.dir/USB_DEVICE/App/usb_device.c.obj
 .ARM.attributes
                0x000004bd       0x2e CMakeFiles/Screen_Demo.elf.dir/USB_DEVICE/App/usbd_cdc_if.c.obj
 .ARM.attributes
                0x000004eb       0x2e CMakeFiles/Screen_Demo.elf.dir/USB_DEVICE/App/usbd_desc.c.obj
 .ARM.attributes
                0x00000519       0x2e CMakeFiles/Screen_Demo.elf.dir/USB_DEVICE/Target/usbd_conf.c.obj
 .ARM.attributes
                0x00000547       0x1e e:/armgnu/10 2021.10/bin/../lib/gcc/arm-none-eabi/10.3.1/thumb/v7e-m/nofp\libgcc.a(_aeabi_uldivmod.o)
 .ARM.attributes
                0x00000565       0x2e e:/armgnu/10 2021.10/bin/../lib/gcc/arm-none-eabi/10.3.1/thumb/v7e-m/nofp\libgcc.a(_udivmoddi4.o)
 .ARM.attributes
                0x00000593       0x1e e:/armgnu/10 2021.10/bin/../lib/gcc/arm-none-eabi/10.3.1/thumb/v7e-m/nofp\libgcc.a(_dvmd_tls.o)
 .ARM.attributes
                0x000005b1       0x2e e:/armgnu/10 2021.10/bin/../lib/gcc/arm-none-eabi/10.3.1/../../../../arm-none-eabi/lib/thumb/v7e-m/nofp\libg.a(lib_a-impure.o)
 .ARM.attributes
                0x000005df       0x2e e:/armgnu/10 2021.10/bin/../lib/gcc/arm-none-eabi/10.3.1/../../../../arm-none-eabi/lib/thumb/v7e-m/nofp\libg.a(lib_a-init.o)
 .ARM.attributes
                0x0000060d       0x1c e:/armgnu/10 2021.10/bin/../lib/gcc/arm-none-eabi/10.3.1/../../../../arm-none-eabi/lib/thumb/v7e-m/nofp\libg.a(lib_a-memcpy.o)
 .ARM.attributes
                0x00000629       0x2e e:/armgnu/10 2021.10/bin/../lib/gcc/arm-none-eabi/10.3.1/../../../../arm-none-eabi/lib/thumb/v7e-m/nofp\libg.a(lib_a-memset.o)
 .ARM.attributes
                0x00000657       0x2e e:/armgnu/10 2021.10/bin/../lib/gcc/arm-none-eabi/10.3.1/../../../../arm-none-eabi/lib/thumb/v7e-m/nofp\libg.a(lib_a-__call_atexit.o)
 .ARM.attributes
                0x00000685       0x2e e:/armgnu/10 2021.10/bin/../lib/gcc/arm-none-eabi/10.3.1/../../../../arm-none-eabi/lib/thumb/v7e-m/nofp\libg.a(lib_a-atexit.o)
 .ARM.attributes
                0x000006b3       0x2e e:/armgnu/10 2021.10/bin/../lib/gcc/arm-none-eabi/10.3.1/../../../../arm-none-eabi/lib/thumb/v7e-m/nofp\libg.a(lib_a-fini.o)
 .ARM.attributes
                0x000006e1       0x2e e:/armgnu/10 2021.10/bin/../lib/gcc/arm-none-eabi/10.3.1/../../../../arm-none-eabi/lib/thumb/v7e-m/nofp\libg.a(lib_a-lock.o)
 .ARM.attributes
                0x0000070f       0x2e e:/armgnu/10 2021.10/bin/../lib/gcc/arm-none-eabi/10.3.1/../../../../arm-none-eabi/lib/thumb/v7e-m/nofp\libg.a(lib_a-__atexit.o)
 .ARM.attributes
                0x0000073d       0x1e e:/armgnu/10 2021.10/bin/../lib/gcc/arm-none-eabi/10.3.1/thumb/v7e-m/nofp/crtn.o
OUTPUT(Screen_Demo.elf elf32-littlearm)
LOAD linker stubs
LOAD e:/armgnu/10 2021.10/bin/../lib/gcc/arm-none-eabi/10.3.1/../../../../arm-none-eabi/lib/thumb/v7e-m/nofp\libc.a
LOAD e:/armgnu/10 2021.10/bin/../lib/gcc/arm-none-eabi/10.3.1/../../../../arm-none-eabi/lib/thumb/v7e-m/nofp\libm.a
LOAD e:/armgnu/10 2021.10/bin/../lib/gcc/arm-none-eabi/10.3.1/thumb/v7e-m/nofp\libgcc.a

.debug_info     0x00000000    0x1be67
 .debug_info    0x00000000     0x1fc5 CMakeFiles/Screen_Demo.elf.dir/Core/Src/GFX_FUNCTIONS.c.obj
 .debug_info    0x00001fc5     0x1216 CMakeFiles/Screen_Demo.elf.dir/Core/Src/ST7735.c.obj
 .debug_info    0x000031db      0x521 CMakeFiles/Screen_Demo.elf.dir/Core/Src/gpio.c.obj
 .debug_info    0x000036fc      0x7f2 CMakeFiles/Screen_Demo.elf.dir/Core/Src/main.c.obj
 .debug_info    0x00003eee      0xa43 CMakeFiles/Screen_Demo.elf.dir/Core/Src/spi.c.obj
 .debug_info    0x00004931      0x2d7 CMakeFiles/Screen_Demo.elf.dir/Core/Src/stm32f4xx_hal_msp.c.obj
 .debug_info    0x00004c08      0xb29 CMakeFiles/Screen_Demo.elf.dir/Core/Src/stm32f4xx_it.c.obj
 .debug_info    0x00005731      0x3a9 CMakeFiles/Screen_Demo.elf.dir/Core/Src/system_stm32f4xx.c.obj
 .debug_info    0x00005ada      0xbfd CMakeFiles/Screen_Demo.elf.dir/Core/Src/usart.c.obj
 .debug_info    0x000066d7       0x22 CMakeFiles/Screen_Demo.elf.dir/Core/Startup/startup_stm32f411ceux.s.obj
 .debug_info    0x000066f9      0x981 CMakeFiles/Screen_Demo.elf.dir/Drivers/STM32F4xx_HAL_Driver/Src/stm32f4xx_hal.c.obj
 .debug_info    0x0000707a     0x1008 CMakeFiles/Screen_Demo.elf.dir/Drivers/STM32F4xx_HAL_Driver/Src/stm32f4xx_hal_cortex.c.obj
 .debug_info    0x00008082      0xb37 CMakeFiles/Screen_Demo.elf.dir/Drivers/STM32F4xx_HAL_Driver/Src/stm32f4xx_hal_dma.c.obj
 .debug_info    0x00008bb9      0x7d4 CMakeFiles/Screen_Demo.elf.dir/Drivers/STM32F4xx_HAL_Driver/Src/stm32f4xx_hal_gpio.c.obj
 .debug_info    0x0000938d     0x1b59 CMakeFiles/Screen_Demo.elf.dir/Drivers/STM32F4xx_HAL_Driver/Src/stm32f4xx_hal_pcd.c.obj
 .debug_info    0x0000aee6      0x726 CMakeFiles/Screen_Demo.elf.dir/Drivers/STM32F4xx_HAL_Driver/Src/stm32f4xx_hal_pcd_ex.c.obj
 .debug_info    0x0000b60c      0xb2a CMakeFiles/Screen_Demo.elf.dir/Drivers/STM32F4xx_HAL_Driver/Src/stm32f4xx_hal_rcc.c.obj
 .debug_info    0x0000c136     0x1e8e CMakeFiles/Screen_Demo.elf.dir/Drivers/STM32F4xx_HAL_Driver/Src/stm32f4xx_hal_spi.c.obj
 .debug_info    0x0000dfc4     0x4246 CMakeFiles/Screen_Demo.elf.dir/Drivers/STM32F4xx_HAL_Driver/Src/stm32f4xx_hal_uart.c.obj
 .debug_info    0x0001220a     0x1f99 CMakeFiles/Screen_Demo.elf.dir/Drivers/STM32F4xx_HAL_Driver/Src/stm32f4xx_ll_usb.c.obj
 .debug_info    0x000141a3     0x16da CMakeFiles/Screen_Demo.elf.dir/Middlewares/ST/STM32_USB_Device_Library/Class/CDC/Src/usbd_cdc.c.obj
 .debug_info    0x0001587d     0x1223 CMakeFiles/Screen_Demo.elf.dir/Middlewares/ST/STM32_USB_Device_Library/Core/Src/usbd_core.c.obj
 .debug_info    0x00016aa0     0x13f9 CMakeFiles/Screen_Demo.elf.dir/Middlewares/ST/STM32_USB_Device_Library/Core/Src/usbd_ctlreq.c.obj
 .debug_info    0x00017e99      0x8ca CMakeFiles/Screen_Demo.elf.dir/Middlewares/ST/STM32_USB_Device_Library/Core/Src/usbd_ioreq.c.obj
 .debug_info    0x00018763      0x79f CMakeFiles/Screen_Demo.elf.dir/USB_DEVICE/App/usb_device.c.obj
 .debug_info    0x00018f02      0xa91 CMakeFiles/Screen_Demo.elf.dir/USB_DEVICE/App/usbd_cdc_if.c.obj
 .debug_info    0x00019993      0x5ff CMakeFiles/Screen_Demo.elf.dir/USB_DEVICE/App/usbd_desc.c.obj
 .debug_info    0x00019f92     0x1ed5 CMakeFiles/Screen_Demo.elf.dir/USB_DEVICE/Target/usbd_conf.c.obj

.debug_abbrev   0x00000000     0x3bed
 .debug_abbrev  0x00000000      0x1d8 CMakeFiles/Screen_Demo.elf.dir/Core/Src/GFX_FUNCTIONS.c.obj
 .debug_abbrev  0x000001d8      0x2b5 CMakeFiles/Screen_Demo.elf.dir/Core/Src/ST7735.c.obj
 .debug_abbrev  0x0000048d      0x14e CMakeFiles/Screen_Demo.elf.dir/Core/Src/gpio.c.obj
 .debug_abbrev  0x000005db      0x1df CMakeFiles/Screen_Demo.elf.dir/Core/Src/main.c.obj
 .debug_abbrev  0x000007ba      0x1d3 CMakeFiles/Screen_Demo.elf.dir/Core/Src/spi.c.obj
 .debug_abbrev  0x0000098d       0xd1 CMakeFiles/Screen_Demo.elf.dir/Core/Src/stm32f4xx_hal_msp.c.obj
 .debug_abbrev  0x00000a5e      0x1d1 CMakeFiles/Screen_Demo.elf.dir/Core/Src/stm32f4xx_it.c.obj
 .debug_abbrev  0x00000c2f      0x119 CMakeFiles/Screen_Demo.elf.dir/Core/Src/system_stm32f4xx.c.obj
 .debug_abbrev  0x00000d48      0x1e3 CMakeFiles/Screen_Demo.elf.dir/Core/Src/usart.c.obj
 .debug_abbrev  0x00000f2b       0x12 CMakeFiles/Screen_Demo.elf.dir/Core/Startup/startup_stm32f411ceux.s.obj
 .debug_abbrev  0x00000f3d      0x237 CMakeFiles/Screen_Demo.elf.dir/Drivers/STM32F4xx_HAL_Driver/Src/stm32f4xx_hal.c.obj
 .debug_abbrev  0x00001174      0x36a CMakeFiles/Screen_Demo.elf.dir/Drivers/STM32F4xx_HAL_Driver/Src/stm32f4xx_hal_cortex.c.obj
 .debug_abbrev  0x000014de      0x282 CMakeFiles/Screen_Demo.elf.dir/Drivers/STM32F4xx_HAL_Driver/Src/stm32f4xx_hal_dma.c.obj
 .debug_abbrev  0x00001760      0x1ef CMakeFiles/Screen_Demo.elf.dir/Drivers/STM32F4xx_HAL_Driver/Src/stm32f4xx_hal_gpio.c.obj
 .debug_abbrev  0x0000194f      0x2b5 CMakeFiles/Screen_Demo.elf.dir/Drivers/STM32F4xx_HAL_Driver/Src/stm32f4xx_hal_pcd.c.obj
 .debug_abbrev  0x00001c04      0x1e5 CMakeFiles/Screen_Demo.elf.dir/Drivers/STM32F4xx_HAL_Driver/Src/stm32f4xx_hal_pcd_ex.c.obj
 .debug_abbrev  0x00001de9      0x28a CMakeFiles/Screen_Demo.elf.dir/Drivers/STM32F4xx_HAL_Driver/Src/stm32f4xx_hal_rcc.c.obj
 .debug_abbrev  0x00002073      0x24e CMakeFiles/Screen_Demo.elf.dir/Drivers/STM32F4xx_HAL_Driver/Src/stm32f4xx_hal_spi.c.obj
 .debug_abbrev  0x000022c1      0x30e CMakeFiles/Screen_Demo.elf.dir/Drivers/STM32F4xx_HAL_Driver/Src/stm32f4xx_hal_uart.c.obj
 .debug_abbrev  0x000025cf      0x2cb CMakeFiles/Screen_Demo.elf.dir/Drivers/STM32F4xx_HAL_Driver/Src/stm32f4xx_ll_usb.c.obj
 .debug_abbrev  0x0000289a      0x317 CMakeFiles/Screen_Demo.elf.dir/Middlewares/ST/STM32_USB_Device_Library/Class/CDC/Src/usbd_cdc.c.obj
 .debug_abbrev  0x00002bb1      0x2a8 CMakeFiles/Screen_Demo.elf.dir/Middlewares/ST/STM32_USB_Device_Library/Core/Src/usbd_core.c.obj
 .debug_abbrev  0x00002e59      0x32e CMakeFiles/Screen_Demo.elf.dir/Middlewares/ST/STM32_USB_Device_Library/Core/Src/usbd_ctlreq.c.obj
 .debug_abbrev  0x00003187      0x184 CMakeFiles/Screen_Demo.elf.dir/Middlewares/ST/STM32_USB_Device_Library/Core/Src/usbd_ioreq.c.obj
 .debug_abbrev  0x0000330b      0x196 CMakeFiles/Screen_Demo.elf.dir/USB_DEVICE/App/usb_device.c.obj
 .debug_abbrev  0x000034a1      0x2b3 CMakeFiles/Screen_Demo.elf.dir/USB_DEVICE/App/usbd_cdc_if.c.obj
 .debug_abbrev  0x00003754      0x1ca CMakeFiles/Screen_Demo.elf.dir/USB_DEVICE/App/usbd_desc.c.obj
 .debug_abbrev  0x0000391e      0x2cf CMakeFiles/Screen_Demo.elf.dir/USB_DEVICE/Target/usbd_conf.c.obj

.debug_loc      0x00000000    0x128ec
 .debug_loc     0x00000000     0x1a0d CMakeFiles/Screen_Demo.elf.dir/Core/Src/GFX_FUNCTIONS.c.obj
 .debug_loc     0x00001a0d      0x776 CMakeFiles/Screen_Demo.elf.dir/Core/Src/ST7735.c.obj
 .debug_loc     0x00002183       0x32 CMakeFiles/Screen_Demo.elf.dir/Core/Src/main.c.obj
 .debug_loc     0x000021b5       0x84 CMakeFiles/Screen_Demo.elf.dir/Core/Src/spi.c.obj
 .debug_loc     0x00002239      0x158 CMakeFiles/Screen_Demo.elf.dir/Core/Src/system_stm32f4xx.c.obj
 .debug_loc     0x00002391       0x84 CMakeFiles/Screen_Demo.elf.dir/Core/Src/usart.c.obj
 .debug_loc     0x00002415      0x141 CMakeFiles/Screen_Demo.elf.dir/Drivers/STM32F4xx_HAL_Driver/Src/stm32f4xx_hal.c.obj
 .debug_loc     0x00002556      0x744 CMakeFiles/Screen_Demo.elf.dir/Drivers/STM32F4xx_HAL_Driver/Src/stm32f4xx_hal_cortex.c.obj
 .debug_loc     0x00002c9a      0xbf9 CMakeFiles/Screen_Demo.elf.dir/Drivers/STM32F4xx_HAL_Driver/Src/stm32f4xx_hal_dma.c.obj
 .debug_loc     0x00003893      0x520 CMakeFiles/Screen_Demo.elf.dir/Drivers/STM32F4xx_HAL_Driver/Src/stm32f4xx_hal_gpio.c.obj
 .debug_loc     0x00003db3     0x1423 CMakeFiles/Screen_Demo.elf.dir/Drivers/STM32F4xx_HAL_Driver/Src/stm32f4xx_hal_pcd.c.obj
 .debug_loc     0x000051d6       0xde CMakeFiles/Screen_Demo.elf.dir/Drivers/STM32F4xx_HAL_Driver/Src/stm32f4xx_hal_pcd_ex.c.obj
 .debug_loc     0x000052b4      0x58c CMakeFiles/Screen_Demo.elf.dir/Drivers/STM32F4xx_HAL_Driver/Src/stm32f4xx_hal_rcc.c.obj
 .debug_loc     0x00005840     0x1ded CMakeFiles/Screen_Demo.elf.dir/Drivers/STM32F4xx_HAL_Driver/Src/stm32f4xx_hal_spi.c.obj
 .debug_loc     0x0000762d     0x49ab CMakeFiles/Screen_Demo.elf.dir/Drivers/STM32F4xx_HAL_Driver/Src/stm32f4xx_hal_uart.c.obj
 .debug_loc     0x0000bfd8     0x255e CMakeFiles/Screen_Demo.elf.dir/Drivers/STM32F4xx_HAL_Driver/Src/stm32f4xx_ll_usb.c.obj
 .debug_loc     0x0000e536      0xa5b CMakeFiles/Screen_Demo.elf.dir/Middlewares/ST/STM32_USB_Device_Library/Class/CDC/Src/usbd_cdc.c.obj
 .debug_loc     0x0000ef91      0xdd6 CMakeFiles/Screen_Demo.elf.dir/Middlewares/ST/STM32_USB_Device_Library/Core/Src/usbd_core.c.obj
 .debug_loc     0x0000fd67     0x1869 CMakeFiles/Screen_Demo.elf.dir/Middlewares/ST/STM32_USB_Device_Library/Core/Src/usbd_ctlreq.c.obj
 .debug_loc     0x000115d0      0x2b8 CMakeFiles/Screen_Demo.elf.dir/Middlewares/ST/STM32_USB_Device_Library/Core/Src/usbd_ioreq.c.obj
 .debug_loc     0x00011888      0x156 CMakeFiles/Screen_Demo.elf.dir/USB_DEVICE/App/usbd_cdc_if.c.obj
 .debug_loc     0x000119de      0x38f CMakeFiles/Screen_Demo.elf.dir/USB_DEVICE/App/usbd_desc.c.obj
 .debug_loc     0x00011d6d      0xb7f CMakeFiles/Screen_Demo.elf.dir/USB_DEVICE/Target/usbd_conf.c.obj

.debug_aranges  0x00000000     0x1138
 .debug_aranges
                0x00000000      0x100 CMakeFiles/Screen_Demo.elf.dir/Core/Src/GFX_FUNCTIONS.c.obj
 .debug_aranges
                0x00000100       0x90 CMakeFiles/Screen_Demo.elf.dir/Core/Src/ST7735.c.obj
 .debug_aranges
                0x00000190       0x20 CMakeFiles/Screen_Demo.elf.dir/Core/Src/gpio.c.obj
 .debug_aranges
                0x000001b0       0x38 CMakeFiles/Screen_Demo.elf.dir/Core/Src/main.c.obj
 .debug_aranges
                0x000001e8       0x30 CMakeFiles/Screen_Demo.elf.dir/Core/Src/spi.c.obj
 .debug_aranges
                0x00000218       0x20 CMakeFiles/Screen_Demo.elf.dir/Core/Src/stm32f4xx_hal_msp.c.obj
 .debug_aranges
                0x00000238       0x70 CMakeFiles/Screen_Demo.elf.dir/Core/Src/stm32f4xx_it.c.obj
 .debug_aranges
                0x000002a8       0x28 CMakeFiles/Screen_Demo.elf.dir/Core/Src/system_stm32f4xx.c.obj
 .debug_aranges
                0x000002d0       0x30 CMakeFiles/Screen_Demo.elf.dir/Core/Src/usart.c.obj
 .debug_aranges
                0x00000300       0x28 CMakeFiles/Screen_Demo.elf.dir/Core/Startup/startup_stm32f411ceux.s.obj
 .debug_aranges
                0x00000328       0xf0 CMakeFiles/Screen_Demo.elf.dir/Drivers/STM32F4xx_HAL_Driver/Src/stm32f4xx_hal.c.obj
 .debug_aranges
                0x00000418       0xa8 CMakeFiles/Screen_Demo.elf.dir/Drivers/STM32F4xx_HAL_Driver/Src/stm32f4xx_hal_cortex.c.obj
 .debug_aranges
                0x000004c0       0x90 CMakeFiles/Screen_Demo.elf.dir/Drivers/STM32F4xx_HAL_Driver/Src/stm32f4xx_hal_dma.c.obj
 .debug_aranges
                0x00000550       0x58 CMakeFiles/Screen_Demo.elf.dir/Drivers/STM32F4xx_HAL_Driver/Src/stm32f4xx_hal_gpio.c.obj
 .debug_aranges
                0x000005a8      0x148 CMakeFiles/Screen_Demo.elf.dir/Drivers/STM32F4xx_HAL_Driver/Src/stm32f4xx_hal_pcd.c.obj
 .debug_aranges
                0x000006f0       0x38 CMakeFiles/Screen_Demo.elf.dir/Drivers/STM32F4xx_HAL_Driver/Src/stm32f4xx_hal_pcd_ex.c.obj
 .debug_aranges
                0x00000728       0x88 CMakeFiles/Screen_Demo.elf.dir/Drivers/STM32F4xx_HAL_Driver/Src/stm32f4xx_hal_rcc.c.obj
 .debug_aranges
                0x000007b0      0x1d0 CMakeFiles/Screen_Demo.elf.dir/Drivers/STM32F4xx_HAL_Driver/Src/stm32f4xx_hal_spi.c.obj
 .debug_aranges
                0x00000980      0x200 CMakeFiles/Screen_Demo.elf.dir/Drivers/STM32F4xx_HAL_Driver/Src/stm32f4xx_hal_uart.c.obj
 .debug_aranges
                0x00000b80      0x1a0 CMakeFiles/Screen_Demo.elf.dir/Drivers/STM32F4xx_HAL_Driver/Src/stm32f4xx_ll_usb.c.obj
 .debug_aranges
                0x00000d20       0x90 CMakeFiles/Screen_Demo.elf.dir/Middlewares/ST/STM32_USB_Device_Library/Class/CDC/Src/usbd_cdc.c.obj
 .debug_aranges
                0x00000db0       0xd8 CMakeFiles/Screen_Demo.elf.dir/Middlewares/ST/STM32_USB_Device_Library/Core/Src/usbd_core.c.obj
 .debug_aranges
                0x00000e88       0x88 CMakeFiles/Screen_Demo.elf.dir/Middlewares/ST/STM32_USB_Device_Library/Core/Src/usbd_ctlreq.c.obj
 .debug_aranges
                0x00000f10       0x50 CMakeFiles/Screen_Demo.elf.dir/Middlewares/ST/STM32_USB_Device_Library/Core/Src/usbd_ioreq.c.obj
 .debug_aranges
                0x00000f60       0x20 CMakeFiles/Screen_Demo.elf.dir/USB_DEVICE/App/usb_device.c.obj
 .debug_aranges
                0x00000f80       0x48 CMakeFiles/Screen_Demo.elf.dir/USB_DEVICE/App/usbd_cdc_if.c.obj
 .debug_aranges
                0x00000fc8       0x60 CMakeFiles/Screen_Demo.elf.dir/USB_DEVICE/App/usbd_desc.c.obj
 .debug_aranges
                0x00001028      0x110 CMakeFiles/Screen_Demo.elf.dir/USB_DEVICE/Target/usbd_conf.c.obj

.debug_ranges   0x00000000     0x1028
 .debug_ranges  0x00000000       0xf0 CMakeFiles/Screen_Demo.elf.dir/Core/Src/GFX_FUNCTIONS.c.obj
 .debug_ranges  0x000000f0       0x98 CMakeFiles/Screen_Demo.elf.dir/Core/Src/ST7735.c.obj
 .debug_ranges  0x00000188       0x10 CMakeFiles/Screen_Demo.elf.dir/Core/Src/gpio.c.obj
 .debug_ranges  0x00000198       0x28 CMakeFiles/Screen_Demo.elf.dir/Core/Src/main.c.obj
 .debug_ranges  0x000001c0       0x20 CMakeFiles/Screen_Demo.elf.dir/Core/Src/spi.c.obj
 .debug_ranges  0x000001e0       0x10 CMakeFiles/Screen_Demo.elf.dir/Core/Src/stm32f4xx_hal_msp.c.obj
 .debug_ranges  0x000001f0       0x60 CMakeFiles/Screen_Demo.elf.dir/Core/Src/stm32f4xx_it.c.obj
 .debug_ranges  0x00000250       0x18 CMakeFiles/Screen_Demo.elf.dir/Core/Src/system_stm32f4xx.c.obj
 .debug_ranges  0x00000268       0x20 CMakeFiles/Screen_Demo.elf.dir/Core/Src/usart.c.obj
 .debug_ranges  0x00000288       0x20 CMakeFiles/Screen_Demo.elf.dir/Core/Startup/startup_stm32f411ceux.s.obj
 .debug_ranges  0x000002a8       0xe0 CMakeFiles/Screen_Demo.elf.dir/Drivers/STM32F4xx_HAL_Driver/Src/stm32f4xx_hal.c.obj
 .debug_ranges  0x00000388       0xf8 CMakeFiles/Screen_Demo.elf.dir/Drivers/STM32F4xx_HAL_Driver/Src/stm32f4xx_hal_cortex.c.obj
 .debug_ranges  0x00000480       0x80 CMakeFiles/Screen_Demo.elf.dir/Drivers/STM32F4xx_HAL_Driver/Src/stm32f4xx_hal_dma.c.obj
 .debug_ranges  0x00000500       0x48 CMakeFiles/Screen_Demo.elf.dir/Drivers/STM32F4xx_HAL_Driver/Src/stm32f4xx_hal_gpio.c.obj
 .debug_ranges  0x00000548      0x138 CMakeFiles/Screen_Demo.elf.dir/Drivers/STM32F4xx_HAL_Driver/Src/stm32f4xx_hal_pcd.c.obj
 .debug_ranges  0x00000680       0x28 CMakeFiles/Screen_Demo.elf.dir/Drivers/STM32F4xx_HAL_Driver/Src/stm32f4xx_hal_pcd_ex.c.obj
 .debug_ranges  0x000006a8       0x90 CMakeFiles/Screen_Demo.elf.dir/Drivers/STM32F4xx_HAL_Driver/Src/stm32f4xx_hal_rcc.c.obj
 .debug_ranges  0x00000738      0x1c0 CMakeFiles/Screen_Demo.elf.dir/Drivers/STM32F4xx_HAL_Driver/Src/stm32f4xx_hal_spi.c.obj
 .debug_ranges  0x000008f8      0x208 CMakeFiles/Screen_Demo.elf.dir/Drivers/STM32F4xx_HAL_Driver/Src/stm32f4xx_hal_uart.c.obj
 .debug_ranges  0x00000b00      0x190 CMakeFiles/Screen_Demo.elf.dir/Drivers/STM32F4xx_HAL_Driver/Src/stm32f4xx_ll_usb.c.obj
 .debug_ranges  0x00000c90       0x80 CMakeFiles/Screen_Demo.elf.dir/Middlewares/ST/STM32_USB_Device_Library/Class/CDC/Src/usbd_cdc.c.obj
 .debug_ranges  0x00000d10       0xc8 CMakeFiles/Screen_Demo.elf.dir/Middlewares/ST/STM32_USB_Device_Library/Core/Src/usbd_core.c.obj
 .debug_ranges  0x00000dd8       0x78 CMakeFiles/Screen_Demo.elf.dir/Middlewares/ST/STM32_USB_Device_Library/Core/Src/usbd_ctlreq.c.obj
 .debug_ranges  0x00000e50       0x40 CMakeFiles/Screen_Demo.elf.dir/Middlewares/ST/STM32_USB_Device_Library/Core/Src/usbd_ioreq.c.obj
 .debug_ranges  0x00000e90       0x10 CMakeFiles/Screen_Demo.elf.dir/USB_DEVICE/App/usb_device.c.obj
 .debug_ranges  0x00000ea0       0x38 CMakeFiles/Screen_Demo.elf.dir/USB_DEVICE/App/usbd_cdc_if.c.obj
 .debug_ranges  0x00000ed8       0x50 CMakeFiles/Screen_Demo.elf.dir/USB_DEVICE/App/usbd_desc.c.obj
 .debug_ranges  0x00000f28      0x100 CMakeFiles/Screen_Demo.elf.dir/USB_DEVICE/Target/usbd_conf.c.obj

.debug_line     0x00000000    0x13331
 .debug_line    0x00000000     0x11bf CMakeFiles/Screen_Demo.elf.dir/Core/Src/GFX_FUNCTIONS.c.obj
 .debug_line    0x000011bf      0x827 CMakeFiles/Screen_Demo.elf.dir/Core/Src/ST7735.c.obj
 .debug_line    0x000019e6      0x221 CMakeFiles/Screen_Demo.elf.dir/Core/Src/gpio.c.obj
 .debug_line    0x00001c07      0x45d CMakeFiles/Screen_Demo.elf.dir/Core/Src/main.c.obj
 .debug_line    0x00002064      0x323 CMakeFiles/Screen_Demo.elf.dir/Core/Src/spi.c.obj
 .debug_line    0x00002387      0x15c CMakeFiles/Screen_Demo.elf.dir/Core/Src/stm32f4xx_hal_msp.c.obj
 .debug_line    0x000024e3      0x36a CMakeFiles/Screen_Demo.elf.dir/Core/Src/stm32f4xx_it.c.obj
 .debug_line    0x0000284d      0x225 CMakeFiles/Screen_Demo.elf.dir/Core/Src/system_stm32f4xx.c.obj
 .debug_line    0x00002a72      0x326 CMakeFiles/Screen_Demo.elf.dir/Core/Src/usart.c.obj
 .debug_line    0x00002d98       0xa4 CMakeFiles/Screen_Demo.elf.dir/Core/Startup/startup_stm32f411ceux.s.obj
 .debug_line    0x00002e3c      0x5a5 CMakeFiles/Screen_Demo.elf.dir/Drivers/STM32F4xx_HAL_Driver/Src/stm32f4xx_hal.c.obj
 .debug_line    0x000033e1      0x7b8 CMakeFiles/Screen_Demo.elf.dir/Drivers/STM32F4xx_HAL_Driver/Src/stm32f4xx_hal_cortex.c.obj
 .debug_line    0x00003b99      0xe46 CMakeFiles/Screen_Demo.elf.dir/Drivers/STM32F4xx_HAL_Driver/Src/stm32f4xx_hal_dma.c.obj
 .debug_line    0x000049df      0x6e4 CMakeFiles/Screen_Demo.elf.dir/Drivers/STM32F4xx_HAL_Driver/Src/stm32f4xx_hal_gpio.c.obj
 .debug_line    0x000050c3     0x157d CMakeFiles/Screen_Demo.elf.dir/Drivers/STM32F4xx_HAL_Driver/Src/stm32f4xx_hal_pcd.c.obj
 .debug_line    0x00006640      0x2d6 CMakeFiles/Screen_Demo.elf.dir/Drivers/STM32F4xx_HAL_Driver/Src/stm32f4xx_hal_pcd_ex.c.obj
 .debug_line    0x00006916      0xb30 CMakeFiles/Screen_Demo.elf.dir/Drivers/STM32F4xx_HAL_Driver/Src/stm32f4xx_hal_rcc.c.obj
 .debug_line    0x00007446     0x250a CMakeFiles/Screen_Demo.elf.dir/Drivers/STM32F4xx_HAL_Driver/Src/stm32f4xx_hal_spi.c.obj
 .debug_line    0x00009950     0x462e CMakeFiles/Screen_Demo.elf.dir/Drivers/STM32F4xx_HAL_Driver/Src/stm32f4xx_hal_uart.c.obj
 .debug_line    0x0000df7e     0x1e72 CMakeFiles/Screen_Demo.elf.dir/Drivers/STM32F4xx_HAL_Driver/Src/stm32f4xx_ll_usb.c.obj
 .debug_line    0x0000fdf0      0xa76 CMakeFiles/Screen_Demo.elf.dir/Middlewares/ST/STM32_USB_Device_Library/Class/CDC/Src/usbd_cdc.c.obj
 .debug_line    0x00010866      0x9cc CMakeFiles/Screen_Demo.elf.dir/Middlewares/ST/STM32_USB_Device_Library/Core/Src/usbd_core.c.obj
 .debug_line    0x00011232      0xd43 CMakeFiles/Screen_Demo.elf.dir/Middlewares/ST/STM32_USB_Device_Library/Core/Src/usbd_ctlreq.c.obj
 .debug_line    0x00011f75      0x2ac CMakeFiles/Screen_Demo.elf.dir/Middlewares/ST/STM32_USB_Device_Library/Core/Src/usbd_ioreq.c.obj
 .debug_line    0x00012221      0x24d CMakeFiles/Screen_Demo.elf.dir/USB_DEVICE/App/usb_device.c.obj
 .debug_line    0x0001246e      0x2fb CMakeFiles/Screen_Demo.elf.dir/USB_DEVICE/App/usbd_cdc_if.c.obj
 .debug_line    0x00012769      0x35f CMakeFiles/Screen_Demo.elf.dir/USB_DEVICE/App/usbd_desc.c.obj
 .debug_line    0x00012ac8      0x869 CMakeFiles/Screen_Demo.elf.dir/USB_DEVICE/Target/usbd_conf.c.obj

.debug_str      0x00000000     0x5075
 .debug_str     0x00000000      0x3d7 CMakeFiles/Screen_Demo.elf.dir/Core/Src/GFX_FUNCTIONS.c.obj
                                0x443 (size before relaxing)
 .debug_str     0x000003d7      0x615 CMakeFiles/Screen_Demo.elf.dir/Core/Src/ST7735.c.obj
                                0x892 (size before relaxing)
 .debug_str     0x000009ec      0x18a CMakeFiles/Screen_Demo.elf.dir/Core/Src/gpio.c.obj
                                0x3ad (size before relaxing)
 .debug_str     0x00000b76      0x239 CMakeFiles/Screen_Demo.elf.dir/Core/Src/main.c.obj
                                0x5a8 (size before relaxing)
 .debug_str     0x00000daf       0x77 CMakeFiles/Screen_Demo.elf.dir/Core/Src/spi.c.obj
                                0x836 (size before relaxing)
 .debug_str     0x00000e26       0x48 CMakeFiles/Screen_Demo.elf.dir/Core/Src/stm32f4xx_hal_msp.c.obj
                                0x2fc (size before relaxing)
 .debug_str     0x00000e6e      0x5ea CMakeFiles/Screen_Demo.elf.dir/Core/Src/stm32f4xx_it.c.obj
                                0xa77 (size before relaxing)
 .debug_str     0x00001458       0xa3 CMakeFiles/Screen_Demo.elf.dir/Core/Src/system_stm32f4xx.c.obj
                                0x35d (size before relaxing)
 .debug_str     0x000014fb      0x43f CMakeFiles/Screen_Demo.elf.dir/Core/Src/usart.c.obj
                                0xc0f (size before relaxing)
 .debug_str     0x0000193a       0x52 CMakeFiles/Screen_Demo.elf.dir/Core/Startup/startup_stm32f411ceux.s.obj