Archive member included to satisfy reference by file (symbol)

e:/armgnu/10 2021.10/bin/../lib/gcc/arm-none-eabi/10.3.1/thumb/v7e-m/nofp\libgcc.a(_aeabi_uldivmod.o)
                              CMakeFiles/Screen_Demo.elf.dir/Drivers/STM32F4xx_HAL_Driver/Src/stm32f4xx_hal_rcc.c.obj (__aeabi_uldivmod)
e:/armgnu/10 2021.10/bin/../lib/gcc/arm-none-eabi/10.3.1/thumb/v7e-m/nofp\libgcc.a(_udivmoddi4.o)
                              e:/armgnu/10 2021.10/bin/../lib/gcc/arm-none-eabi/10.3.1/thumb/v7e-m/nofp\libgcc.a(_aeabi_uldivmod.o) (__udivmoddi4)
e:/armgnu/10 2021.10/bin/../lib/gcc/arm-none-eabi/10.3.1/thumb/v7e-m/nofp\libgcc.a(_dvmd_tls.o)
                              e:/armgnu/10 2021.10/bin/../lib/gcc/arm-none-eabi/10.3.1/thumb/v7e-m/nofp\libgcc.a(_aeabi_uldivmod.o) (__aeabi_ldiv0)
e:/armgnu/10 2021.10/bin/../lib/gcc/arm-none-eabi/10.3.1/../../../../arm-none-eabi/lib/thumb/v7e-m/nofp\libg.a(lib_a-errno.o)
                              CMakeFiles/Screen_Demo.elf.dir/Core/Src/syscalls.c.obj (__errno)
e:/armgnu/10 2021.10/bin/../lib/gcc/arm-none-eabi/10.3.1/../../../../arm-none-eabi/lib/thumb/v7e-m/nofp\libg.a(lib_a-exit.o)
                              e:/armgnu/10 2021.10/bin/../lib/gcc/arm-none-eabi/10.3.1/../../../../arm-none-eabi/lib/thumb/v7e-m/nofp/crt0.o (exit)
e:/armgnu/10 2021.10/bin/../lib/gcc/arm-none-eabi/10.3.1/../../../../arm-none-eabi/lib/thumb/v7e-m/nofp\libg.a(lib_a-impure.o)
                              e:/armgnu/10 2021.10/bin/../lib/gcc/arm-none-eabi/10.3.1/../../../../arm-none-eabi/lib/thumb/v7e-m/nofp\libg.a(lib_a-exit.o) (_global_impure_ptr)
e:/armgnu/10 2021.10/bin/../lib/gcc/arm-none-eabi/10.3.1/../../../../arm-none-eabi/lib/thumb/v7e-m/nofp\libg.a(lib_a-init.o)
                              e:/armgnu/10 2021.10/bin/../lib/gcc/arm-none-eabi/10.3.1/../../../../arm-none-eabi/lib/thumb/v7e-m/nofp/crt0.o (__libc_init_array)
e:/armgnu/10 2021.10/bin/../lib/gcc/arm-none-eabi/10.3.1/../../../../arm-none-eabi/lib/thumb/v7e-m/nofp\libg.a(lib_a-memcpy.o)
                              CMakeFiles/Screen_Demo.elf.dir/USB_DEVICE/App/usbd_cdc_if.c.obj (memcpy)
e:/armgnu/10 2021.10/bin/../lib/gcc/arm-none-eabi/10.3.1/../../../../arm-none-eabi/lib/thumb/v7e-m/nofp\libg.a(lib_a-memset.o)
                              e:/armgnu/10 2021.10/bin/../lib/gcc/arm-none-eabi/10.3.1/../../../../arm-none-eabi/lib/thumb/v7e-m/nofp/crt0.o (memset)
e:/armgnu/10 2021.10/bin/../lib/gcc/arm-none-eabi/10.3.1/../../../../arm-none-eabi/lib/thumb/v7e-m/nofp\libg.a(lib_a-strlen.o)
                              CMakeFiles/Screen_Demo.elf.dir/Core/Src/main.c.obj (strlen)
e:/armgnu/10 2021.10/bin/../lib/gcc/arm-none-eabi/10.3.1/../../../../arm-none-eabi/lib/thumb/v7e-m/nofp\libg.a(lib_a-__call_atexit.o)
                              e:/armgnu/10 2021.10/bin/../lib/gcc/arm-none-eabi/10.3.1/../../../../arm-none-eabi/lib/thumb/v7e-m/nofp\libg.a(lib_a-exit.o) (__call_exitprocs)
e:/armgnu/10 2021.10/bin/../lib/gcc/arm-none-eabi/10.3.1/../../../../arm-none-eabi/lib/thumb/v7e-m/nofp\libg.a(lib_a-atexit.o)
                              e:/armgnu/10 2021.10/bin/../lib/gcc/arm-none-eabi/10.3.1/../../../../arm-none-eabi/lib/thumb/v7e-m/nofp\libg.a(lib_a-__call_atexit.o) (atexit)
e:/armgnu/10 2021.10/bin/../lib/gcc/arm-none-eabi/10.3.1/../../../../arm-none-eabi/lib/thumb/v7e-m/nofp\libg.a(lib_a-fini.o)
                              e:/armgnu/10 2021.10/bin/../lib/gcc/arm-none-eabi/10.3.1/../../../../arm-none-eabi/lib/thumb/v7e-m/nofp\libg.a(lib_a-__call_atexit.o) (__libc_fini_array)
e:/armgnu/10 2021.10/bin/../lib/gcc/arm-none-eabi/10.3.1/../../../../arm-none-eabi/lib/thumb/v7e-m/nofp\libg.a(lib_a-lock.o)
                              e:/armgnu/10 2021.10/bin/../lib/gcc/arm-none-eabi/10.3.1/../../../../arm-none-eabi/lib/thumb/v7e-m/nofp\libg.a(lib_a-__call_atexit.o) (__retarget_lock_acquire_recursive)
e:/armgnu/10 2021.10/bin/../lib/gcc/arm-none-eabi/10.3.1/../../../../arm-none-eabi/lib/thumb/v7e-m/nofp\libg.a(lib_a-__atexit.o)
                              e:/armgnu/10 2021.10/bin/../lib/gcc/arm-none-eabi/10.3.1/../../../../arm-none-eabi/lib/thumb/v7e-m/nofp\libg.a(lib_a-atexit.o) (__register_exitproc)

Discarded input sections

 .text          0x00000000        0x0 e:/armgnu/10 2021.10/bin/../lib/gcc/arm-none-eabi/10.3.1/thumb/v7e-m/nofp/crti.o
 .data          0x00000000        0x0 e:/armgnu/10 2021.10/bin/../lib/gcc/arm-none-eabi/10.3.1/thumb/v7e-m/nofp/crti.o
 .bss           0x00000000        0x0 e:/armgnu/10 2021.10/bin/../lib/gcc/arm-none-eabi/10.3.1/thumb/v7e-m/nofp/crti.o
 .data          0x00000000        0x4 e:/armgnu/10 2021.10/bin/../lib/gcc/arm-none-eabi/10.3.1/thumb/v7e-m/nofp/crtbegin.o
 .rodata        0x00000000       0x24 e:/armgnu/10 2021.10/bin/../lib/gcc/arm-none-eabi/10.3.1/thumb/v7e-m/nofp/crtbegin.o
 .text          0x00000000       0x7c e:/armgnu/10 2021.10/bin/../lib/gcc/arm-none-eabi/10.3.1/../../../../arm-none-eabi/lib/thumb/v7e-m/nofp/crt0.o
[...]
Memory Configuration

Name             Origin             Length             Attributes
RAM              0x20000000         0x00020000         xrw
FLASH            0x08000000         0x00080000         xr
*default*        0x00000000         0xffffffff

Linker script and memory map

LOAD e:/armgnu/10 2021.10/bin/../lib/gcc/arm-none-eabi/10.3.1/thumb/v7e-m/nofp/crti.o
LOAD e:/armgnu/10 2021.10/bin/../lib/gcc/arm-none-eabi/10.3.1/thumb/v7e-m/nofp/crtbegin.o
LOAD e:/armgnu/10 2021.10/bin/../lib/gcc/arm-none-eabi/10.3.1/../../../../arm-none-eabi/lib/thumb/v7e-m/nofp/crt0.o
LOAD CMakeFiles/Screen_Demo.elf.dir/Core/Src/GFX_FUNCTIONS.c.obj
LOAD CMakeFiles/Screen_Demo.elf.dir/Core/Src/ST7735.c.obj
LOAD CMakeFiles/Screen_Demo.elf.dir/Core/Src/fonts.c.obj
LOAD CMakeFiles/Screen_Demo.elf.dir/Core/Src/gpio.c.obj
LOAD CMakeFiles/Screen_Demo.elf.dir/Core/Src/main.c.obj
LOAD CMakeFiles/Screen_Demo.elf.dir/Core/Src/spi.c.obj
LOAD CMakeFiles/Screen_Demo.elf.dir/Core/Src/stm32f4xx_hal_msp.c.obj
LOAD CMakeFiles/Screen_Demo.elf.dir/Core/Src/stm32f4xx_it.c.obj
LOAD CMakeFiles/Screen_Demo.elf.dir/Core/Src/syscalls.c.obj
LOAD CMakeFiles/Screen_Demo.elf.dir/Core/Src/sysmem.c.obj
LOAD CMakeFiles/Screen_Demo.elf.dir/Core/Src/system_stm32f4xx.c.obj
LOAD CMakeFiles/Screen_Demo.elf.dir/Core/Startup/startup_stm32f411ceux.s.obj
LOAD CMakeFiles/Screen_Demo.elf.dir/Drivers/STM32F4xx_HAL_Driver/Src/stm32f4xx_hal.c.obj
LOAD CMakeFiles/Screen_Demo.elf.dir/Drivers/STM32F4xx_HAL_Driver/Src/stm32f4xx_hal_cortex.c.obj
LOAD CMakeFiles/Screen_Demo.elf.dir/Drivers/STM32F4xx_HAL_Driver/Src/stm32f4xx_hal_dma.c.obj
LOAD CMakeFiles/Screen_Demo.elf.dir/Drivers/STM32F4xx_HAL_Driver/Src/stm32f4xx_hal_dma_ex.c.obj
LOAD CMakeFiles/Screen_Demo.elf.dir/Drivers/STM32F4xx_HAL_Driver/Src/stm32f4xx_hal_exti.c.obj
LOAD CMakeFiles/Screen_Demo.elf.dir/Drivers/STM32F4xx_HAL_Driver/Src/stm32f4xx_hal_flash.c.obj
LOAD CMakeFiles/Screen_Demo.elf.dir/Drivers/STM32F4xx_HAL_Driver/Src/stm32f4xx_hal_flash_ex.c.obj
LOAD CMakeFiles/Screen_Demo.elf.dir/Drivers/STM32F4xx_HAL_Driver/Src/stm32f4xx_hal_flash_ramfunc.c.obj
LOAD CMakeFiles/Screen_Demo.elf.dir/Drivers/STM32F4xx_HAL_Driver/Src/stm32f4xx_hal_gpio.c.obj
LOAD CMakeFiles/Screen_Demo.elf.dir/Drivers/STM32F4xx_HAL_Driver/Src/stm32f4xx_hal_pcd.c.obj
LOAD CMakeFiles/Screen_Demo.elf.dir/Drivers/STM32F4xx_HAL_Driver/Src/stm32f4xx_hal_pcd_ex.c.obj
LOAD CMakeFiles/Screen_Demo.elf.dir/Drivers/STM32F4xx_HAL_Driver/Src/stm32f4xx_hal_pwr.c.obj
LOAD CMakeFiles/Screen_Demo.elf.dir/Drivers/STM32F4xx_HAL_Driver/Src/stm32f4xx_hal_pwr_ex.c.obj
LOAD CMakeFiles/Screen_Demo.elf.dir/Drivers/STM32F4xx_HAL_Driver/Src/stm32f4xx_hal_rcc.c.obj
LOAD CMakeFiles/Screen_Demo.elf.dir/Drivers/STM32F4xx_HAL_Driver/Src/stm32f4xx_hal_rcc_ex.c.obj
LOAD CMakeFiles/Screen_Demo.elf.dir/Drivers/STM32F4xx_HAL_Driver/Src/stm32f4xx_hal_spi.c.obj
LOAD CMakeFiles/Screen_Demo.elf.dir/Drivers/STM32F4xx_HAL_Driver/Src/stm32f4xx_hal_tim.c.obj
LOAD CMakeFiles/Screen_Demo.elf.dir/Drivers/STM32F4xx_HAL_Driver/Src/stm32f4xx_hal_tim_ex.c.obj
LOAD CMakeFiles/Screen_Demo.elf.dir/Drivers/STM32F4xx_HAL_Driver/Src/stm32f4xx_ll_usb.c.obj
LOAD CMakeFiles/Screen_Demo.elf.dir/Middlewares/ST/STM32_USB_Device_Library/Class/CDC/Src/usbd_cdc.c.obj
LOAD CMakeFiles/Screen_Demo.elf.dir/Middlewares/ST/STM32_USB_Device_Library/Core/Src/usbd_core.c.obj
LOAD CMakeFiles/Screen_Demo.elf.dir/Middlewares/ST/STM32_USB_Device_Library/Core/Src/usbd_ctlreq.c.obj
LOAD CMakeFiles/Screen_Demo.elf.dir/Middlewares/ST/STM32_USB_Device_Library/Core/Src/usbd_ioreq.c.obj
LOAD CMakeFiles/Screen_Demo.elf.dir/USB_DEVICE/App/usb_device.c.obj
LOAD CMakeFiles/Screen_Demo.elf.dir/USB_DEVICE/App/usbd_cdc_if.c.obj
LOAD CMakeFiles/Screen_Demo.elf.dir/USB_DEVICE/App/usbd_desc.c.obj
LOAD CMakeFiles/Screen_Demo.elf.dir/USB_DEVICE/Target/usbd_conf.c.obj
START GROUP
LOAD e:/armgnu/10 2021.10/bin/../lib/gcc/arm-none-eabi/10.3.1/thumb/v7e-m/nofp\libgcc.a
LOAD e:/armgnu/10 2021.10/bin/../lib/gcc/arm-none-eabi/10.3.1/../../../../arm-none-eabi/lib/thumb/v7e-m/nofp\libg.a
LOAD e:/armgnu/10 2021.10/bin/../lib/gcc/arm-none-eabi/10.3.1/../../../../arm-none-eabi/lib/thumb/v7e-m/nofp\libc.a
END GROUP
LOAD e:/armgnu/10 2021.10/bin/../lib/gcc/arm-none-eabi/10.3.1/thumb/v7e-m/nofp/crtend.o
LOAD e:/armgnu/10 2021.10/bin/../lib/gcc/arm-none-eabi/10.3.1/thumb/v7e-m/nofp/crtn.o
                0x20020000                _estack = (ORIGIN (RAM) + LENGTH (RAM))
                0x00000200                _Min_Heap_Size = 0x200
                0x00000400                _Min_Stack_Size = 0x400

.isr_vector     0x08000000      0x198
                0x08000000                . = ALIGN (0x4)
 *(.isr_vector)
 .isr_vector    0x08000000      0x198 CMakeFiles/Screen_Demo.elf.dir/Core/Startup/startup_stm32f411ceux.s.obj
                0x08000000                g_pfnVectors
                0x08000198                . = ALIGN (0x4)

.text           0x08000198     0x4940
                0x08000198                . = ALIGN (0x4)
 *(.text)
 .text          0x08000198       0x40 e:/armgnu/10 2021.10/bin/../lib/gcc/arm-none-eabi/10.3.1/thumb/v7e-m/nofp/crtbegin.o
 .text          0x080001d8       0x30 e:/armgnu/10 2021.10/bin/../lib/gcc/arm-none-eabi/10.3.1/thumb/v7e-m/nofp\libgcc.a(_aeabi_uldivmod.o)
                0x080001d8                __aeabi_uldivmod
 .text          0x08000208      0x2d0 e:/armgnu/10 2021.10/bin/../lib/gcc/arm-none-eabi/10.3.1/thumb/v7e-m/nofp\libgcc.a(_udivmoddi4.o)
                0x08000208                __udivmoddi4
 .text          0x080004d8        0x4 e:/armgnu/10 2021.10/bin/../lib/gcc/arm-none-eabi/10.3.1/thumb/v7e-m/nofp\libgcc.a(_dvmd_tls.o)
                0x080004d8                __aeabi_idiv0
                0x080004d8                __aeabi_ldiv0
 .text          0x080004dc      0x134 e:/armgnu/10 2021.10/bin/../lib/gcc/arm-none-eabi/10.3.1/../../../../arm-none-eabi/lib/thumb/v7e-m/nofp\libg.a(lib_a-memcpy.o)
                0x080004dc                memcpy
 *(.text*)
 .text.fillRect
                0x08000610       0x1a CMakeFiles/Screen_Demo.elf.dir/Core/Src/GFX_FUNCTIONS.c.obj
                0x08000610                fillRect
 *fill*         0x0800062a        0x2 
 .text.fillScreen
                0x0800062c       0x28 CMakeFiles/Screen_Demo.elf.dir/Core/Src/GFX_FUNCTIONS.c.obj
                0x0800062c                fillScreen
 .text.ST7735_Select
                0x08000654       0x14 CMakeFiles/Screen_Demo.elf.dir/Core/Src/ST7735.c.obj
                0x08000654                ST7735_Select
 .text.ST7735_Unselect
                0x08000668       0x14 CMakeFiles/Screen_Demo.elf.dir/Core/Src/ST7735.c.obj
                0x08000668                ST7735_Unselect
 .text.ST7735_Reset
                0x0800067c       0x24 CMakeFiles/Screen_Demo.elf.dir/Core/Src/ST7735.c.obj
                0x0800067c                ST7735_Reset
 .text.ST7735_WriteCommand
                0x080006a0       0x30 CMakeFiles/Screen_Demo.elf.dir/Core/Src/ST7735.c.obj
                0x080006a0                ST7735_WriteCommand
 .text.ST7735_WriteData
                0x080006d0       0x34 CMakeFiles/Screen_Demo.elf.dir/Core/Src/ST7735.c.obj
                0x080006d0                ST7735_WriteData
 .text.DisplayInit
                0x08000704       0x4c CMakeFiles/Screen_Demo.elf.dir/Core/Src/ST7735.c.obj
                0x08000704                DisplayInit
 .text.ST7735_SetAddressWindow
                0x08000750       0x68 CMakeFiles/Screen_Demo.elf.dir/Core/Src/ST7735.c.obj
                0x08000750                ST7735_SetAddressWindow
 .text.ST7735_SetRotation
                0x080007b8       0xe0 CMakeFiles/Screen_Demo.elf.dir/Core/Src/ST7735.c.obj
                0x080007b8                ST7735_SetRotation
 .text.ST7735_Init
                0x08000898       0x48 CMakeFiles/Screen_Demo.elf.dir/Core/Src/ST7735.c.obj
                0x08000898                ST7735_Init
 .text.ST7735_FillRectangle
                0x080008e0       0xac CMakeFiles/Screen_Demo.elf.dir/Core/Src/ST7735.c.obj
                0x080008e0                ST7735_FillRectangle
 .text.ST7735_DrawImage
                0x0800098c       0x64 CMakeFiles/Screen_Demo.elf.dir/Core/Src/ST7735.c.obj
                0x0800098c                ST7735_DrawImage
 .text.MX_GPIO_Init
                0x080009f0       0xb8 CMakeFiles/Screen_Demo.elf.dir/Core/Src/gpio.c.obj
                0x080009f0                MX_GPIO_Init
 .text.Error_Handler
                0x08000aa8        0x4 CMakeFiles/Screen_Demo.elf.dir/Core/Src/main.c.obj
                0x08000aa8                Error_Handler
 .text.SystemClock_Config
                0x08000aac       0xa4 CMakeFiles/Screen_Demo.elf.dir/Core/Src/main.c.obj
                0x08000aac                SystemClock_Config
 .text.main     0x08000b50       0x4c CMakeFiles/Screen_Demo.elf.dir/Core/Src/main.c.obj
                0x08000b50                main
 .text.MX_SPI1_Init
                0x08000b9c       0x48 CMakeFiles/Screen_Demo.elf.dir/Core/Src/spi.c.obj
                0x08000b9c                MX_SPI1_Init
 .text.HAL_SPI_MspInit
                0x08000be4       0x70 CMakeFiles/Screen_Demo.elf.dir/Core/Src/spi.c.obj
                0x08000be4                HAL_SPI_MspInit
 .text.HAL_MspInit
                0x08000c54       0x38 CMakeFiles/Screen_Demo.elf.dir/Core/Src/stm32f4xx_hal_msp.c.obj
                0x08000c54                HAL_MspInit
 .text.NMI_Handler
                0x08000c8c        0x2 CMakeFiles/Screen_Demo.elf.dir/Core/Src/stm32f4xx_it.c.obj
                0x08000c8c                NMI_Handler
 .text.HardFault_Handler
                0x08000c8e        0x2 CMakeFiles/Screen_Demo.elf.dir/Core/Src/stm32f4xx_it.c.obj
                0x08000c8e                HardFault_Handler
 .text.MemManage_Handler
                0x08000c90        0x2 CMakeFiles/Screen_Demo.elf.dir/Core/Src/stm32f4xx_it.c.obj
                0x08000c90                MemManage_Handler
 .text.BusFault_Handler
                0x08000c92        0x2 CMakeFiles/Screen_Demo.elf.dir/Core/Src/stm32f4xx_it.c.obj
                0x08000c92                BusFault_Handler
 .text.UsageFault_Handler
                0x08000c94        0x2 CMakeFiles/Screen_Demo.elf.dir/Core/Src/stm32f4xx_it.c.obj
                0x08000c94                UsageFault_Handler
 .text.SVC_Handler
                0x08000c96        0x2 CMakeFiles/Screen_Demo.elf.dir/Core/Src/stm32f4xx_it.c.obj
                0x08000c96                SVC_Handler
 .text.DebugMon_Handler
                0x08000c98        0x2 CMakeFiles/Screen_Demo.elf.dir/Core/Src/stm32f4xx_it.c.obj
                0x08000c98                DebugMon_Handler
 .text.PendSV_Handler
                0x08000c9a        0x2 CMakeFiles/Screen_Demo.elf.dir/Core/Src/stm32f4xx_it.c.obj
                0x08000c9a                PendSV_Handler
 .text.SysTick_Handler
                0x08000c9c        0x8 CMakeFiles/Screen_Demo.elf.dir/Core/Src/stm32f4xx_it.c.obj
                0x08000c9c                SysTick_Handler
 .text.OTG_FS_IRQHandler
                0x08000ca4       0x10 CMakeFiles/Screen_Demo.elf.dir/Core/Src/stm32f4xx_it.c.obj
                0x08000ca4                OTG_FS_IRQHandler
 .text.SystemInit
                0x08000cb4        0x2 CMakeFiles/Screen_Demo.elf.dir/Core/Src/system_stm32f4xx.c.obj
                0x08000cb4                SystemInit
 *fill*         0x08000cb6        0x2 
 .text.Reset_Handler
                0x08000cb8       0x50 CMakeFiles/Screen_Demo.elf.dir/Core/Startup/startup_stm32f411ceux.s.obj
                0x08000cb8                Reset_Handler
 .text.Default_Handler
                0x08000d08        0x2 CMakeFiles/Screen_Demo.elf.dir/Core/Startup/startup_stm32f411ceux.s.obj
                0x08000d08                RTC_Alarm_IRQHandler
                0x08000d08                EXTI2_IRQHandler
                0x08000d08                SPI4_IRQHandler
                0x08000d08                TIM1_CC_IRQHandler
                0x08000d08                DMA2_Stream5_IRQHandler
                0x08000d08                DMA1_Stream5_IRQHandler
                0x08000d08                PVD_IRQHandler
                0x08000d08                SDIO_IRQHandler
                0x08000d08                TAMP_STAMP_IRQHandler
                0x08000d08                EXTI3_IRQHandler
                0x08000d08                TIM1_UP_TIM10_IRQHandler
                0x08000d08                I2C3_ER_IRQHandler
                0x08000d08                EXTI0_IRQHandler
                0x08000d08                I2C2_EV_IRQHandler
                0x08000d08                DMA1_Stream2_IRQHandler
                0x08000d08                FPU_IRQHandler
                0x08000d08                DMA2_Stream2_IRQHandler
                0x08000d08                SPI1_IRQHandler
                0x08000d08                TIM1_BRK_TIM9_IRQHandler
                0x08000d08                DMA2_Stream3_IRQHandler
                0x08000d08                USART6_IRQHandler
                0x08000d08                DMA2_Stream0_IRQHandler
                0x08000d08                TIM4_IRQHandler
                0x08000d08                I2C1_EV_IRQHandler
                0x08000d08                DMA1_Stream6_IRQHandler
                0x08000d08                DMA1_Stream1_IRQHandler
                0x08000d08                TIM3_IRQHandler
                0x08000d08                RCC_IRQHandler
                0x08000d08                Default_Handler
                0x08000d08                EXTI15_10_IRQHandler
                0x08000d08                ADC_IRQHandler
                0x08000d08                DMA1_Stream7_IRQHandler
                0x08000d08                SPI5_IRQHandler
                0x08000d08                TIM5_IRQHandler
                0x08000d08                DMA2_Stream7_IRQHandler
                0x08000d08                I2C3_EV_IRQHandler
                0x08000d08                EXTI9_5_IRQHandler
                0x08000d08                RTC_WKUP_IRQHandler
                0x08000d08                SPI2_IRQHandler
                0x08000d08                DMA1_Stream0_IRQHandler
                0x08000d08                EXTI4_IRQHandler
                0x08000d08                WWDG_IRQHandler
                0x08000d08                TIM2_IRQHandler
                0x08000d08                OTG_FS_WKUP_IRQHandler
                0x08000d08                TIM1_TRG_COM_TIM11_IRQHandler
                0x08000d08                EXTI1_IRQHandler
                0x08000d08                USART2_IRQHandler
                0x08000d08                I2C2_ER_IRQHandler
                0x08000d08                DMA2_Stream1_IRQHandler
                0x08000d08                FLASH_IRQHandler
                0x08000d08                DMA2_Stream4_IRQHandler
                0x08000d08                USART1_IRQHandler
                0x08000d08                SPI3_IRQHandler
                0x08000d08                DMA1_Stream4_IRQHandler
                0x08000d08                I2C1_ER_IRQHandler
                0x08000d08                DMA2_Stream6_IRQHandler
                0x08000d08                DMA1_Stream3_IRQHandler
 *fill*         0x08000d0a        0x2 
 .text.HAL_InitTick
                0x08000d0c       0x4c CMakeFiles/Screen_Demo.elf.dir/Drivers/STM32F4xx_HAL_Driver/Src/stm32f4xx_hal.c.obj
                0x08000d0c                HAL_InitTick
 .text.HAL_Init
                0x08000d58       0x34 CMakeFiles/Screen_Demo.elf.dir/Drivers/STM32F4xx_HAL_Driver/Src/stm32f4xx_hal.c.obj
                0x08000d58                HAL_Init
 .text.HAL_IncTick
                0x08000d8c       0x18 CMakeFiles/Screen_Demo.elf.dir/Drivers/STM32F4xx_HAL_Driver/Src/stm32f4xx_hal.c.obj
                0x08000d8c                HAL_IncTick
 .text.HAL_GetTick
                0x08000da4        0xc CMakeFiles/Screen_Demo.elf.dir/Drivers/STM32F4xx_HAL_Driver/Src/stm32f4xx_hal.c.obj
                0x08000da4                HAL_GetTick
 .text.HAL_Delay
                0x08000db0       0x28 CMakeFiles/Screen_Demo.elf.dir/Drivers/STM32F4xx_HAL_Driver/Src/stm32f4xx_hal.c.obj
                0x08000db0                HAL_Delay
 .text.HAL_NVIC_SetPriorityGrouping
                0x08000dd8       0x24 CMakeFiles/Screen_Demo.elf.dir/Drivers/STM32F4xx_HAL_Driver/Src/stm32f4xx_hal_cortex.c.obj
                0x08000dd8                HAL_NVIC_SetPriorityGrouping
 .text.HAL_NVIC_SetPriority
                0x08000dfc       0x70 CMakeFiles/Screen_Demo.elf.dir/Drivers/STM32F4xx_HAL_Driver/Src/stm32f4xx_hal_cortex.c.obj
                0x08000dfc                HAL_NVIC_SetPriority
 .text.HAL_NVIC_EnableIRQ
                0x08000e6c       0x1c CMakeFiles/Screen_Demo.elf.dir/Drivers/STM32F4xx_HAL_Driver/Src/stm32f4xx_hal_cortex.c.obj
                0x08000e6c                HAL_NVIC_EnableIRQ
 .text.HAL_SYSTICK_Config
                0x08000e88       0x28 CMakeFiles/Screen_Demo.elf.dir/Drivers/STM32F4xx_HAL_Driver/Src/stm32f4xx_hal_cortex.c.obj
                0x08000e88                HAL_SYSTICK_Config
 .text.HAL_GPIO_Init
                0x08000eb0      0x1c0 CMakeFiles/Screen_Demo.elf.dir/Drivers/STM32F4xx_HAL_Driver/Src/stm32f4xx_hal_gpio.c.obj
                0x08000eb0                HAL_GPIO_Init
 .text.HAL_GPIO_WritePin
                0x08001070        0xc CMakeFiles/Screen_Demo.elf.dir/Drivers/STM32F4xx_HAL_Driver/Src/stm32f4xx_hal_gpio.c.obj
                0x08001070                HAL_GPIO_WritePin
 .text.PCD_WriteEmptyTxFifo
                0x0800107c       0xd0 CMakeFiles/Screen_Demo.elf.dir/Drivers/STM32F4xx_HAL_Driver/Src/stm32f4xx_hal_pcd.c.obj
 .text.HAL_PCD_Init
                0x0800114c      0x12e CMakeFiles/Screen_Demo.elf.dir/Drivers/STM32F4xx_HAL_Driver/Src/stm32f4xx_hal_pcd.c.obj
                0x0800114c                HAL_PCD_Init
 .text.HAL_PCD_Start
                0x0800127a       0x42 CMakeFiles/Screen_Demo.elf.dir/Drivers/STM32F4xx_HAL_Driver/Src/stm32f4xx_hal_pcd.c.obj
                0x0800127a                HAL_PCD_Start
 .text.PCD_EP_OutXfrComplete_int
                0x080012bc      0x104 CMakeFiles/Screen_Demo.elf.dir/Drivers/STM32F4xx_HAL_Driver/Src/stm32f4xx_hal_pcd.c.obj
 .text.PCD_EP_OutSetupPacket_int
                0x080013c0       0x50 CMakeFiles/Screen_Demo.elf.dir/Drivers/STM32F4xx_HAL_Driver/Src/stm32f4xx_hal_pcd.c.obj
 .text.HAL_PCD_SetAddress
                0x08001410       0x28 CMakeFiles/Screen_Demo.elf.dir/Drivers/STM32F4xx_HAL_Driver/Src/stm32f4xx_hal_pcd.c.obj
                0x08001410                HAL_PCD_SetAddress
 .text.HAL_PCD_EP_Open
                0x08001438       0x8a CMakeFiles/Screen_Demo.elf.dir/Drivers/STM32F4xx_HAL_Driver/Src/stm32f4xx_hal_pcd.c.obj
                0x08001438                HAL_PCD_EP_Open
 .text.HAL_PCD_EP_Close
                0x080014c2       0x72 CMakeFiles/Screen_Demo.elf.dir/Drivers/STM32F4xx_HAL_Driver/Src/stm32f4xx_hal_pcd.c.obj
                0x080014c2                HAL_PCD_EP_Close
 .text.HAL_PCD_EP_Receive
                0x08001534       0x5e CMakeFiles/Screen_Demo.elf.dir/Drivers/STM32F4xx_HAL_Driver/Src/stm32f4xx_hal_pcd.c.obj
                0x08001534                HAL_PCD_EP_Receive
 .text.HAL_PCD_EP_GetRxCount
                0x08001592       0x12 CMakeFiles/Screen_Demo.elf.dir/Drivers/STM32F4xx_HAL_Driver/Src/stm32f4xx_hal_pcd.c.obj
                0x08001592                HAL_PCD_EP_GetRxCount
 .text.HAL_PCD_EP_Transmit
                0x080015a4       0x5e CMakeFiles/Screen_Demo.elf.dir/Drivers/STM32F4xx_HAL_Driver/Src/stm32f4xx_hal_pcd.c.obj
                0x080015a4                HAL_PCD_EP_Transmit
 .text.HAL_PCD_EP_SetStall
                0x08001602       0x88 CMakeFiles/Screen_Demo.elf.dir/Drivers/STM32F4xx_HAL_Driver/Src/stm32f4xx_hal_pcd.c.obj
                0x08001602                HAL_PCD_EP_SetStall
 .text.HAL_PCD_EP_ClrStall
                0x0800168a       0x76 CMakeFiles/Screen_Demo.elf.dir/Drivers/STM32F4xx_HAL_Driver/Src/stm32f4xx_hal_pcd.c.obj
                0x0800168a                HAL_PCD_EP_ClrStall
 .text.HAL_PCD_EP_Abort
                0x08001700       0x34 CMakeFiles/Screen_Demo.elf.dir/Drivers/STM32F4xx_HAL_Driver/Src/stm32f4xx_hal_pcd.c.obj
                0x08001700                HAL_PCD_EP_Abort
 .text.HAL_PCD_IRQHandler
                0x08001734      0x5c4 CMakeFiles/Screen_Demo.elf.dir/Drivers/STM32F4xx_HAL_Driver/Src/stm32f4xx_hal_pcd.c.obj
                0x08001734                HAL_PCD_IRQHandler
 .text.HAL_PCDEx_SetTxFiFo
                0x08001cf8       0x4a CMakeFiles/Screen_Demo.elf.dir/Drivers/STM32F4xx_HAL_Driver/Src/stm32f4xx_hal_pcd_ex.c.obj
                0x08001cf8                HAL_PCDEx_SetTxFiFo
 .text.HAL_PCDEx_SetRxFiFo
                0x08001d42        0x8 CMakeFiles/Screen_Demo.elf.dir/Drivers/STM32F4xx_HAL_Driver/Src/stm32f4xx_hal_pcd_ex.c.obj
                0x08001d42                HAL_PCDEx_SetRxFiFo
 .text.HAL_PCDEx_LPM_Callback
                0x08001d4a        0x2 CMakeFiles/Screen_Demo.elf.dir/Drivers/STM32F4xx_HAL_Driver/Src/stm32f4xx_hal_pcd_ex.c.obj
                0x08001d4a                HAL_PCDEx_LPM_Callback
 .text.HAL_RCC_OscConfig
                0x08001d4c      0x3f8 CMakeFiles/Screen_Demo.elf.dir/Drivers/STM32F4xx_HAL_Driver/Src/stm32f4xx_hal_rcc.c.obj
                0x08001d4c                HAL_RCC_OscConfig
 .text.HAL_RCC_GetSysClockFreq
                0x08002144       0xa4 CMakeFiles/Screen_Demo.elf.dir/Drivers/STM32F4xx_HAL_Driver/Src/stm32f4xx_hal_rcc.c.obj
                0x08002144                HAL_RCC_GetSysClockFreq
 .text.HAL_RCC_ClockConfig
                0x080021e8      0x160 CMakeFiles/Screen_Demo.elf.dir/Drivers/STM32F4xx_HAL_Driver/Src/stm32f4xx_hal_rcc.c.obj
                0x080021e8                HAL_RCC_ClockConfig
 .text.HAL_RCC_GetHCLKFreq
                0x08002348        0xc CMakeFiles/Screen_Demo.elf.dir/Drivers/STM32F4xx_HAL_Driver/Src/stm32f4xx_hal_rcc.c.obj
                0x08002348                HAL_RCC_GetHCLKFreq
 .text.SPI_WaitFlagStateUntilTimeout
                0x08002354       0xd4 CMakeFiles/Screen_Demo.elf.dir/Drivers/STM32F4xx_HAL_Driver/Src/stm32f4xx_hal_spi.c.obj
 .text.SPI_EndRxTxTransaction
                0x08002428       0x68 CMakeFiles/Screen_Demo.elf.dir/Drivers/STM32F4xx_HAL_Driver/Src/stm32f4xx_hal_spi.c.obj
 .text.HAL_SPI_Init
                0x08002490       0xbe CMakeFiles/Screen_Demo.elf.dir/Drivers/STM32F4xx_HAL_Driver/Src/stm32f4xx_hal_spi.c.obj
                0x08002490                HAL_SPI_Init
 .text.HAL_SPI_Transmit
                0x0800254e      0x1b8 CMakeFiles/Screen_Demo.elf.dir/Drivers/STM32F4xx_HAL_Driver/Src/stm32f4xx_hal_spi.c.obj
                0x0800254e                HAL_SPI_Transmit
 *fill*         0x08002706        0x2 
 .text.USB_CoreReset
                0x08002708       0x50 CMakeFiles/Screen_Demo.elf.dir/Drivers/STM32F4xx_HAL_Driver/Src/stm32f4xx_ll_usb.c.obj
 .text.USB_CoreInit
                0x08002758       0x8a CMakeFiles/Screen_Demo.elf.dir/Drivers/STM32F4xx_HAL_Driver/Src/stm32f4xx_ll_usb.c.obj
                0x08002758                USB_CoreInit
 *fill*         0x080027e2        0x2 
 .text.USB_SetTurnaroundTime
                0x080027e4       0xe4 CMakeFiles/Screen_Demo.elf.dir/Drivers/STM32F4xx_HAL_Driver/Src/stm32f4xx_ll_usb.c.obj
                0x080027e4                USB_SetTurnaroundTime
 .text.USB_EnableGlobalInt
                0x080028c8        0xc CMakeFiles/Screen_Demo.elf.dir/Drivers/STM32F4xx_HAL_Driver/Src/stm32f4xx_ll_usb.c.obj
                0x080028c8                USB_EnableGlobalInt
 .text.USB_DisableGlobalInt
                0x080028d4        0xc CMakeFiles/Screen_Demo.elf.dir/Drivers/STM32F4xx_HAL_Driver/Src/stm32f4xx_ll_usb.c.obj
                0x080028d4                USB_DisableGlobalInt
 .text.USB_FlushTxFifo
                0x080028e0       0x50 CMakeFiles/Screen_Demo.elf.dir/Drivers/STM32F4xx_HAL_Driver/Src/stm32f4xx_ll_usb.c.obj
                0x080028e0                USB_FlushTxFifo
 .text.USB_FlushRxFifo
                0x08002930       0x4c CMakeFiles/Screen_Demo.elf.dir/Drivers/STM32F4xx_HAL_Driver/Src/stm32f4xx_ll_usb.c.obj
                0x08002930                USB_FlushRxFifo
 .text.USB_SetDevSpeed
                0x0800297c        0xe CMakeFiles/Screen_Demo.elf.dir/Drivers/STM32F4xx_HAL_Driver/Src/stm32f4xx_ll_usb.c.obj
                0x0800297c                USB_SetDevSpeed
 *fill*         0x0800298a        0x2 
 .text.USB_DevInit
                0x0800298c      0x190 CMakeFiles/Screen_Demo.elf.dir/Drivers/STM32F4xx_HAL_Driver/Src/stm32f4xx_ll_usb.c.obj
                0x0800298c                USB_DevInit
 .text.USB_GetDevSpeed
                0x08002b1c       0x22 CMakeFiles/Screen_Demo.elf.dir/Drivers/STM32F4xx_HAL_Driver/Src/stm32f4xx_ll_usb.c.obj
                0x08002b1c                USB_GetDevSpeed
 .text.USB_ActivateEndpoint
                0x08002b3e       0x9c CMakeFiles/Screen_Demo.elf.dir/Drivers/STM32F4xx_HAL_Driver/Src/stm32f4xx_ll_usb.c.obj
                0x08002b3e                USB_ActivateEndpoint
 *fill*         0x08002bda        0x2 
 .text.USB_DeactivateEndpoint
                0x08002bdc       0xe0 CMakeFiles/Screen_Demo.elf.dir/Drivers/STM32F4xx_HAL_Driver/Src/stm32f4xx_ll_usb.c.obj
                0x08002bdc                USB_DeactivateEndpoint
 .text.USB_EP0StartXfer
                0x08002cbc      0x128 CMakeFiles/Screen_Demo.elf.dir/Drivers/STM32F4xx_HAL_Driver/Src/stm32f4xx_ll_usb.c.obj
                0x08002cbc                USB_EP0StartXfer
 .text.USB_EPStopXfer
                0x08002de4       0xbc CMakeFiles/Screen_Demo.elf.dir/Drivers/STM32F4xx_HAL_Driver/Src/stm32f4xx_ll_usb.c.obj
                0x08002de4                USB_EPStopXfer
 .text.USB_WritePacket
                0x08002ea0       0x2e CMakeFiles/Screen_Demo.elf.dir/Drivers/STM32F4xx_HAL_Driver/Src/stm32f4xx_ll_usb.c.obj
                0x08002ea0                USB_WritePacket
 *fill*         0x08002ece        0x2 
 .text.USB_EPStartXfer
                0x08002ed0      0x234 CMakeFiles/Screen_Demo.elf.dir/Drivers/STM32F4xx_HAL_Driver/Src/stm32f4xx_ll_usb.c.obj
                0x08002ed0                USB_EPStartXfer
 .text.USB_ReadPacket
                0x08003104       0x54 CMakeFiles/Screen_Demo.elf.dir/Drivers/STM32F4xx_HAL_Driver/Src/stm32f4xx_ll_usb.c.obj
                0x08003104                USB_ReadPacket
 .text.USB_EPSetStall
                0x08003158       0x5a CMakeFiles/Screen_Demo.elf.dir/Drivers/STM32F4xx_HAL_Driver/Src/stm32f4xx_ll_usb.c.obj
                0x08003158                USB_EPSetStall
 .text.USB_EPClearStall
                0x080031b2       0x5c CMakeFiles/Screen_Demo.elf.dir/Drivers/STM32F4xx_HAL_Driver/Src/stm32f4xx_ll_usb.c.obj
                0x080031b2                USB_EPClearStall
 .text.USB_SetDevAddress
                0x0800320e       0x20 CMakeFiles/Screen_Demo.elf.dir/Drivers/STM32F4xx_HAL_Driver/Src/stm32f4xx_ll_usb.c.obj
                0x0800320e                USB_SetDevAddress
 .text.USB_DevConnect
                0x0800322e       0x1c CMakeFiles/Screen_Demo.elf.dir/Drivers/STM32F4xx_HAL_Driver/Src/stm32f4xx_ll_usb.c.obj
                0x0800322e                USB_DevConnect
 .text.USB_DevDisconnect
                0x0800324a       0x1c CMakeFiles/Screen_Demo.elf.dir/Drivers/STM32F4xx_HAL_Driver/Src/stm32f4xx_ll_usb.c.obj
                0x0800324a                USB_DevDisconnect
 .text.USB_ReadInterrupts
                0x08003266        0x8 CMakeFiles/Screen_Demo.elf.dir/Drivers/STM32F4xx_HAL_Driver/Src/stm32f4xx_ll_usb.c.obj
                0x08003266                USB_ReadInterrupts
 .text.USB_ReadDevAllOutEpInterrupt
                0x0800326e       0x10 CMakeFiles/Screen_Demo.elf.dir/Drivers/STM32F4xx_HAL_Driver/Src/stm32f4xx_ll_usb.c.obj
                0x0800326e                USB_ReadDevAllOutEpInterrupt
 .text.USB_ReadDevAllInEpInterrupt
                0x0800327e       0x10 CMakeFiles/Screen_Demo.elf.dir/Drivers/STM32F4xx_HAL_Driver/Src/stm32f4xx_ll_usb.c.obj
                0x0800327e                USB_ReadDevAllInEpInterrupt
 .text.USB_ReadDevOutEPInterrupt
                0x0800328e       0x12 CMakeFiles/Screen_Demo.elf.dir/Drivers/STM32F4xx_HAL_Driver/Src/stm32f4xx_ll_usb.c.obj
                0x0800328e                USB_ReadDevOutEPInterrupt
 .text.USB_ReadDevInEPInterrupt
                0x080032a0       0x26 CMakeFiles/Screen_Demo.elf.dir/Drivers/STM32F4xx_HAL_Driver/Src/stm32f4xx_ll_usb.c.obj
                0x080032a0                USB_ReadDevInEPInterrupt
 .text.USB_GetMode
                0x080032c6        0x8 CMakeFiles/Screen_Demo.elf.dir/Drivers/STM32F4xx_HAL_Driver/Src/stm32f4xx_ll_usb.c.obj
                0x080032c6                USB_GetMode
 .text.USB_SetCurrentMode
                0x080032ce       0x62 CMakeFiles/Screen_Demo.elf.dir/Drivers/STM32F4xx_HAL_Driver/Src/stm32f4xx_ll_usb.c.obj
                0x080032ce                USB_SetCurrentMode
 .text.USB_ActivateSetup
                0x08003330       0x20 CMakeFiles/Screen_Demo.elf.dir/Drivers/STM32F4xx_HAL_Driver/Src/stm32f4xx_ll_usb.c.obj
                0x08003330                USB_ActivateSetup
 .text.USB_EP0_OutStart
                0x08003350       0x5c CMakeFiles/Screen_Demo.elf.dir/Drivers/STM32F4xx_HAL_Driver/Src/stm32f4xx_ll_usb.c.obj
                0x08003350                USB_EP0_OutStart
 .text.USBD_CDC_EP0_RxReady
                0x080033ac       0x40 CMakeFiles/Screen_Demo.elf.dir/Middlewares/ST/STM32_USB_Device_Library/Class/CDC/Src/usbd_cdc.c.obj
 .text.USBD_CDC_GetDeviceQualifierDescriptor
                0x080033ec        0xc CMakeFiles/Screen_Demo.elf.dir/Middlewares/ST/STM32_USB_Device_Library/Class/CDC/Src/usbd_cdc.c.obj
                0x080033ec                USBD_CDC_GetDeviceQualifierDescriptor
 .text.USBD_CDC_GetOtherSpeedCfgDesc
                0x080033f8       0x48 CMakeFiles/Screen_Demo.elf.dir/Middlewares/ST/STM32_USB_Device_Library/Class/CDC/Src/usbd_cdc.c.obj
 .text.USBD_CDC_GetFSCfgDesc
                0x08003440       0x48 CMakeFiles/Screen_Demo.elf.dir/Middlewares/ST/STM32_USB_Device_Library/Class/CDC/Src/usbd_cdc.c.obj
 .text.USBD_CDC_GetHSCfgDesc
                0x08003488       0x48 CMakeFiles/Screen_Demo.elf.dir/Middlewares/ST/STM32_USB_Device_Library/Class/CDC/Src/usbd_cdc.c.obj
 .text.USBD_CDC_DataOut
                0x080034d0       0x38 CMakeFiles/Screen_Demo.elf.dir/Middlewares/ST/STM32_USB_Device_Library/Class/CDC/Src/usbd_cdc.c.obj
 .text.USBD_CDC_DataIn
                0x08003508       0x7c CMakeFiles/Screen_Demo.elf.dir/Middlewares/ST/STM32_USB_Device_Library/Class/CDC/Src/usbd_cdc.c.obj
 .text.USBD_CDC_Setup
                0x08003584      0x11a CMakeFiles/Screen_Demo.elf.dir/Middlewares/ST/STM32_USB_Device_Library/Class/CDC/Src/usbd_cdc.c.obj
 .text.USBD_CDC_DeInit
                0x0800369e       0x64 CMakeFiles/Screen_Demo.elf.dir/Middlewares/ST/STM32_USB_Device_Library/Class/CDC/Src/usbd_cdc.c.obj
 .text.USBD_CDC_Init
                0x08003702       0xee CMakeFiles/Screen_Demo.elf.dir/Middlewares/ST/STM32_USB_Device_Library/Class/CDC/Src/usbd_cdc.c.obj
 .text.USBD_CDC_RegisterInterface
                0x080037f0       0x16 CMakeFiles/Screen_Demo.elf.dir/Middlewares/ST/STM32_USB_Device_Library/Class/CDC/Src/usbd_cdc.c.obj
                0x080037f0                USBD_CDC_RegisterInterface
 .text.USBD_CDC_SetTxBuffer
                0x08003806       0x1c CMakeFiles/Screen_Demo.elf.dir/Middlewares/ST/STM32_USB_Device_Library/Class/CDC/Src/usbd_cdc.c.obj
                0x08003806                USBD_CDC_SetTxBuffer
 .text.USBD_CDC_SetRxBuffer
                0x08003822       0x18 CMakeFiles/Screen_Demo.elf.dir/Middlewares/ST/STM32_USB_Device_Library/Class/CDC/Src/usbd_cdc.c.obj
                0x08003822                USBD_CDC_SetRxBuffer
 .text.USBD_CDC_ReceivePacket
                0x0800383a       0x38 CMakeFiles/Screen_Demo.elf.dir/Middlewares/ST/STM32_USB_Device_Library/Class/CDC/Src/usbd_cdc.c.obj
                0x0800383a                USBD_CDC_ReceivePacket
 .text.USBD_Init
                0x08003872       0x2e CMakeFiles/Screen_Demo.elf.dir/Middlewares/ST/STM32_USB_Device_Library/Core/Src/usbd_core.c.obj
                0x08003872                USBD_Init
 .text.USBD_RegisterClass
                0x080038a0       0x34 CMakeFiles/Screen_Demo.elf.dir/Middlewares/ST/STM32_USB_Device_Library/Core/Src/usbd_core.c.obj
                0x080038a0                USBD_RegisterClass
 .text.USBD_Start
                0x080038d4        0x8 CMakeFiles/Screen_Demo.elf.dir/Middlewares/ST/STM32_USB_Device_Library/Core/Src/usbd_core.c.obj
                0x080038d4                USBD_Start
 .text.USBD_SetClassConfig
                0x080038dc       0x12 CMakeFiles/Screen_Demo.elf.dir/Middlewares/ST/STM32_USB_Device_Library/Core/Src/usbd_core.c.obj
                0x080038dc                USBD_SetClassConfig
 .text.USBD_ClrClassConfig
                0x080038ee       0x12 CMakeFiles/Screen_Demo.elf.dir/Middlewares/ST/STM32_USB_Device_Library/Core/Src/usbd_core.c.obj
                0x080038ee                USBD_ClrClassConfig
 .text.USBD_LL_SetupStage
                0x08003900       0x58 CMakeFiles/Screen_Demo.elf.dir/Middlewares/ST/STM32_USB_Device_Library/Core/Src/usbd_core.c.obj
                0x08003900                USBD_LL_SetupStage
 .text.USBD_LL_Reset
                0x08003958       0x64 CMakeFiles/Screen_Demo.elf.dir/Middlewares/ST/STM32_USB_Device_Library/Core/Src/usbd_core.c.obj
                0x08003958                USBD_LL_Reset
 .text.USBD_LL_SetSpeed
                0x080039bc        0x6 CMakeFiles/Screen_Demo.elf.dir/Middlewares/ST/STM32_USB_Device_Library/Core/Src/usbd_core.c.obj
                0x080039bc                USBD_LL_SetSpeed
 .text.USBD_LL_Suspend
                0x080039c2       0x14 CMakeFiles/Screen_Demo.elf.dir/Middlewares/ST/STM32_USB_Device_Library/Core/Src/usbd_core.c.obj
                0x080039c2                USBD_LL_Suspend
 .text.USBD_LL_Resume
                0x080039d6       0x1a CMakeFiles/Screen_Demo.elf.dir/Middlewares/ST/STM32_USB_Device_Library/Core/Src/usbd_core.c.obj
                0x080039d6                USBD_LL_Resume
 .text.USBD_LL_SOF
                0x080039f0       0x22 CMakeFiles/Screen_Demo.elf.dir/Middlewares/ST/STM32_USB_Device_Library/Core/Src/usbd_core.c.obj
                0x080039f0                USBD_LL_SOF
 .text.USBD_LL_IsoINIncomplete
                0x08003a12       0x2e CMakeFiles/Screen_Demo.elf.dir/Middlewares/ST/STM32_USB_Device_Library/Core/Src/usbd_core.c.obj
                0x08003a12                USBD_LL_IsoINIncomplete
 .text.USBD_LL_IsoOUTIncomplete
                0x08003a40       0x2e CMakeFiles/Screen_Demo.elf.dir/Middlewares/ST/STM32_USB_Device_Library/Core/Src/usbd_core.c.obj
                0x08003a40                USBD_LL_IsoOUTIncomplete
 .text.USBD_LL_DevConnected
                0x08003a6e        0x4 CMakeFiles/Screen_Demo.elf.dir/Middlewares/ST/STM32_USB_Device_Library/Core/Src/usbd_core.c.obj
                0x08003a6e                USBD_LL_DevConnected
 .text.USBD_LL_DevDisconnected
                0x08003a72       0x20 CMakeFiles/Screen_Demo.elf.dir/Middlewares/ST/STM32_USB_Device_Library/Core/Src/usbd_core.c.obj
                0x08003a72                USBD_LL_DevDisconnected
 .text.USBD_CoreFindIF
                0x08003a92        0x4 CMakeFiles/Screen_Demo.elf.dir/Middlewares/ST/STM32_USB_Device_Library/Core/Src/usbd_core.c.obj
                0x08003a92                USBD_CoreFindIF
 .text.USBD_CoreFindEP
                0x08003a96        0x4 CMakeFiles/Screen_Demo.elf.dir/Middlewares/ST/STM32_USB_Device_Library/Core/Src/usbd_core.c.obj
                0x08003a96                USBD_CoreFindEP
 .text.USBD_LL_DataOutStage
                0x08003a9a       0xc6 CMakeFiles/Screen_Demo.elf.dir/Middlewares/ST/STM32_USB_Device_Library/Core/Src/usbd_core.c.obj
                0x08003a9a                USBD_LL_DataOutStage
 .text.USBD_LL_DataInStage
                0x08003b60       0xd6 CMakeFiles/Screen_Demo.elf.dir/Middlewares/ST/STM32_USB_Device_Library/Core/Src/usbd_core.c.obj
                0x08003b60                USBD_LL_DataInStage
 .text.USBD_GetNextDesc
                0x08003c36        0xe CMakeFiles/Screen_Demo.elf.dir/Middlewares/ST/STM32_USB_Device_Library/Core/Src/usbd_core.c.obj
                0x08003c36                USBD_GetNextDesc
 .text.USBD_GetEpDesc
                0x08003c44       0x3e CMakeFiles/Screen_Demo.elf.dir/Middlewares/ST/STM32_USB_Device_Library/Core/Src/usbd_core.c.obj
                0x08003c44                USBD_GetEpDesc
 .text.USBD_GetLen
                0x08003c82       0x14 CMakeFiles/Screen_Demo.elf.dir/Middlewares/ST/STM32_USB_Device_Library/Core/Src/usbd_ctlreq.c.obj
 .text.USBD_ParseSetupRequest
                0x08003c96       0x28 CMakeFiles/Screen_Demo.elf.dir/Middlewares/ST/STM32_USB_Device_Library/Core/Src/usbd_ctlreq.c.obj
                0x08003c96                USBD_ParseSetupRequest
 .text.USBD_CtlError
                0x08003cbe       0x14 CMakeFiles/Screen_Demo.elf.dir/Middlewares/ST/STM32_USB_Device_Library/Core/Src/usbd_ctlreq.c.obj
                0x08003cbe                USBD_CtlError
 .text.USBD_GetDescriptor
                0x08003cd2      0x18a CMakeFiles/Screen_Demo.elf.dir/Middlewares/ST/STM32_USB_Device_Library/Core/Src/usbd_ctlreq.c.obj
 .text.USBD_SetAddress
                0x08003e5c       0x50 CMakeFiles/Screen_Demo.elf.dir/Middlewares/ST/STM32_USB_Device_Library/Core/Src/usbd_ctlreq.c.obj
 .text.USBD_SetConfig
                0x08003eac       0xcc CMakeFiles/Screen_Demo.elf.dir/Middlewares/ST/STM32_USB_Device_Library/Core/Src/usbd_ctlreq.c.obj
 .text.USBD_GetConfig
                0x08003f78       0x40 CMakeFiles/Screen_Demo.elf.dir/Middlewares/ST/STM32_USB_Device_Library/Core/Src/usbd_ctlreq.c.obj
 .text.USBD_GetStatus
                0x08003fb8       0x38 CMakeFiles/Screen_Demo.elf.dir/Middlewares/ST/STM32_USB_Device_Library/Core/Src/usbd_ctlreq.c.obj
 .text.USBD_SetFeature
                0x08003ff0       0x2a CMakeFiles/Screen_Demo.elf.dir/Middlewares/ST/STM32_USB_Device_Library/Core/Src/usbd_ctlreq.c.obj
 .text.USBD_ClrFeature
                0x0800401a       0x26 CMakeFiles/Screen_Demo.elf.dir/Middlewares/ST/STM32_USB_Device_Library/Core/Src/usbd_ctlreq.c.obj
 .text.USBD_StdDevReq
                0x08004040       0x76 CMakeFiles/Screen_Demo.elf.dir/Middlewares/ST/STM32_USB_Device_Library/Core/Src/usbd_ctlreq.c.obj
                0x08004040                USBD_StdDevReq
 .text.USBD_StdItfReq
                0x080040b6       0x84 CMakeFiles/Screen_Demo.elf.dir/Middlewares/ST/STM32_USB_Device_Library/Core/Src/usbd_ctlreq.c.obj
                0x080040b6                USBD_StdItfReq
 .text.USBD_StdEPReq
                0x0800413a      0x230 CMakeFiles/Screen_Demo.elf.dir/Middlewares/ST/STM32_USB_Device_Library/Core/Src/usbd_ctlreq.c.obj
                0x0800413a                USBD_StdEPReq
 .text.USBD_GetString
                0x0800436a       0x3a CMakeFiles/Screen_Demo.elf.dir/Middlewares/ST/STM32_USB_Device_Library/Core/Src/usbd_ctlreq.c.obj
                0x0800436a                USBD_GetString
 .text.USBD_CtlSendData
                0x080043a4       0x1a CMakeFiles/Screen_Demo.elf.dir/Middlewares/ST/STM32_USB_Device_Library/Core/Src/usbd_ioreq.c.obj
                0x080043a4                USBD_CtlSendData
 .text.USBD_CtlContinueSendData
                0x080043be       0x10 CMakeFiles/Screen_Demo.elf.dir/Middlewares/ST/STM32_USB_Device_Library/Core/Src/usbd_ioreq.c.obj
                0x080043be                USBD_CtlContinueSendData
 .text.USBD_CtlPrepareRx
                0x080043ce       0x1e CMakeFiles/Screen_Demo.elf.dir/Middlewares/ST/STM32_USB_Device_Library/Core/Src/usbd_ioreq.c.obj
                0x080043ce                USBD_CtlPrepareRx
 .text.USBD_CtlContinueRx
                0x080043ec       0x10 CMakeFiles/Screen_Demo.elf.dir/Middlewares/ST/STM32_USB_Device_Library/Core/Src/usbd_ioreq.c.obj
                0x080043ec                USBD_CtlContinueRx
 .text.USBD_CtlSendStatus
                0x080043fc       0x16 CMakeFiles/Screen_Demo.elf.dir/Middlewares/ST/STM32_USB_Device_Library/Core/Src/usbd_ioreq.c.obj
                0x080043fc                USBD_CtlSendStatus
 .text.USBD_CtlReceiveStatus
                0x08004412       0x16 CMakeFiles/Screen_Demo.elf.dir/Middlewares/ST/STM32_USB_Device_Library/Core/Src/usbd_ioreq.c.obj
                0x08004412                USBD_CtlReceiveStatus
 .text.MX_USB_DEVICE_Init
                0x08004428       0x54 CMakeFiles/Screen_Demo.elf.dir/USB_DEVICE/App/usb_device.c.obj
                0x08004428                MX_USB_DEVICE_Init
 .text.CDC_DeInit_FS
                0x0800447c        0x4 CMakeFiles/Screen_Demo.elf.dir/USB_DEVICE/App/usbd_cdc_if.c.obj
 .text.CDC_Control_FS
                0x08004480        0x4 CMakeFiles/Screen_Demo.elf.dir/USB_DEVICE/App/usbd_cdc_if.c.obj
 .text.CDC_TransmitCplt_FS
                0x08004484        0x4 CMakeFiles/Screen_Demo.elf.dir/USB_DEVICE/App/usbd_cdc_if.c.obj
 .text.CDC_Receive_FS
                0x08004488       0x68 CMakeFiles/Screen_Demo.elf.dir/USB_DEVICE/App/usbd_cdc_if.c.obj
 .text.CDC_Init_FS
                0x080044f0       0x28 CMakeFiles/Screen_Demo.elf.dir/USB_DEVICE/App/usbd_cdc_if.c.obj
 .text.USBD_FS_DeviceDescriptor
                0x08004518        0xc CMakeFiles/Screen_Demo.elf.dir/USB_DEVICE/App/usbd_desc.c.obj
                0x08004518                USBD_FS_DeviceDescriptor
 .text.USBD_FS_LangIDStrDescriptor
                0x08004524        0xc CMakeFiles/Screen_Demo.elf.dir/USB_DEVICE/App/usbd_desc.c.obj
                0x08004524                USBD_FS_LangIDStrDescriptor
 .text.IntToUnicode
                0x08004530       0x46 CMakeFiles/Screen_Demo.elf.dir/USB_DEVICE/App/usbd_desc.c.obj
 *fill*         0x08004576        0x2 
 .text.Get_SerialNum
                0x08004578       0x38 CMakeFiles/Screen_Demo.elf.dir/USB_DEVICE/App/usbd_desc.c.obj
 .text.USBD_FS_SerialStrDescriptor
                0x080045b0       0x14 CMakeFiles/Screen_Demo.elf.dir/USB_DEVICE/App/usbd_desc.c.obj
                0x080045b0                USBD_FS_SerialStrDescriptor
 .text.USBD_FS_ProductStrDescriptor
                0x080045c4       0x24 CMakeFiles/Screen_Demo.elf.dir/USB_DEVICE/App/usbd_desc.c.obj
                0x080045c4                USBD_FS_ProductStrDescriptor
 .text.USBD_FS_ManufacturerStrDescriptor
                0x080045e8       0x1c CMakeFiles/Screen_Demo.elf.dir/USB_DEVICE/App/usbd_desc.c.obj
                0x080045e8                USBD_FS_ManufacturerStrDescriptor
 .text.USBD_FS_ConfigStrDescriptor
                0x08004604       0x24 CMakeFiles/Screen_Demo.elf.dir/USB_DEVICE/App/usbd_desc.c.obj
                0x08004604                USBD_FS_ConfigStrDescriptor
 .text.USBD_FS_InterfaceStrDescriptor
                0x08004628       0x24 CMakeFiles/Screen_Demo.elf.dir/USB_DEVICE/App/usbd_desc.c.obj
                0x08004628                USBD_FS_InterfaceStrDescriptor
 .text.HAL_PCD_MspInit
                0x0800464c       0x84 CMakeFiles/Screen_Demo.elf.dir/USB_DEVICE/Target/usbd_conf.c.obj
                0x0800464c                HAL_PCD_MspInit
 .text.HAL_PCD_SetupStageCallback
                0x080046d0       0x10 CMakeFiles/Screen_Demo.elf.dir/USB_DEVICE/Target/usbd_conf.c.obj
                0x080046d0                HAL_PCD_SetupStageCallback
 .text.HAL_PCD_DataOutStageCallback
                0x080046e0       0x18 CMakeFiles/Screen_Demo.elf.dir/USB_DEVICE/Target/usbd_conf.c.obj
                0x080046e0                HAL_PCD_DataOutStageCallback
 .text.HAL_PCD_DataInStageCallback
                0x080046f8       0x16 CMakeFiles/Screen_Demo.elf.dir/USB_DEVICE/Target/usbd_conf.c.obj
                0x080046f8                HAL_PCD_DataInStageCallback
 .text.HAL_PCD_SOFCallback
                0x0800470e        0xc CMakeFiles/Screen_Demo.elf.dir/USB_DEVICE/Target/usbd_conf.c.obj
                0x0800470e                HAL_PCD_SOFCallback
 .text.HAL_PCD_ResetCallback
                0x0800471a       0x24 CMakeFiles/Screen_Demo.elf.dir/USB_DEVICE/Target/usbd_conf.c.obj
                0x0800471a                HAL_PCD_ResetCallback
 *fill*         0x0800473e        0x2 
 .text.HAL_PCD_SuspendCallback
                0x08004740       0x30 CMakeFiles/Screen_Demo.elf.dir/USB_DEVICE/Target/usbd_conf.c.obj
                0x08004740                HAL_PCD_SuspendCallback
 .text.HAL_PCD_ResumeCallback
                0x08004770        0xc CMakeFiles/Screen_Demo.elf.dir/USB_DEVICE/Target/usbd_conf.c.obj
                0x08004770                HAL_PCD_ResumeCallback
 .text.HAL_PCD_ISOOUTIncompleteCallback
                0x0800477c        0xc CMakeFiles/Screen_Demo.elf.dir/USB_DEVICE/Target/usbd_conf.c.obj
                0x0800477c                HAL_PCD_ISOOUTIncompleteCallback
 .text.HAL_PCD_ISOINIncompleteCallback
                0x08004788        0xc CMakeFiles/Screen_Demo.elf.dir/USB_DEVICE/Target/usbd_conf.c.obj
                0x08004788                HAL_PCD_ISOINIncompleteCallback
 .text.HAL_PCD_ConnectCallback
                0x08004794        0xc CMakeFiles/Screen_Demo.elf.dir/USB_DEVICE/Target/usbd_conf.c.obj
                0x08004794                HAL_PCD_ConnectCallback
 .text.HAL_PCD_DisconnectCallback
                0x080047a0        0xc CMakeFiles/Screen_Demo.elf.dir/USB_DEVICE/Target/usbd_conf.c.obj
                0x080047a0                HAL_PCD_DisconnectCallback
 .text.USBD_LL_Init
                0x080047ac       0x68 CMakeFiles/Screen_Demo.elf.dir/USB_DEVICE/Target/usbd_conf.c.obj
                0x080047ac                USBD_LL_Init
 .text.USBD_LL_IsStallEP
                0x08004814       0x2e CMakeFiles/Screen_Demo.elf.dir/USB_DEVICE/Target/usbd_conf.c.obj
                0x08004814                USBD_LL_IsStallEP
 .text.USBD_LL_GetRxDataSize
                0x08004842        0xc CMakeFiles/Screen_Demo.elf.dir/USB_DEVICE/Target/usbd_conf.c.obj
                0x08004842                USBD_LL_GetRxDataSize
 *fill*         0x0800484e        0x2 
 .text.USBD_static_malloc
                0x08004850        0x8 CMakeFiles/Screen_Demo.elf.dir/USB_DEVICE/Target/usbd_conf.c.obj
                0x08004850                USBD_static_malloc
 .text.USBD_static_free
                0x08004858        0x2 CMakeFiles/Screen_Demo.elf.dir/USB_DEVICE/Target/usbd_conf.c.obj
                0x08004858                USBD_static_free
 .text.USBD_Get_USB_Status
                0x0800485a       0x14 CMakeFiles/Screen_Demo.elf.dir/USB_DEVICE/Target/usbd_conf.c.obj
                0x0800485a                USBD_Get_USB_Status
 .text.USBD_LL_Start
                0x0800486e       0x10 CMakeFiles/Screen_Demo.elf.dir/USB_DEVICE/Target/usbd_conf.c.obj
                0x0800486e                USBD_LL_Start
 .text.USBD_LL_OpenEP
                0x0800487e       0x16 CMakeFiles/Screen_Demo.elf.dir/USB_DEVICE/Target/usbd_conf.c.obj
                0x0800487e                USBD_LL_OpenEP
 .text.USBD_LL_CloseEP
                0x08004894       0x10 CMakeFiles/Screen_Demo.elf.dir/USB_DEVICE/Target/usbd_conf.c.obj
                0x08004894                USBD_LL_CloseEP
 .text.USBD_LL_StallEP
                0x080048a4       0x10 CMakeFiles/Screen_Demo.elf.dir/USB_DEVICE/Target/usbd_conf.c.obj
                0x080048a4                USBD_LL_StallEP
 .text.USBD_LL_ClearStallEP
                0x080048b4       0x10 CMakeFiles/Screen_Demo.elf.dir/USB_DEVICE/Target/usbd_conf.c.obj
                0x080048b4                USBD_LL_ClearStallEP
 .text.USBD_LL_SetUSBAddress
                0x080048c4       0x10 CMakeFiles/Screen_Demo.elf.dir/USB_DEVICE/Target/usbd_conf.c.obj
                0x080048c4                USBD_LL_SetUSBAddress
 .text.USBD_LL_Transmit
                0x080048d4       0x10 CMakeFiles/Screen_Demo.elf.dir/USB_DEVICE/Target/usbd_conf.c.obj
                0x080048d4                USBD_LL_Transmit
 .text.USBD_LL_PrepareReceive
                0x080048e4       0x10 CMakeFiles/Screen_Demo.elf.dir/USB_DEVICE/Target/usbd_conf.c.obj
                0x080048e4                USBD_LL_PrepareReceive
 .text.__libc_init_array
                0x080048f4       0x48 e:/armgnu/10 2021.10/bin/../lib/gcc/arm-none-eabi/10.3.1/../../../../arm-none-eabi/lib/thumb/v7e-m/nofp\libg.a(lib_a-init.o)
                0x080048f4                __libc_init_array
 .text.memset   0x0800493c       0xa4 e:/armgnu/10 2021.10/bin/../lib/gcc/arm-none-eabi/10.3.1/../../../../arm-none-eabi/lib/thumb/v7e-m/nofp\libg.a(lib_a-memset.o)
                0x0800493c                memset
 .text.startup.register_fini
                0x080049e0       0x14 e:/armgnu/10 2021.10/bin/../lib/gcc/arm-none-eabi/10.3.1/../../../../arm-none-eabi/lib/thumb/v7e-m/nofp\libg.a(lib_a-__call_atexit.o)
 .text.atexit   0x080049f4        0xc e:/armgnu/10 2021.10/bin/../lib/gcc/arm-none-eabi/10.3.1/../../../../arm-none-eabi/lib/thumb/v7e-m/nofp\libg.a(lib_a-atexit.o)
                0x080049f4                atexit
 .text.__libc_fini_array
                0x08004a00       0x2c e:/armgnu/10 2021.10/bin/../lib/gcc/arm-none-eabi/10.3.1/../../../../arm-none-eabi/lib/thumb/v7e-m/nofp\libg.a(lib_a-fini.o)
                0x08004a00                __libc_fini_array
 .text.__retarget_lock_acquire_recursive
                0x08004a2c        0x4 e:/armgnu/10 2021.10/bin/../lib/gcc/arm-none-eabi/10.3.1/../../../../arm-none-eabi/lib/thumb/v7e-m/nofp\libg.a(lib_a-lock.o)
                0x08004a2c                __retarget_lock_acquire_recursive
 .text.__retarget_lock_release_recursive
                0x08004a30        0x4 e:/armgnu/10 2021.10/bin/../lib/gcc/arm-none-eabi/10.3.1/../../../../arm-none-eabi/lib/thumb/v7e-m/nofp\libg.a(lib_a-lock.o)
                0x08004a30                __retarget_lock_release_recursive
 .text.__register_exitproc
                0x08004a34       0x8c e:/armgnu/10 2021.10/bin/../lib/gcc/arm-none-eabi/10.3.1/../../../../arm-none-eabi/lib/thumb/v7e-m/nofp\libg.a(lib_a-__atexit.o)
                0x08004a34                __register_exitproc
 *(.glue_7)
 .glue_7        0x08004ac0        0x0 linker stubs
 *(.glue_7t)
 .glue_7t       0x08004ac0        0x0 linker stubs
 *(.eh_frame)
 .eh_frame      0x08004ac0        0x0 e:/armgnu/10 2021.10/bin/../lib/gcc/arm-none-eabi/10.3.1/thumb/v7e-m/nofp/crtbegin.o
 *(.init)
 .init          0x08004ac0        0x4 e:/armgnu/10 2021.10/bin/../lib/gcc/arm-none-eabi/10.3.1/thumb/v7e-m/nofp/crti.o
                0x08004ac0                _init
 .init          0x08004ac4        0x8 e:/armgnu/10 2021.10/bin/../lib/gcc/arm-none-eabi/10.3.1/thumb/v7e-m/nofp/crtn.o
 *(.fini)
 .fini          0x08004acc        0x4 e:/armgnu/10 2021.10/bin/../lib/gcc/arm-none-eabi/10.3.1/thumb/v7e-m/nofp/crti.o
                0x08004acc                _fini
 .fini          0x08004ad0        0x8 e:/armgnu/10 2021.10/bin/../lib/gcc/arm-none-eabi/10.3.1/thumb/v7e-m/nofp/crtn.o
                0x08004ad8                . = ALIGN (0x4)
                0x08004ad8                _etext = .

.vfp11_veneer   0x08004ad8        0x0
 .vfp11_veneer  0x08004ad8        0x0 linker stubs

.v4_bx          0x08004ad8        0x0
 .v4_bx         0x08004ad8        0x0 linker stubs

.iplt           0x08004ad8        0x0
 .iplt          0x08004ad8        0x0 e:/armgnu/10 2021.10/bin/../lib/gcc/arm-none-eabi/10.3.1/thumb/v7e-m/nofp/crtbegin.o

.rodata         0x08004ad8       0xd0
                0x08004ad8                . = ALIGN (0x4)
 *(.rodata)
 *(.rodata*)
 .rodata.init_cmds1
                0x08004ad8       0x38 CMakeFiles/Screen_Demo.elf.dir/Core/Src/ST7735.c.obj
                0x08004ad8                init_cmds1
 .rodata.init_cmds2
                0x08004b10        0xd CMakeFiles/Screen_Demo.elf.dir/Core/Src/ST7735.c.obj
                0x08004b10                init_cmds2
 *fill*         0x08004b1d        0x3 
 .rodata.init_cmds3
                0x08004b20       0x2b CMakeFiles/Screen_Demo.elf.dir/Core/Src/ST7735.c.obj
                0x08004b20                init_cmds3
 *fill*         0x08004b4b        0x1 
 .rodata.AHBPrescTable
                0x08004b4c       0x10 CMakeFiles/Screen_Demo.elf.dir/Core/Src/system_stm32f4xx.c.obj
                0x08004b4c                AHBPrescTable
 .rodata.USBD_FS_ProductStrDescriptor.str1.4
                0x08004b5c       0x16 CMakeFiles/Screen_Demo.elf.dir/USB_DEVICE/App/usbd_desc.c.obj
 *fill*         0x08004b72        0x2 
 .rodata.USBD_FS_ManufacturerStrDescriptor.str1.4
                0x08004b74       0x13 CMakeFiles/Screen_Demo.elf.dir/USB_DEVICE/App/usbd_desc.c.obj
 *fill*         0x08004b87        0x1 
 .rodata.USBD_FS_ConfigStrDescriptor.str1.4
                0x08004b88        0xb CMakeFiles/Screen_Demo.elf.dir/USB_DEVICE/App/usbd_desc.c.obj
 *fill*         0x08004b93        0x1 
 .rodata.USBD_FS_InterfaceStrDescriptor.str1.4
                0x08004b94        0xe CMakeFiles/Screen_Demo.elf.dir/USB_DEVICE/App/usbd_desc.c.obj
 *fill*         0x08004ba2        0x2 
 .rodata._global_impure_ptr
                0x08004ba4        0x4 e:/armgnu/10 2021.10/bin/../lib/gcc/arm-none-eabi/10.3.1/../../../../arm-none-eabi/lib/thumb/v7e-m/nofp\libg.a(lib_a-impure.o)
                0x08004ba4                _global_impure_ptr
                0x08004ba8                . = ALIGN (0x4)

.ARM.extab      0x08004ba8        0x0
                0x08004ba8                . = ALIGN (0x4)
 *(.ARM.extab* .gnu.linkonce.armextab.*)
                0x08004ba8                . = ALIGN (0x4)

.ARM            0x08004ba8        0x8
                0x08004ba8                . = ALIGN (0x4)
                0x08004ba8                __exidx_start = .
 *(.ARM.exidx*)
 .ARM.exidx     0x08004ba8        0x8 e:/armgnu/10 2021.10/bin/../lib/gcc/arm-none-eabi/10.3.1/thumb/v7e-m/nofp\libgcc.a(_udivmoddi4.o)
                0x08004bb0                __exidx_end = .
                0x08004bb0                . = ALIGN (0x4)

.rel.dyn        0x08004bb0        0x0
 .rel.iplt      0x08004bb0        0x0 e:/armgnu/10 2021.10/bin/../lib/gcc/arm-none-eabi/10.3.1/thumb/v7e-m/nofp/crtbegin.o

.preinit_array  0x08004bb0        0x0
                0x08004bb0                . = ALIGN (0x4)
                0x08004bb0                PROVIDE (__preinit_array_start = .)
 *(.preinit_array*)
                0x08004bb0                PROVIDE (__preinit_array_end = .)
                0x08004bb0                . = ALIGN (0x4)

.init_array     0x08004bb0        0x8
                0x08004bb0                . = ALIGN (0x4)
                0x08004bb0                PROVIDE (__init_array_start = .)
 *(SORT_BY_NAME(.init_array.*))
 .init_array.00000
                0x08004bb0        0x4 e:/armgnu/10 2021.10/bin/../lib/gcc/arm-none-eabi/10.3.1/../../../../arm-none-eabi/lib/thumb/v7e-m/nofp\libg.a(lib_a-__call_atexit.o)
 *(.init_array*)
 .init_array    0x08004bb4        0x4 e:/armgnu/10 2021.10/bin/../lib/gcc/arm-none-eabi/10.3.1/thumb/v7e-m/nofp/crtbegin.o
                0x08004bb8                PROVIDE (__init_array_end = .)
                0x08004bb8                . = ALIGN (0x4)

.fini_array     0x08004bb8        0x4
                0x08004bb8                . = ALIGN (0x4)
                0x08004bb8                PROVIDE (__fini_array_start = .)
 *(SORT_BY_NAME(.fini_array.*))
 *(.fini_array*)
 .fini_array    0x08004bb8        0x4 e:/armgnu/10 2021.10/bin/../lib/gcc/arm-none-eabi/10.3.1/thumb/v7e-m/nofp/crtbegin.o
                0x08004bbc                PROVIDE (__fini_array_end = .)
                0x08004bbc                . = ALIGN (0x4)
                0x08004bbc                _sidata = LOADADDR (.data)

.data           0x20000000      0x524 load address 0x08004bbc
                0x20000000                . = ALIGN (0x4)
                0x20000000                _sdata = .
 *(.data)
 *(.data*)
 .data.SystemCoreClock
                0x20000000        0x4 CMakeFiles/Screen_Demo.elf.dir/Core/Src/system_stm32f4xx.c.obj
                0x20000000                SystemCoreClock
 .data.uwTickFreq
                0x20000004        0x1 CMakeFiles/Screen_Demo.elf.dir/Drivers/STM32F4xx_HAL_Driver/Src/stm32f4xx_hal.c.obj
                0x20000004                uwTickFreq
 *fill*         0x20000005        0x3 
 .data.uwTickPrio
                0x20000008        0x4 CMakeFiles/Screen_Demo.elf.dir/Drivers/STM32F4xx_HAL_Driver/Src/stm32f4xx_hal.c.obj
                0x20000008                uwTickPrio
 .data.USBD_CDC
                0x2000000c       0x38 CMakeFiles/Screen_Demo.elf.dir/Middlewares/ST/STM32_USB_Device_Library/Class/CDC/Src/usbd_cdc.c.obj
                0x2000000c                USBD_CDC
 .data.USBD_CDC_CfgDesc
                0x20000044       0x43 CMakeFiles/Screen_Demo.elf.dir/Middlewares/ST/STM32_USB_Device_Library/Class/CDC/Src/usbd_cdc.c.obj
 *fill*         0x20000087        0x1 
 .data.USBD_CDC_DeviceQualifierDesc
                0x20000088        0xa CMakeFiles/Screen_Demo.elf.dir/Middlewares/ST/STM32_USB_Device_Library/Class/CDC/Src/usbd_cdc.c.obj
 *fill*         0x20000092        0x2 
 .data.USBD_Interface_fops_FS
                0x20000094       0x14 CMakeFiles/Screen_Demo.elf.dir/USB_DEVICE/App/usbd_cdc_if.c.obj
                0x20000094                USBD_Interface_fops_FS
 .data.FS_Desc  0x200000a8       0x1c CMakeFiles/Screen_Demo.elf.dir/USB_DEVICE/App/usbd_desc.c.obj
                0x200000a8                FS_Desc
 .data.USBD_FS_DeviceDesc
                0x200000c4       0x12 CMakeFiles/Screen_Demo.elf.dir/USB_DEVICE/App/usbd_desc.c.obj
                0x200000c4                USBD_FS_DeviceDesc
 *fill*         0x200000d6        0x2 
 .data.USBD_LangIDDesc
                0x200000d8        0x4 CMakeFiles/Screen_Demo.elf.dir/USB_DEVICE/App/usbd_desc.c.obj
                0x200000d8                USBD_LangIDDesc
 .data.USBD_StringSerial
                0x200000dc       0x1a CMakeFiles/Screen_Demo.elf.dir/USB_DEVICE/App/usbd_desc.c.obj
                0x200000dc                USBD_StringSerial
 *fill*         0x200000f6        0x2 
 .data.impure_data
                0x200000f8      0x428 e:/armgnu/10 2021.10/bin/../lib/gcc/arm-none-eabi/10.3.1/../../../../arm-none-eabi/lib/thumb/v7e-m/nofp\libg.a(lib_a-impure.o)
 .data.__atexit_recursive_mutex
                0x20000520        0x4 e:/armgnu/10 2021.10/bin/../lib/gcc/arm-none-eabi/10.3.1/../../../../arm-none-eabi/lib/thumb/v7e-m/nofp\libg.a(lib_a-__call_atexit.o)
                0x20000520                __atexit_recursive_mutex
 *(.RamFunc)
 *(.RamFunc*)
                0x20000524                . = ALIGN (0x4)
                0x20000524                _edata = .

.igot.plt       0x20000524        0x0 load address 0x080050e0
 .igot.plt      0x20000524        0x0 e:/armgnu/10 2021.10/bin/../lib/gcc/arm-none-eabi/10.3.1/thumb/v7e-m/nofp/crtbegin.o
                0x20000524                . = ALIGN (0x4)

.bss            0x20000524     0xbc9c load address 0x080050e0
                0x20000524                _sbss = .
                0x20000524                __bss_start__ = _sbss
 *(.bss)
 .bss           0x20000524       0x1c e:/armgnu/10 2021.10/bin/../lib/gcc/arm-none-eabi/10.3.1/thumb/v7e-m/nofp/crtbegin.o
 *(.bss*)
 .bss._colstart
                0x20000540        0x1 CMakeFiles/Screen_Demo.elf.dir/Core/Src/ST7735.c.obj
                0x20000540                _colstart
 *fill*         0x20000541        0x1 
 .bss._height   0x20000542        0x2 CMakeFiles/Screen_Demo.elf.dir/Core/Src/ST7735.c.obj
                0x20000542                _height
 .bss._rowstart
                0x20000544        0x1 CMakeFiles/Screen_Demo.elf.dir/Core/Src/ST7735.c.obj
                0x20000544                _rowstart
 *fill*         0x20000545        0x1 
 .bss._width    0x20000546        0x2 CMakeFiles/Screen_Demo.elf.dir/Core/Src/ST7735.c.obj
                0x20000546                _width
 .bss._xstart   0x20000548        0x1 CMakeFiles/Screen_Demo.elf.dir/Core/Src/ST7735.c.obj
                0x20000548                _xstart
 .bss._ystart   0x20000549        0x1 CMakeFiles/Screen_Demo.elf.dir/Core/Src/ST7735.c.obj
                0x20000549                _ystart
 .bss.rotation  0x2000054a        0x1 CMakeFiles/Screen_Demo.elf.dir/Core/Src/ST7735.c.obj
                0x2000054a                rotation
 *fill*         0x2000054b        0x1 
 .bss.hspi1     0x2000054c       0x58 CMakeFiles/Screen_Demo.elf.dir/Core/Src/spi.c.obj
                0x2000054c                hspi1
 .bss.uwTick    0x200005a4        0x4 CMakeFiles/Screen_Demo.elf.dir/Drivers/STM32F4xx_HAL_Driver/Src/stm32f4xx_hal.c.obj
                0x200005a4                uwTick
 .bss.cfgidx.0  0x200005a8        0x1 CMakeFiles/Screen_Demo.elf.dir/Middlewares/ST/STM32_USB_Device_Library/Core/Src/usbd_ctlreq.c.obj
 *fill*         0x200005a9        0x3 
 .bss.hUsbDeviceFS
                0x200005ac      0x2dc CMakeFiles/Screen_Demo.elf.dir/USB_DEVICE/App/usb_device.c.obj
                0x200005ac                hUsbDeviceFS
 .bss.Count     0x20000888        0x4 CMakeFiles/Screen_Demo.elf.dir/USB_DEVICE/App/usbd_cdc_if.c.obj
                0x20000888                Count
 .bss.UserRxBufferFS
                0x2000088c      0x800 CMakeFiles/Screen_Demo.elf.dir/USB_DEVICE/App/usbd_cdc_if.c.obj
                0x2000088c                UserRxBufferFS
 .bss.UserTxBufferFS
                0x2000108c      0x800 CMakeFiles/Screen_Demo.elf.dir/USB_DEVICE/App/usbd_cdc_if.c.obj
                0x2000108c                UserTxBufferFS
 .bss.data      0x2000188c     0xa000 CMakeFiles/Screen_Demo.elf.dir/USB_DEVICE/App/usbd_cdc_if.c.obj
                0x2000188c                data
 .bss.point     0x2000b88c        0x4 CMakeFiles/Screen_Demo.elf.dir/USB_DEVICE/App/usbd_cdc_if.c.obj
                0x2000b88c                point
 .bss.USBD_StrDesc
                0x2000b890      0x200 CMakeFiles/Screen_Demo.elf.dir/USB_DEVICE/App/usbd_desc.c.obj
                0x2000b890                USBD_StrDesc
 .bss.hpcd_USB_OTG_FS
                0x2000ba90      0x50c CMakeFiles/Screen_Demo.elf.dir/USB_DEVICE/Target/usbd_conf.c.obj
                0x2000ba90                hpcd_USB_OTG_FS
 .bss.mem.0     0x2000bf9c      0x220 CMakeFiles/Screen_Demo.elf.dir/USB_DEVICE/Target/usbd_conf.c.obj
 .bss.__lock___atexit_recursive_mutex
                0x2000c1bc        0x1 e:/armgnu/10 2021.10/bin/../lib/gcc/arm-none-eabi/10.3.1/../../../../arm-none-eabi/lib/thumb/v7e-m/nofp\libg.a(lib_a-lock.o)
                0x2000c1bc                __lock___atexit_recursive_mutex
 *(COMMON)
                0x2000c1c0                . = ALIGN (0x4)
 *fill*         0x2000c1bd        0x3 
                0x2000c1c0                _ebss = .
                0x2000c1c0                __bss_end__ = _ebss

._user_heap_stack
                0x2000c1c0      0x600 load address 0x080050e0
                0x2000c1c0                . = ALIGN (0x8)
                [!provide]                PROVIDE (end = .)
                0x2000c1c0                PROVIDE (_end = .)
                0x2000c3c0                . = (. + _Min_Heap_Size)
 *fill*         0x2000c1c0      0x200 
                0x2000c7c0                . = (. + _Min_Stack_Size)
 *fill*         0x2000c3c0      0x400 
                0x2000c7c0                . = ALIGN (0x8)

/DISCARD/
 libc.a(*)
 libm.a(*)
 libgcc.a(*)

.ARM.attributes
                0x00000000       0x2a
 *(.ARM.attributes)
 .ARM.attributes
                0x00000000       0x1e e:/armgnu/10 2021.10/bin/../lib/gcc/arm-none-eabi/10.3.1/thumb/v7e-m/nofp/crti.o
 .ARM.attributes
                0x0000001e       0x2e e:/armgnu/10 2021.10/bin/../lib/gcc/arm-none-eabi/10.3.1/thumb/v7e-m/nofp/crtbegin.o
 .ARM.attributes
                0x0000004c       0x2e CMakeFiles/Screen_Demo.elf.dir/Core/Src/GFX_FUNCTIONS.c.obj
 .ARM.attributes
                0x0000007a       0x2e CMakeFiles/Screen_Demo.elf.dir/Core/Src/ST7735.c.obj
 .ARM.attributes
                0x000000a8       0x2e CMakeFiles/Screen_Demo.elf.dir/Core/Src/gpio.c.obj
 .ARM.attributes
                0x000000d6       0x2e CMakeFiles/Screen_Demo.elf.dir/Core/Src/main.c.obj
 .ARM.attributes
                0x00000104       0x2e CMakeFiles/Screen_Demo.elf.dir/Core/Src/spi.c.obj
 .ARM.attributes
                0x00000132       0x2e CMakeFiles/Screen_Demo.elf.dir/Core/Src/stm32f4xx_hal_msp.c.obj
 .ARM.attributes
                0x00000160       0x2e CMakeFiles/Screen_Demo.elf.dir/Core/Src/stm32f4xx_it.c.obj
 .ARM.attributes
                0x0000018e       0x2e CMakeFiles/Screen_Demo.elf.dir/Core/Src/system_stm32f4xx.c.obj
 .ARM.attributes
                0x000001bc       0x21 CMakeFiles/Screen_Demo.elf.dir/Core/Startup/startup_stm32f411ceux.s.obj
 .ARM.attributes
                0x000001dd       0x2e CMakeFiles/Screen_Demo.elf.dir/Drivers/STM32F4xx_HAL_Driver/Src/stm32f4xx_hal.c.obj
 .ARM.attributes
                0x0000020b       0x2e CMakeFiles/Screen_Demo.elf.dir/Drivers/STM32F4xx_HAL_Driver/Src/stm32f4xx_hal_cortex.c.obj
 .ARM.attributes
                0x00000239       0x2e CMakeFiles/Screen_Demo.elf.dir/Drivers/STM32F4xx_HAL_Driver/Src/stm32f4xx_hal_gpio.c.obj
 .ARM.attributes
                0x00000267       0x2e CMakeFiles/Screen_Demo.elf.dir/Drivers/STM32F4xx_HAL_Driver/Src/stm32f4xx_hal_pcd.c.obj
 .ARM.attributes
                0x00000295       0x2e CMakeFiles/Screen_Demo.elf.dir/Drivers/STM32F4xx_HAL_Driver/Src/stm32f4xx_hal_pcd_ex.c.obj
 .ARM.attributes
                0x000002c3       0x2e CMakeFiles/Screen_Demo.elf.dir/Drivers/STM32F4xx_HAL_Driver/Src/stm32f4xx_hal_rcc.c.obj
 .ARM.attributes
                0x000002f1       0x2e CMakeFiles/Screen_Demo.elf.dir/Drivers/STM32F4xx_HAL_Driver/Src/stm32f4xx_hal_spi.c.obj
 .ARM.attributes
                0x0000031f       0x2e CMakeFiles/Screen_Demo.elf.dir/Drivers/STM32F4xx_HAL_Driver/Src/stm32f4xx_ll_usb.c.obj
 .ARM.attributes
                0x0000034d       0x2e CMakeFiles/Screen_Demo.elf.dir/Middlewares/ST/STM32_USB_Device_Library/Class/CDC/Src/usbd_cdc.c.obj
 .ARM.attributes
                0x0000037b       0x2e CMakeFiles/Screen_Demo.elf.dir/Middlewares/ST/STM32_USB_Device_Library/Core/Src/usbd_core.c.obj
 .ARM.attributes
                0x000003a9       0x2e CMakeFiles/Screen_Demo.elf.dir/Middlewares/ST/STM32_USB_Device_Library/Core/Src/usbd_ctlreq.c.obj
 .ARM.attributes
                0x000003d7       0x2e CMakeFiles/Screen_Demo.elf.dir/Middlewares/ST/STM32_USB_Device_Library/Core/Src/usbd_ioreq.c.obj
 .ARM.attributes
                0x00000405       0x2e CMakeFiles/Screen_Demo.elf.dir/USB_DEVICE/App/usb_device.c.obj
 .ARM.attributes
                0x00000433       0x2e CMakeFiles/Screen_Demo.elf.dir/USB_DEVICE/App/usbd_cdc_if.c.obj
 .ARM.attributes
                0x00000461       0x2e CMakeFiles/Screen_Demo.elf.dir/USB_DEVICE/App/usbd_desc.c.obj
 .ARM.attributes
                0x0000048f       0x2e CMakeFiles/Screen_Demo.elf.dir/USB_DEVICE/Target/usbd_conf.c.obj
 .ARM.attributes
                0x000004bd       0x1e e:/armgnu/10 2021.10/bin/../lib/gcc/arm-none-eabi/10.3.1/thumb/v7e-m/nofp\libgcc.a(_aeabi_uldivmod.o)
 .ARM.attributes
                0x000004db       0x2e e:/armgnu/10 2021.10/bin/../lib/gcc/arm-none-eabi/10.3.1/thumb/v7e-m/nofp\libgcc.a(_udivmoddi4.o)
 .ARM.attributes
                0x00000509       0x1e e:/armgnu/10 2021.10/bin/../lib/gcc/arm-none-eabi/10.3.1/thumb/v7e-m/nofp\libgcc.a(_dvmd_tls.o)
 .ARM.attributes
                0x00000527       0x2e e:/armgnu/10 2021.10/bin/../lib/gcc/arm-none-eabi/10.3.1/../../../../arm-none-eabi/lib/thumb/v7e-m/nofp\libg.a(lib_a-impure.o)
 .ARM.attributes
                0x00000555       0x2e e:/armgnu/10 2021.10/bin/../lib/gcc/arm-none-eabi/10.3.1/../../../../arm-none-eabi/lib/thumb/v7e-m/nofp\libg.a(lib_a-init.o)
 .ARM.attributes
                0x00000583       0x1c e:/armgnu/10 2021.10/bin/../lib/gcc/arm-none-eabi/10.3.1/../../../../arm-none-eabi/lib/thumb/v7e-m/nofp\libg.a(lib_a-memcpy.o)
 .ARM.attributes
                0x0000059f       0x2e e:/armgnu/10 2021.10/bin/../lib/gcc/arm-none-eabi/10.3.1/../../../../arm-none-eabi/lib/thumb/v7e-m/nofp\libg.a(lib_a-memset.o)
 .ARM.attributes
                0x000005cd       0x2e e:/armgnu/10 2021.10/bin/../lib/gcc/arm-none-eabi/10.3.1/../../../../arm-none-eabi/lib/thumb/v7e-m/nofp\libg.a(lib_a-__call_atexit.o)
 .ARM.attributes
                0x000005fb       0x2e e:/armgnu/10 2021.10/bin/../lib/gcc/arm-none-eabi/10.3.1/../../../../arm-none-eabi/lib/thumb/v7e-m/nofp\libg.a(lib_a-atexit.o)
 .ARM.attributes
                0x00000629       0x2e e:/armgnu/10 2021.10/bin/../lib/gcc/arm-none-eabi/10.3.1/../../../../arm-none-eabi/lib/thumb/v7e-m/nofp\libg.a(lib_a-fini.o)
 .ARM.attributes
                0x00000657       0x2e e:/armgnu/10 2021.10/bin/../lib/gcc/arm-none-eabi/10.3.1/../../../../arm-none-eabi/lib/thumb/v7e-m/nofp\libg.a(lib_a-lock.o)
 .ARM.attributes
                0x00000685       0x2e e:/armgnu/10 2021.10/bin/../lib/gcc/arm-none-eabi/10.3.1/../../../../arm-none-eabi/lib/thumb/v7e-m/nofp\libg.a(lib_a-__atexit.o)
 .ARM.attributes
                0x000006b3       0x1e e:/armgnu/10 2021.10/bin/../lib/gcc/arm-none-eabi/10.3.1/thumb/v7e-m/nofp/crtn.o
OUTPUT(Screen_Demo.elf elf32-littlearm)
LOAD linker stubs
LOAD e:/armgnu/10 2021.10/bin/../lib/gcc/arm-none-eabi/10.3.1/../../../../arm-none-eabi/lib/thumb/v7e-m/nofp\libc.a
LOAD e:/armgnu/10 2021.10/bin/../lib/gcc/arm-none-eabi/10.3.1/../../../../arm-none-eabi/lib/thumb/v7e-m/nofp\libm.a
LOAD e:/armgnu/10 2021.10/bin/../lib/gcc/arm-none-eabi/10.3.1/thumb/v7e-m/nofp\libgcc.a

.debug_info     0x00000000    0x15fd8
 .debug_info    0x00000000     0x1fc5 CMakeFiles/Screen_Demo.elf.dir/Core/Src/GFX_FUNCTIONS.c.obj
 .debug_info    0x00001fc5     0x1213 CMakeFiles/Screen_Demo.elf.dir/Core/Src/ST7735.c.obj
 .debug_info    0x000031d8      0x4e6 CMakeFiles/Screen_Demo.elf.dir/Core/Src/gpio.c.obj
 .debug_info    0x000036be      0x7dd CMakeFiles/Screen_Demo.elf.dir/Core/Src/main.c.obj
 .debug_info    0x00003e9b      0xa43 CMakeFiles/Screen_Demo.elf.dir/Core/Src/spi.c.obj
 .debug_info    0x000048de      0x2d7 CMakeFiles/Screen_Demo.elf.dir/Core/Src/stm32f4xx_hal_msp.c.obj
 .debug_info    0x00004bb5      0x667 CMakeFiles/Screen_Demo.elf.dir/Core/Src/stm32f4xx_it.c.obj
 .debug_info    0x0000521c      0x3a9 CMakeFiles/Screen_Demo.elf.dir/Core/Src/system_stm32f4xx.c.obj
 .debug_info    0x000055c5       0x22 CMakeFiles/Screen_Demo.elf.dir/Core/Startup/startup_stm32f411ceux.s.obj
 .debug_info    0x000055e7      0x981 CMakeFiles/Screen_Demo.elf.dir/Drivers/STM32F4xx_HAL_Driver/Src/stm32f4xx_hal.c.obj
 .debug_info    0x00005f68     0x1008 CMakeFiles/Screen_Demo.elf.dir/Drivers/STM32F4xx_HAL_Driver/Src/stm32f4xx_hal_cortex.c.obj
 .debug_info    0x00006f70      0x7d4 CMakeFiles/Screen_Demo.elf.dir/Drivers/STM32F4xx_HAL_Driver/Src/stm32f4xx_hal_gpio.c.obj
 .debug_info    0x00007744     0x1b59 CMakeFiles/Screen_Demo.elf.dir/Drivers/STM32F4xx_HAL_Driver/Src/stm32f4xx_hal_pcd.c.obj
 .debug_info    0x0000929d      0x726 CMakeFiles/Screen_Demo.elf.dir/Drivers/STM32F4xx_HAL_Driver/Src/stm32f4xx_hal_pcd_ex.c.obj
 .debug_info    0x000099c3      0xb2a CMakeFiles/Screen_Demo.elf.dir/Drivers/STM32F4xx_HAL_Driver/Src/stm32f4xx_hal_rcc.c.obj
 .debug_info    0x0000a4ed     0x1e8e CMakeFiles/Screen_Demo.elf.dir/Drivers/STM32F4xx_HAL_Driver/Src/stm32f4xx_hal_spi.c.obj
 .debug_info    0x0000c37b     0x1f99 CMakeFiles/Screen_Demo.elf.dir/Drivers/STM32F4xx_HAL_Driver/Src/stm32f4xx_ll_usb.c.obj
 .debug_info    0x0000e314     0x16da CMakeFiles/Screen_Demo.elf.dir/Middlewares/ST/STM32_USB_Device_Library/Class/CDC/Src/usbd_cdc.c.obj
 .debug_info    0x0000f9ee     0x1223 CMakeFiles/Screen_Demo.elf.dir/Middlewares/ST/STM32_USB_Device_Library/Core/Src/usbd_core.c.obj
 .debug_info    0x00010c11     0x13f9 CMakeFiles/Screen_Demo.elf.dir/Middlewares/ST/STM32_USB_Device_Library/Core/Src/usbd_ctlreq.c.obj
 .debug_info    0x0001200a      0x8ca CMakeFiles/Screen_Demo.elf.dir/Middlewares/ST/STM32_USB_Device_Library/Core/Src/usbd_ioreq.c.obj
 .debug_info    0x000128d4      0x79f CMakeFiles/Screen_Demo.elf.dir/USB_DEVICE/App/usb_device.c.obj
 .debug_info    0x00013073      0xa91 CMakeFiles/Screen_Demo.elf.dir/USB_DEVICE/App/usbd_cdc_if.c.obj
 .debug_info    0x00013b04      0x5ff CMakeFiles/Screen_Demo.elf.dir/USB_DEVICE/App/usbd_desc.c.obj
 .debug_info    0x00014103     0x1ed5 CMakeFiles/Screen_Demo.elf.dir/USB_DEVICE/Target/usbd_conf.c.obj

.debug_abbrev   0x00000000     0x3443
 .debug_abbrev  0x00000000      0x1d8 CMakeFiles/Screen_Demo.elf.dir/Core/Src/GFX_FUNCTIONS.c.obj
 .debug_abbrev  0x000001d8      0x2b5 CMakeFiles/Screen_Demo.elf.dir/Core/Src/ST7735.c.obj
 .debug_abbrev  0x0000048d      0x14e CMakeFiles/Screen_Demo.elf.dir/Core/Src/gpio.c.obj
 .debug_abbrev  0x000005db      0x1df CMakeFiles/Screen_Demo.elf.dir/Core/Src/main.c.obj
 .debug_abbrev  0x000007ba      0x1d3 CMakeFiles/Screen_Demo.elf.dir/Core/Src/spi.c.obj
 .debug_abbrev  0x0000098d       0xd1 CMakeFiles/Screen_Demo.elf.dir/Core/Src/stm32f4xx_hal_msp.c.obj
 .debug_abbrev  0x00000a5e      0x19a CMakeFiles/Screen_Demo.elf.dir/Core/Src/stm32f4xx_it.c.obj
 .debug_abbrev  0x00000bf8      0x119 CMakeFiles/Screen_Demo.elf.dir/Core/Src/system_stm32f4xx.c.obj
 .debug_abbrev  0x00000d11       0x12 CMakeFiles/Screen_Demo.elf.dir/Core/Startup/startup_stm32f411ceux.s.obj
 .debug_abbrev  0x00000d23      0x237 CMakeFiles/Screen_Demo.elf.dir/Drivers/STM32F4xx_HAL_Driver/Src/stm32f4xx_hal.c.obj
 .debug_abbrev  0x00000f5a      0x36a CMakeFiles/Screen_Demo.elf.dir/Drivers/STM32F4xx_HAL_Driver/Src/stm32f4xx_hal_cortex.c.obj
 .debug_abbrev  0x000012c4      0x1ef CMakeFiles/Screen_Demo.elf.dir/Drivers/STM32F4xx_HAL_Driver/Src/stm32f4xx_hal_gpio.c.obj
 .debug_abbrev  0x000014b3      0x2b5 CMakeFiles/Screen_Demo.elf.dir/Drivers/STM32F4xx_HAL_Driver/Src/stm32f4xx_hal_pcd.c.obj
 .debug_abbrev  0x00001768      0x1e5 CMakeFiles/Screen_Demo.elf.dir/Drivers/STM32F4xx_HAL_Driver/Src/stm32f4xx_hal_pcd_ex.c.obj
 .debug_abbrev  0x0000194d      0x28a CMakeFiles/Screen_Demo.elf.dir/Drivers/STM32F4xx_HAL_Driver/Src/stm32f4xx_hal_rcc.c.obj
 .debug_abbrev  0x00001bd7      0x24e CMakeFiles/Screen_Demo.elf.dir/Drivers/STM32F4xx_HAL_Driver/Src/stm32f4xx_hal_spi.c.obj
 .debug_abbrev  0x00001e25      0x2cb CMakeFiles/Screen_Demo.elf.dir/Drivers/STM32F4xx_HAL_Driver/Src/stm32f4xx_ll_usb.c.obj
 .debug_abbrev  0x000020f0      0x317 CMakeFiles/Screen_Demo.elf.dir/Middlewares/ST/STM32_USB_Device_Library/Class/CDC/Src/usbd_cdc.c.obj
 .debug_abbrev  0x00002407      0x2a8 CMakeFiles/Screen_Demo.elf.dir/Middlewares/ST/STM32_USB_Device_Library/Core/Src/usbd_core.c.obj
 .debug_abbrev  0x000026af      0x32e CMakeFiles/Screen_Demo.elf.dir/Middlewares/ST/STM32_USB_Device_Library/Core/Src/usbd_ctlreq.c.obj
 .debug_abbrev  0x000029dd      0x184 CMakeFiles/Screen_Demo.elf.dir/Middlewares/ST/STM32_USB_Device_Library/Core/Src/usbd_ioreq.c.obj
 .debug_abbrev  0x00002b61      0x196 CMakeFiles/Screen_Demo.elf.dir/USB_DEVICE/App/usb_device.c.obj
 .debug_abbrev  0x00002cf7      0x2b3 CMakeFiles/Screen_Demo.elf.dir/USB_DEVICE/App/usbd_cdc_if.c.obj
 .debug_abbrev  0x00002faa      0x1ca CMakeFiles/Screen_Demo.elf.dir/USB_DEVICE/App/usbd_desc.c.obj
 .debug_abbrev  0x00003174      0x2cf CMakeFiles/Screen_Demo.elf.dir/USB_DEVICE/Target/usbd_conf.c.obj

.debug_loc      0x00000000     0xd2c4
 .debug_loc     0x00000000     0x1a0d CMakeFiles/Screen_Demo.elf.dir/Core/Src/GFX_FUNCTIONS.c.obj
 .debug_loc     0x00001a0d      0x776 CMakeFiles/Screen_Demo.elf.dir/Core/Src/ST7735.c.obj
 .debug_loc     0x00002183       0x32 CMakeFiles/Screen_Demo.elf.dir/Core/Src/main.c.obj
 .debug_loc     0x000021b5       0x84 CMakeFiles/Screen_Demo.elf.dir/Core/Src/spi.c.obj
 .debug_loc     0x00002239      0x158 CMakeFiles/Screen_Demo.elf.dir/Core/Src/system_stm32f4xx.c.obj
 .debug_loc     0x00002391      0x141 CMakeFiles/Screen_Demo.elf.dir/Drivers/STM32F4xx_HAL_Driver/Src/stm32f4xx_hal.c.obj
 .debug_loc     0x000024d2      0x744 CMakeFiles/Screen_Demo.elf.dir/Drivers/STM32F4xx_HAL_Driver/Src/stm32f4xx_hal_cortex.c.obj
 .debug_loc     0x00002c16      0x520 CMakeFiles/Screen_Demo.elf.dir/Drivers/STM32F4xx_HAL_Driver/Src/stm32f4xx_hal_gpio.c.obj
 .debug_loc     0x00003136     0x1423 CMakeFiles/Screen_Demo.elf.dir/Drivers/STM32F4xx_HAL_Driver/Src/stm32f4xx_hal_pcd.c.obj
 .debug_loc     0x00004559       0xde CMakeFiles/Screen_Demo.elf.dir/Drivers/STM32F4xx_HAL_Driver/Src/stm32f4xx_hal_pcd_ex.c.obj
 .debug_loc     0x00004637      0x58c CMakeFiles/Screen_Demo.elf.dir/Drivers/STM32F4xx_HAL_Driver/Src/stm32f4xx_hal_rcc.c.obj
 .debug_loc     0x00004bc3     0x1ded CMakeFiles/Screen_Demo.elf.dir/Drivers/STM32F4xx_HAL_Driver/Src/stm32f4xx_hal_spi.c.obj
 .debug_loc     0x000069b0     0x255e CMakeFiles/Screen_Demo.elf.dir/Drivers/STM32F4xx_HAL_Driver/Src/stm32f4xx_ll_usb.c.obj
 .debug_loc     0x00008f0e      0xa5b CMakeFiles/Screen_Demo.elf.dir/Middlewares/ST/STM32_USB_Device_Library/Class/CDC/Src/usbd_cdc.c.obj
 .debug_loc     0x00009969      0xdd6 CMakeFiles/Screen_Demo.elf.dir/Middlewares/ST/STM32_USB_Device_Library/Core/Src/usbd_core.c.obj
 .debug_loc     0x0000a73f     0x1869 CMakeFiles/Screen_Demo.elf.dir/Middlewares/ST/STM32_USB_Device_Library/Core/Src/usbd_ctlreq.c.obj
 .debug_loc     0x0000bfa8      0x2b8 CMakeFiles/Screen_Demo.elf.dir/Middlewares/ST/STM32_USB_Device_Library/Core/Src/usbd_ioreq.c.obj
 .debug_loc     0x0000c260      0x156 CMakeFiles/Screen_Demo.elf.dir/USB_DEVICE/App/usbd_cdc_if.c.obj
 .debug_loc     0x0000c3b6      0x38f CMakeFiles/Screen_Demo.elf.dir/USB_DEVICE/App/usbd_desc.c.obj
 .debug_loc     0x0000c745      0xb7f CMakeFiles/Screen_Demo.elf.dir/USB_DEVICE/Target/usbd_conf.c.obj

.debug_aranges  0x00000000      0xe70
 .debug_aranges
                0x00000000      0x100 CMakeFiles/Screen_Demo.elf.dir/Core/Src/GFX_FUNCTIONS.c.obj
 .debug_aranges
                0x00000100       0x90 CMakeFiles/Screen_Demo.elf.dir/Core/Src/ST7735.c.obj
 .debug_aranges
                0x00000190       0x20 CMakeFiles/Screen_Demo.elf.dir/Core/Src/gpio.c.obj
 .debug_aranges
                0x000001b0       0x38 CMakeFiles/Screen_Demo.elf.dir/Core/Src/main.c.obj
 .debug_aranges
                0x000001e8       0x30 CMakeFiles/Screen_Demo.elf.dir/Core/Src/spi.c.obj
 .debug_aranges
                0x00000218       0x20 CMakeFiles/Screen_Demo.elf.dir/Core/Src/stm32f4xx_hal_msp.c.obj
 .debug_aranges
                0x00000238       0x68 CMakeFiles/Screen_Demo.elf.dir/Core/Src/stm32f4xx_it.c.obj
 .debug_aranges
                0x000002a0       0x28 CMakeFiles/Screen_Demo.elf.dir/Core/Src/system_stm32f4xx.c.obj
 .debug_aranges
                0x000002c8       0x28 CMakeFiles/Screen_Demo.elf.dir/Core/Startup/startup_stm32f411ceux.s.obj
 .debug_aranges
                0x000002f0       0xf0 CMakeFiles/Screen_Demo.elf.dir/Drivers/STM32F4xx_HAL_Driver/Src/stm32f4xx_hal.c.obj
 .debug_aranges
                0x000003e0       0xa8 CMakeFiles/Screen_Demo.elf.dir/Drivers/STM32F4xx_HAL_Driver/Src/stm32f4xx_hal_cortex.c.obj
 .debug_aranges
                0x00000488       0x58 CMakeFiles/Screen_Demo.elf.dir/Drivers/STM32F4xx_HAL_Driver/Src/stm32f4xx_hal_gpio.c.obj
 .debug_aranges
                0x000004e0      0x148 CMakeFiles/Screen_Demo.elf.dir/Drivers/STM32F4xx_HAL_Driver/Src/stm32f4xx_hal_pcd.c.obj
 .debug_aranges
                0x00000628       0x38 CMakeFiles/Screen_Demo.elf.dir/Drivers/STM32F4xx_HAL_Driver/Src/stm32f4xx_hal_pcd_ex.c.obj
 .debug_aranges
                0x00000660       0x88 CMakeFiles/Screen_Demo.elf.dir/Drivers/STM32F4xx_HAL_Driver/Src/stm32f4xx_hal_rcc.c.obj
 .debug_aranges
                0x000006e8      0x1d0 CMakeFiles/Screen_Demo.elf.dir/Drivers/STM32F4xx_HAL_Driver/Src/stm32f4xx_hal_spi.c.obj
 .debug_aranges
                0x000008b8      0x1a0 CMakeFiles/Screen_Demo.elf.dir/Drivers/STM32F4xx_HAL_Driver/Src/stm32f4xx_ll_usb.c.obj
 .debug_aranges
                0x00000a58       0x90 CMakeFiles/Screen_Demo.elf.dir/Middlewares/ST/STM32_USB_Device_Library/Class/CDC/Src/usbd_cdc.c.obj
 .debug_aranges
                0x00000ae8       0xd8 CMakeFiles/Screen_Demo.elf.dir/Middlewares/ST/STM32_USB_Device_Library/Core/Src/usbd_core.c.obj
 .debug_aranges
                0x00000bc0       0x88 CMakeFiles/Screen_Demo.elf.dir/Middlewares/ST/STM32_USB_Device_Library/Core/Src/usbd_ctlreq.c.obj
 .debug_aranges
                0x00000c48       0x50 CMakeFiles/Screen_Demo.elf.dir/Middlewares/ST/STM32_USB_Device_Library/Core/Src/usbd_ioreq.c.obj
 .debug_aranges
                0x00000c98       0x20 CMakeFiles/Screen_Demo.elf.dir/USB_DEVICE/App/usb_device.c.obj
 .debug_aranges
                0x00000cb8       0x48 CMakeFiles/Screen_Demo.elf.dir/USB_DEVICE/App/usbd_cdc_if.c.obj
 .debug_aranges
                0x00000d00       0x60 CMakeFiles/Screen_Demo.elf.dir/USB_DEVICE/App/usbd_desc.c.obj
 .debug_aranges
                0x00000d60      0x110 CMakeFiles/Screen_Demo.elf.dir/USB_DEVICE/Target/usbd_conf.c.obj

.debug_ranges   0x00000000      0xd78
 .debug_ranges  0x00000000       0xf0 CMakeFiles/Screen_Demo.elf.dir/Core/Src/GFX_FUNCTIONS.c.obj
 .debug_ranges  0x000000f0       0x98 CMakeFiles/Screen_Demo.elf.dir/Core/Src/ST7735.c.obj
 .debug_ranges  0x00000188       0x10 CMakeFiles/Screen_Demo.elf.dir/Core/Src/gpio.c.obj
 .debug_ranges  0x00000198       0x28 CMakeFiles/Screen_Demo.elf.dir/Core/Src/main.c.obj
 .debug_ranges  0x000001c0       0x20 CMakeFiles/Screen_Demo.elf.dir/Core/Src/spi.c.obj
 .debug_ranges  0x000001e0       0x10 CMakeFiles/Screen_Demo.elf.dir/Core/Src/stm32f4xx_hal_msp.c.obj
 .debug_ranges  0x000001f0       0x58 CMakeFiles/Screen_Demo.elf.dir/Core/Src/stm32f4xx_it.c.obj
 .debug_ranges  0x00000248       0x18 CMakeFiles/Screen_Demo.elf.dir/Core/Src/system_stm32f4xx.c.obj
 .debug_ranges  0x00000260       0x20 CMakeFiles/Screen_Demo.elf.dir/Core/Startup/startup_stm32f411ceux.s.obj
 .debug_ranges  0x00000280       0xe0 CMakeFiles/Screen_Demo.elf.dir/Drivers/STM32F4xx_HAL_Driver/Src/stm32f4xx_hal.c.obj
 .debug_ranges  0x00000360       0xf8 CMakeFiles/Screen_Demo.elf.dir/Drivers/STM32F4xx_HAL_Driver/Src/stm32f4xx_hal_cortex.c.obj
 .debug_ranges  0x00000458       0x48 CMakeFiles/Screen_Demo.elf.dir/Drivers/STM32F4xx_HAL_Driver/Src/stm32f4xx_hal_gpio.c.obj
 .debug_ranges  0x000004a0      0x138 CMakeFiles/Screen_Demo.elf.dir/Drivers/STM32F4xx_HAL_Driver/Src/stm32f4xx_hal_pcd.c.obj
 .debug_ranges  0x000005d8       0x28 CMakeFiles/Screen_Demo.elf.dir/Drivers/STM32F4xx_HAL_Driver/Src/stm32f4xx_hal_pcd_ex.c.obj
 .debug_ranges  0x00000600       0x90 CMakeFiles/Screen_Demo.elf.dir/Drivers/STM32F4xx_HAL_Driver/Src/stm32f4xx_hal_rcc.c.obj
 .debug_ranges  0x00000690      0x1c0 CMakeFiles/Screen_Demo.elf.dir/Drivers/STM32F4xx_HAL_Driver/Src/stm32f4xx_hal_spi.c.obj
 .debug_ranges  0x00000850      0x190 CMakeFiles/Screen_Demo.elf.dir/Drivers/STM32F4xx_HAL_Driver/Src/stm32f4xx_ll_usb.c.obj
 .debug_ranges  0x000009e0       0x80 CMakeFiles/Screen_Demo.elf.dir/Middlewares/ST/STM32_USB_Device_Library/Class/CDC/Src/usbd_cdc.c.obj
 .debug_ranges  0x00000a60       0xc8 CMakeFiles/Screen_Demo.elf.dir/Middlewares/ST/STM32_USB_Device_Library/Core/Src/usbd_core.c.obj
 .debug_ranges  0x00000b28       0x78 CMakeFiles/Screen_Demo.elf.dir/Middlewares/ST/STM32_USB_Device_Library/Core/Src/usbd_ctlreq.c.obj
 .debug_ranges  0x00000ba0       0x40 CMakeFiles/Screen_Demo.elf.dir/Middlewares/ST/STM32_USB_Device_Library/Core/Src/usbd_ioreq.c.obj
 .debug_ranges  0x00000be0       0x10 CMakeFiles/Screen_Demo.elf.dir/USB_DEVICE/App/usb_device.c.obj
 .debug_ranges  0x00000bf0       0x38 CMakeFiles/Screen_Demo.elf.dir/USB_DEVICE/App/usbd_cdc_if.c.obj
 .debug_ranges  0x00000c28       0x50 CMakeFiles/Screen_Demo.elf.dir/USB_DEVICE/App/usbd_desc.c.obj
 .debug_ranges  0x00000c78      0x100 CMakeFiles/Screen_Demo.elf.dir/USB_DEVICE/Target/usbd_conf.c.obj

.debug_line     0x00000000     0xdaf0
 .debug_line    0x00000000     0x11bf CMakeFiles/Screen_Demo.elf.dir/Core/Src/GFX_FUNCTIONS.c.obj
 .debug_line    0x000011bf      0x827 CMakeFiles/Screen_Demo.elf.dir/Core/Src/ST7735.c.obj
 .debug_line    0x000019e6      0x1ff CMakeFiles/Screen_Demo.elf.dir/Core/Src/gpio.c.obj
 .debug_line    0x00001be5      0x453 CMakeFiles/Screen_Demo.elf.dir/Core/Src/main.c.obj
 .debug_line    0x00002038      0x323 CMakeFiles/Screen_Demo.elf.dir/Core/Src/spi.c.obj
 .debug_line    0x0000235b      0x15c CMakeFiles/Screen_Demo.elf.dir/Core/Src/stm32f4xx_hal_msp.c.obj
 .debug_line    0x000024b7      0x2ef CMakeFiles/Screen_Demo.elf.dir/Core/Src/stm32f4xx_it.c.obj
 .debug_line    0x000027a6      0x225 CMakeFiles/Screen_Demo.elf.dir/Core/Src/system_stm32f4xx.c.obj
 .debug_line    0x000029cb       0xa4 CMakeFiles/Screen_Demo.elf.dir/Core/Startup/startup_stm32f411ceux.s.obj
 .debug_line    0x00002a6f      0x5a5 CMakeFiles/Screen_Demo.elf.dir/Drivers/STM32F4xx_HAL_Driver/Src/stm32f4xx_hal.c.obj
 .debug_line    0x00003014      0x7b8 CMakeFiles/Screen_Demo.elf.dir/Drivers/STM32F4xx_HAL_Driver/Src/stm32f4xx_hal_cortex.c.obj
 .debug_line    0x000037cc      0x6e4 CMakeFiles/Screen_Demo.elf.dir/Drivers/STM32F4xx_HAL_Driver/Src/stm32f4xx_hal_gpio.c.obj
 .debug_line    0x00003eb0     0x157d CMakeFiles/Screen_Demo.elf.dir/Drivers/STM32F4xx_HAL_Driver/Src/stm32f4xx_hal_pcd.c.obj
 .debug_line    0x0000542d      0x2d6 CMakeFiles/Screen_Demo.elf.dir/Drivers/STM32F4xx_HAL_Driver/Src/stm32f4xx_hal_pcd_ex.c.obj
 .debug_line    0x00005703      0xb30 CMakeFiles/Screen_Demo.elf.dir/Drivers/STM32F4xx_HAL_Driver/Src/stm32f4xx_hal_rcc.c.obj
 .debug_line    0x00006233     0x250a CMakeFiles/Screen_Demo.elf.dir/Drivers/STM32F4xx_HAL_Driver/Src/stm32f4xx_hal_spi.c.obj
 .debug_line    0x0000873d     0x1e72 CMakeFiles/Screen_Demo.elf.dir/Drivers/STM32F4xx_HAL_Driver/Src/stm32f4xx_ll_usb.c.obj
 .debug_line    0x0000a5af      0xa76 CMakeFiles/Screen_Demo.elf.dir/Middlewares/ST/STM32_USB_Device_Library/Class/CDC/Src/usbd_cdc.c.obj
 .debug_line    0x0000b025      0x9cc CMakeFiles/Screen_Demo.elf.dir/Middlewares/ST/STM32_USB_Device_Library/Core/Src/usbd_core.c.obj
 .debug_line    0x0000b9f1      0xd43 CMakeFiles/Screen_Demo.elf.dir/Middlewares/ST/STM32_USB_Device_Library/Core/Src/usbd_ctlreq.c.obj
 .debug_line    0x0000c734      0x2ac CMakeFiles/Screen_Demo.elf.dir/Middlewares/ST/STM32_USB_Device_Library/Core/Src/usbd_ioreq.c.obj
 .debug_line    0x0000c9e0      0x24d CMakeFiles/Screen_Demo.elf.dir/USB_DEVICE/App/usb_device.c.obj
 .debug_line    0x0000cc2d      0x2fb CMakeFiles/Screen_Demo.elf.dir/USB_DEVICE/App/usbd_cdc_if.c.obj
 .debug_line    0x0000cf28      0x35f CMakeFiles/Screen_Demo.elf.dir/USB_DEVICE/App/usbd_desc.c.obj
 .debug_line    0x0000d287      0x869 CMakeFiles/Screen_Demo.elf.dir/USB_DEVICE/Target/usbd_conf.c.obj

.debug_str      0x00000000     0x457f
 .debug_str     0x00000000      0x3d7 CMakeFiles/Screen_Demo.elf.dir/Core/Src/GFX_FUNCTIONS.c.obj
                                0x443 (size before relaxing)
 .debug_str     0x000003d7      0x615 CMakeFiles/Screen_Demo.elf.dir/Core/Src/ST7735.c.obj
                                0x892 (size before relaxing)
 .debug_str     0x000009ec      0x18a CMakeFiles/Screen_Demo.elf.dir/Core/Src/gpio.c.obj
                                0x3ad (size before relaxing)
 .debug_str     0x00000b76      0x225 CMakeFiles/Screen_Demo.elf.dir/Core/Src/main.c.obj
                                0x594 (size before relaxing)
 .debug_str     0x00000d9b       0x77 CMakeFiles/Screen_Demo.elf.dir/Core/Src/spi.c.obj
                                0x836 (size before relaxing)
 .debug_str     0x00000e12       0x48 CMakeFiles/Screen_Demo.elf.dir/Core/Src/stm32f4xx_hal_msp.c.obj
                                0x2fc (size before relaxing)
 .debug_str     0x00000e5a      0x44d CMakeFiles/Screen_Demo.elf.dir/Core/Src/stm32f4xx_it.c.obj
                                0x674 (size before relaxing)
 .debug_str     0x000012a7       0xa3 CMakeFiles/Screen_Demo.elf.dir/Core/Src/system_stm32f4xx.c.obj
                                0x35d (size before relaxing)
 .debug_str     0x0000134a       0x52 CMakeFiles/Screen_Demo.elf.dir/Core/Startup/startup_stm32f411ceux.s.obj
                                 0x83 (size before relaxing)
 .debug_str     0x0000139c      0x714 CMakeFiles/Screen_Demo.elf.dir/Drivers/STM32F4xx_HAL_Driver/Src/stm32f4xx_hal.c.obj
                                0xa3e (size before relaxing)
 .debug_str     0x00001ab0      0x4bd CMakeFiles/Screen_Demo.elf.dir/Drivers/STM32F4xx_HAL_Driver/Src/stm32f4xx_hal_cortex.c.obj
                                0xafe (size before relaxing)
 .debug_str     0x00001f6d      0x144 CMakeFiles/Screen_Demo.elf.dir/Drivers/STM32F4xx_HAL_Driver/Src/stm32f4xx_hal_gpio.c.obj
                                0x51c (size before relaxing)
 .debug_str     0x000020b1      0x815 CMakeFiles/Screen_Demo.elf.dir/Drivers/STM32F4xx_HAL_Driver/Src/stm32f4xx_hal_pcd.c.obj
                                0xdec (size before relaxing)
 .debug_str     0x000028c6      0x16c CMakeFiles/Screen_Demo.elf.dir/Drivers/STM32F4xx_HAL_Driver/Src/stm32f4xx_hal_pcd_ex.c.obj
                                0x750 (size before relaxing)
 .debug_str     0x00002a32      0x1ac CMakeFiles/Screen_Demo.elf.dir/Drivers/STM32F4xx_HAL_Driver/Src/stm32f4xx_hal_rcc.c.obj
                                0x742 (size before relaxing)
 .debug_str     0x00002bde      0x56d CMakeFiles/Screen_Demo.elf.dir/Drivers/STM32F4xx_HAL_Driver/Src/stm32f4xx_hal_spi.c.obj
                                0xc24 (size before relaxing)
 .debug_str     0x0000314b      0x474 CMakeFiles/Screen_Demo.elf.dir/Drivers/STM32F4xx_HAL_Driver/Src/stm32f4xx_ll_usb.c.obj
                                0xcc9 (size before relaxing)
 .debug_str     0x000035bf      0x73a CMakeFiles/Screen_Demo.elf.dir/Middlewares/ST/STM32_USB_Device_Library/Class/CDC/Src/usbd_cdc.c.obj
                                0xd9d (size before relaxing)
 .debug_str     0x00003cf9      0x384 CMakeFiles/Screen_Demo.elf.dir/Middlewares/ST/STM32_USB_Device_Library/Core/Src/usbd_core.c.obj
                                0xa01 (size before relaxing)
 .debug_str     0x0000407d      0x155 CMakeFiles/Screen_Demo.elf.dir/Middlewares/ST/STM32_USB_Device_Library/Core/Src/usbd_ctlreq.c.obj
                                0x82c (size before relaxing)
 .debug_str     0x000041d2       0x6d CMakeFiles/Screen_Demo.elf.dir/Middlewares/ST/STM32_USB_Device_Library/Core/Src/usbd_ioreq.c.obj
                                0x701 (size before relaxing)
 .debug_str     0x0000423f       0x67 CMakeFiles/Screen_Demo.elf.dir/USB_DEVICE/App/usb_device.c.obj
                                0x6dc (size before relaxing)
 .debug_str     0x000042a6       0xbe CMakeFiles/Screen_Demo.elf.dir/USB_DEVICE/App/usbd_cdc_if.c.obj
                                0x7f2 (size before relaxing)
 .debug_str     0x00004364      0x18c CMakeFiles/Screen_Demo.elf.dir/USB_DEVICE/App/usbd_desc.c.obj
                                0x488 (size before relaxing)
 .debug_str     0x000044f0       0x8f CMakeFiles/Screen_Demo.elf.dir/USB_DEVICE/Target/usbd_conf.c.obj
                               0x1491 (size before relaxing)

.comment        0x00000000       0x49
 .comment       0x00000000       0x49 CMakeFiles/Screen_Demo.elf.dir/Core/Src/GFX_FUNCTIONS.c.obj
                                 0x4a (size before relaxing)
 .comment       0x00000049       0x4a CMakeFiles/Screen_Demo.elf.dir/Core/Src/ST7735.c.obj
 .comment       0x00000049       0x4a CMakeFiles/Screen_Demo.elf.dir/Core/Src/gpio.c.obj
 .comment       0x00000049       0x4a CMakeFiles/Screen_Demo.elf.dir/Core/Src/main.c.obj
 .comment       0x00000049       0x4a CMakeFiles/Screen_Demo.elf.dir/Core/Src/spi.c.obj
 .comment       0x00000049       0x4a CMakeFiles/Screen_Demo.elf.dir/Core/Src/stm32f4xx_hal_msp.c.obj
 .comment       0x00000049       0x4a CMakeFiles/Screen_Demo.elf.dir/Core/Src/stm32f4xx_it.c.obj
 .comment       0x00000049       0x4a CMakeFiles/Screen_Demo.elf.dir/Core/Src/system_stm32f4xx.c.obj
 .comment       0x00000049       0x4a CMakeFiles/Screen_Demo.elf.dir/Drivers/STM32F4xx_HAL_Driver/Src/stm32f4xx_hal.c.obj
 .comment       0x00000049       0x4a CMakeFiles/Screen_Demo.elf.dir/Drivers/STM32F4xx_HAL_Driver/Src/stm32f4xx_hal_cortex.c.obj
 .comment       0x00000049       0x4a CMakeFiles/Screen_Demo.elf.dir/Drivers/STM32F4xx_HAL_Driver/Src/stm32f4xx_hal_gpio.c.obj
 .comment       0x00000049       0x4a CMakeFiles/Screen_Demo.elf.dir/Drivers/STM32F4xx_HAL_Driver/Src/stm32f4xx_hal_pcd.c.obj
 .comment       0x00000049       0x4a CMakeFiles/Screen_Demo.elf.dir/Drivers/STM32F4xx_HAL_Driver/Src/stm32f4xx_hal_pcd_ex.c.obj
 .comment       0x00000049       0x4a CMakeFiles/Screen_Demo.elf.dir/Drivers/STM32F4xx_HAL_Driver/Src/stm32f4xx_hal_rcc.c.obj
 .comment       0x00000049       0x4a CMakeFiles/Screen_Demo.elf.dir/Drivers/STM32F4xx_HAL_Driver/Src/stm32f4xx_hal_spi.c.obj
 .comment       0x00000049       0x4a CMakeFiles/Screen_Demo.elf.dir/Drivers/STM32F4xx_HAL_Driver/Src/stm32f4xx_ll_usb.c.obj
 .comment       0x00000049       0x4a CMakeFiles/Screen_Demo.elf.dir/Middlewares/ST/STM32_USB_Device_Library/Class/CDC/Src/usbd_cdc.c.obj
 .comment       0x00000049       0x4a CMakeFiles/Screen_Demo.elf.dir/Middlewares/ST/STM32_USB_Device_Library/Core/Src/usbd_core.c.obj
 .comment       0x00000049       0x4a CMakeFiles/Screen_Demo.elf.dir/Middlewares/ST/STM32_USB_Device_Library/Core/Src/usbd_ctlreq.c.obj
 .comment       0x00000049       0x4a CMakeFiles/Screen_Demo.elf.dir/Middlewares/ST/STM32_USB_Device_Library/Core/Src/usbd_ioreq.c.obj
 .comment       0x00000049       0x4a CMakeFiles/Screen_Demo.elf.dir/USB_DEVICE/App/usb_device.c.obj
 .comment       0x00000049       0x4a CMakeFiles/Screen_Demo.elf.dir/USB_DEVICE/App/usbd_cdc_if.c.obj
 .comment       0x00000049       0x4a CMakeFiles/Screen_Demo.elf.dir/USB_DEVICE/App/usbd_desc.c.obj
 .comment       0x00000049       0x4a CMakeFiles/Screen_Demo.elf.dir/USB_DEVICE/Target/usbd_conf.c.obj

.debug_frame    0x00000000     0x28dc
 .debug_frame   0x00000000      0x430 CMakeFiles/Screen_Demo.elf.dir/Core/Src/GFX_FUNCTIONS.c.obj
 .debug_frame   0x00000430      0x210 CMakeFiles/Screen_Demo.elf.dir/Core/Src/ST7735.c.obj
 .debug_frame   0x00000640       0x34 CMakeFiles/Screen_Demo.elf.dir/Core/Src/gpio.c.obj
 .debug_frame   0x00000674       0x70 CMakeFiles/Screen_Demo.elf.dir/Core/Src/main.c.obj
 .debug_frame   0x000006e4       0x60 CMakeFiles/Screen_Demo.elf.dir/Core/Src/spi.c.obj
 .debug_frame   0x00000744       0x28 CMakeFiles/Screen_Demo.elf.dir/Core/Src/stm32f4xx_hal_msp.c.obj
 .debug_frame   0x0000076c       0xc0 CMakeFiles/Screen_Demo.elf.dir/Core/Src/stm32f4xx_it.c.obj
 .debug_frame   0x0000082c       0x30 CMakeFiles/Screen_Demo.elf.dir/Core/Src/system_stm32f4xx.c.obj
 .debug_frame   0x0000085c      0x1ec CMakeFiles/Screen_Demo.elf.dir/Drivers/STM32F4xx_HAL_Driver/Src/stm32f4xx_hal.c.obj